0	zero byte favicon	http://a001.buc.gts.kdn.bitdefender.net/
0	zero byte favicon	http://a001bucgts.kdn.bitdefender.net/
0	zero byte favicon	http://a002bucgts.kdn.bitdefender.net/
0	zero byte favicon	http://a003bucgts.kdn.bitdefender.net/
0	zero byte favicon	http://a005bucgts.kdn.bitdefender.net/
0	zero byte favicon	http://beta.mdm-ios.bitdefender.net/
0	zero byte favicon	http://mdm-ios.bitdefender.net/
0	zero byte favicon	https://a001.buc.gts.kdn.bitdefender.net/
0	zero byte favicon	https://a001bucgts.kdn.bitdefender.net/
0	zero byte favicon	https://a002bucgts.kdn.bitdefender.net/
0	zero byte favicon	https://a003bucgts.kdn.bitdefender.net/
0	zero byte favicon	https://a004bucgts.kdn.bitdefender.net/
0	zero byte favicon	https://a005bucgts.kdn.bitdefender.net/
0	zero byte favicon	https://a020bucgts.kdn.bitdefender.net/
0	zero byte favicon	https://a021bucgts.kdn.bitdefender.net/
0	zero byte favicon	https://beta.mdm-ios.bitdefender.net/
0	zero byte favicon	https://mdm-ios.bitdefender.net/
d41d8cd98f00b204e9800998ecf8427e	zero byte favicon	http://a001.buc.gts.kdn.bitdefender.net/
d41d8cd98f00b204e9800998ecf8427e	zero byte favicon	http://a001bucgts.kdn.bitdefender.net/
d41d8cd98f00b204e9800998ecf8427e	zero byte favicon	http://a002bucgts.kdn.bitdefender.net/
d41d8cd98f00b204e9800998ecf8427e	zero byte favicon	http://a003bucgts.kdn.bitdefender.net/
d41d8cd98f00b204e9800998ecf8427e	zero byte favicon	http://a005bucgts.kdn.bitdefender.net/
d41d8cd98f00b204e9800998ecf8427e	zero byte favicon	http://beta.mdm-ios.bitdefender.net/
d41d8cd98f00b204e9800998ecf8427e	zero byte favicon	http://mdm-ios.bitdefender.net/
d41d8cd98f00b204e9800998ecf8427e	zero byte favicon	https://a001.buc.gts.kdn.bitdefender.net/
d41d8cd98f00b204e9800998ecf8427e	zero byte favicon	https://a001bucgts.kdn.bitdefender.net/
d41d8cd98f00b204e9800998ecf8427e	zero byte favicon	https://a002bucgts.kdn.bitdefender.net/
d41d8cd98f00b204e9800998ecf8427e	zero byte favicon	https://a003bucgts.kdn.bitdefender.net/
d41d8cd98f00b204e9800998ecf8427e	zero byte favicon	https://a004bucgts.kdn.bitdefender.net/
d41d8cd98f00b204e9800998ecf8427e	zero byte favicon	https://a005bucgts.kdn.bitdefender.net/
d41d8cd98f00b204e9800998ecf8427e	zero byte favicon	https://a020bucgts.kdn.bitdefender.net/
d41d8cd98f00b204e9800998ecf8427e	zero byte favicon	https://a021bucgts.kdn.bitdefender.net/
d41d8cd98f00b204e9800998ecf8427e	zero byte favicon	https://beta.mdm-ios.bitdefender.net/
d41d8cd98f00b204e9800998ecf8427e	zero byte favicon	https://mdm-ios.bitdefender.net/
