116323821	springboot	http://creative.lazada.co.id/
116323821	springboot	http://cs.lazada.co.id/
116323821	springboot	http://filebroker.lazada.co.id/
116323821	springboot	http://ifs.lazada.co.id/
116323821	springboot	http://lighthouse.lazada.co.id/
116323821	springboot	http://pdpdesc-m.lazada.co.id/
116323821	springboot	http://s.lazada.co.id/
116323821	springboot	http://topup.lazada.co.id/
116323821	springboot	http://union.lazada.co.id/
116323821	springboot	https://creative.lazada.co.id/
116323821	springboot	https://cs.lazada.co.id/
116323821	springboot	https://filebroker.lazada.co.id/
116323821	springboot	https://ifs.lazada.co.id/
116323821	springboot	https://lighthouse.lazada.co.id/
116323821	springboot	https://pdpdesc-m.lazada.co.id/
116323821	springboot	https://s.lazada.co.id/
116323821	springboot	https://topup.lazada.co.id/
116323821	springboot	https://union.lazada.co.id/
e71ed563d9c0742ee87ad93ec1a22238	springboot	http://creative.lazada.co.id/
e71ed563d9c0742ee87ad93ec1a22238	springboot	http://cs.lazada.co.id/
e71ed563d9c0742ee87ad93ec1a22238	springboot	http://filebroker.lazada.co.id/
e71ed563d9c0742ee87ad93ec1a22238	springboot	http://ifs.lazada.co.id/
e71ed563d9c0742ee87ad93ec1a22238	springboot	http://lighthouse.lazada.co.id/
e71ed563d9c0742ee87ad93ec1a22238	springboot	http://pdpdesc-m.lazada.co.id/
e71ed563d9c0742ee87ad93ec1a22238	springboot	http://s.lazada.co.id/
e71ed563d9c0742ee87ad93ec1a22238	springboot	http://topup.lazada.co.id/
e71ed563d9c0742ee87ad93ec1a22238	springboot	http://union.lazada.co.id/
e71ed563d9c0742ee87ad93ec1a22238	springboot	https://creative.lazada.co.id/
e71ed563d9c0742ee87ad93ec1a22238	springboot	https://cs.lazada.co.id/
e71ed563d9c0742ee87ad93ec1a22238	springboot	https://filebroker.lazada.co.id/
e71ed563d9c0742ee87ad93ec1a22238	springboot	https://ifs.lazada.co.id/
e71ed563d9c0742ee87ad93ec1a22238	springboot	https://lighthouse.lazada.co.id/
e71ed563d9c0742ee87ad93ec1a22238	springboot	https://pdpdesc-m.lazada.co.id/
e71ed563d9c0742ee87ad93ec1a22238	springboot	https://s.lazada.co.id/
e71ed563d9c0742ee87ad93ec1a22238	springboot	https://topup.lazada.co.id/
e71ed563d9c0742ee87ad93ec1a22238	springboot	https://union.lazada.co.id/
