-1279294674	zendesk-support	http://help.soundcloud.com/
-1279294674	zendesk-support	https://help.soundcloud.com/
0	zero byte favicon	http://o.pwt.soundcloud.com/
0	zero byte favicon	http://p.pwt.soundcloud.com/
0	zero byte favicon	http://post.pwt.soundcloud.com/
0	zero byte favicon	http://pwt.soundcloud.com/
0	zero byte favicon	http://s.pwt.soundcloud.com/
0	zero byte favicon	http://u.pwt.soundcloud.com/
0	zero byte favicon	https://o.pwt.soundcloud.com/
0	zero byte favicon	https://p.pwt.soundcloud.com/
0	zero byte favicon	https://post.pwt.soundcloud.com/
0	zero byte favicon	https://pwt.soundcloud.com/
0	zero byte favicon	https://s.pwt.soundcloud.com/
0	zero byte favicon	https://u.pwt.soundcloud.com/
1f2804bd63515db219aeea50f61df277	zendesk-support	http://help.soundcloud.com/
1f2804bd63515db219aeea50f61df277	zendesk-support	https://help.soundcloud.com/
d41d8cd98f00b204e9800998ecf8427e	zero byte favicon	http://o.pwt.soundcloud.com/
d41d8cd98f00b204e9800998ecf8427e	zero byte favicon	http://p.pwt.soundcloud.com/
d41d8cd98f00b204e9800998ecf8427e	zero byte favicon	http://post.pwt.soundcloud.com/
d41d8cd98f00b204e9800998ecf8427e	zero byte favicon	http://pwt.soundcloud.com/
d41d8cd98f00b204e9800998ecf8427e	zero byte favicon	http://s.pwt.soundcloud.com/
d41d8cd98f00b204e9800998ecf8427e	zero byte favicon	http://u.pwt.soundcloud.com/
d41d8cd98f00b204e9800998ecf8427e	zero byte favicon	https://o.pwt.soundcloud.com/
d41d8cd98f00b204e9800998ecf8427e	zero byte favicon	https://p.pwt.soundcloud.com/
d41d8cd98f00b204e9800998ecf8427e	zero byte favicon	https://post.pwt.soundcloud.com/
d41d8cd98f00b204e9800998ecf8427e	zero byte favicon	https://pwt.soundcloud.com/
d41d8cd98f00b204e9800998ecf8427e	zero byte favicon	https://s.pwt.soundcloud.com/
d41d8cd98f00b204e9800998ecf8427e	zero byte favicon	https://u.pwt.soundcloud.com/
