0	zero byte favicon	https://idcheck.acs.touchtechpayments.com/
0	zero byte favicon	https://macs.dev.touchtechpayments.com/
0	zero byte favicon	https://macs.staging.touchtechpayments.com/
0	zero byte favicon	https://macs.touchtechpayments.com/
0	zero byte favicon	https://verifiedbyvisa.acs.touchtechpayments.com/
116323821	springboot	https://n26-ice.dev.touchtechpayments.com/
116323821	springboot	https://poll.staging.touchtechpayments.com/
116323821	springboot	https://poll.touchtechpayments.com/
116323821	springboot	https://retry.touchtechpayments.com/
116323821	springboot	https://revolut-ice.staging.touchtechpayments.com/
116323821	springboot	https://sandbox.acs.touchtechpayments.com/
d41d8cd98f00b204e9800998ecf8427e	zero byte favicon	https://idcheck.acs.touchtechpayments.com/
d41d8cd98f00b204e9800998ecf8427e	zero byte favicon	https://macs.dev.touchtechpayments.com/
d41d8cd98f00b204e9800998ecf8427e	zero byte favicon	https://macs.staging.touchtechpayments.com/
d41d8cd98f00b204e9800998ecf8427e	zero byte favicon	https://macs.touchtechpayments.com/
d41d8cd98f00b204e9800998ecf8427e	zero byte favicon	https://verifiedbyvisa.acs.touchtechpayments.com/
e71ed563d9c0742ee87ad93ec1a22238	springboot	https://n26-ice.dev.touchtechpayments.com/
e71ed563d9c0742ee87ad93ec1a22238	springboot	https://poll.staging.touchtechpayments.com/
e71ed563d9c0742ee87ad93ec1a22238	springboot	https://poll.touchtechpayments.com/
e71ed563d9c0742ee87ad93ec1a22238	springboot	https://retry.touchtechpayments.com/
e71ed563d9c0742ee87ad93ec1a22238	springboot	https://revolut-ice.staging.touchtechpayments.com/
e71ed563d9c0742ee87ad93ec1a22238	springboot	https://sandbox.acs.touchtechpayments.com/
