-1298108480	yii php framework (default favicon)	http://wps.be.xiaomi.com:80/
-1298108480	yii php framework (default favicon)	https://wps.be.xiaomi.com:443/
-297069493	apache tomcat	http://ams-pdad.pt.xiaomi.com:80/
-297069493	apache tomcat	https://ams-pdad.pt.xiaomi.com:443/
-927895498	xiaomi	http://ad.pandora.xiaomi.com:80/
-927895498	xiaomi	http://backend.xiaomi.com:80/
-927895498	xiaomi	http://bgp.pandora.xiaomi.com:80/
-927895498	xiaomi	http://bgp.tv.pandora.xiaomi.com:80/
-927895498	xiaomi	http://bss.pandora.xiaomi.com:80/
-927895498	xiaomi	http://c1.pandora.xiaomi.com:80/
-927895498	xiaomi	http://c3-cnc.pandora.xiaomi.com:80/
-927895498	xiaomi	http://c3.pandora.xiaomi.com:80/
-927895498	xiaomi	http://c4.pandora.xiaomi.com:80/
-927895498	xiaomi	http://cnc.pandora.xiaomi.com:80/
-927895498	xiaomi	http://comc3l7.pandora.xiaomi.com:80/
-927895498	xiaomi	http://comc5l7.pandora.xiaomi.com:80/
-927895498	xiaomi	http://ctc.tv.pandora.xiaomi.com:80/
-927895498	xiaomi	http://dms.xiaomi.com:80/
-927895498	xiaomi	http://dvb.pandora.xiaomi.com:80/
-927895498	xiaomi	http://dvb.recognize.pandora.xiaomi.com:80/
-927895498	xiaomi	http://gstat.pandora.xiaomi.com:80/
-927895498	xiaomi	http://huodong.xiaomi.com:80/
-927895498	xiaomi	http://i.huodong.xiaomi.com:80/
-927895498	xiaomi	http://in.zhuti.designer.intl.xiaomi.com:80/
-927895498	xiaomi	http://ipv4.account.xiaomi.com:80/
-927895498	xiaomi	http://jellyfish.pandora.xiaomi.com:80/
-927895498	xiaomi	http://lg-bgp-misc.pandora.xiaomi.com:80/
-927895498	xiaomi	http://log.pandora.xiaomi.com:80/
-927895498	xiaomi	http://m.bss.pandora.xiaomi.com:80/
-927895498	xiaomi	http://medial7.pandora.xiaomi.com:80/
-927895498	xiaomi	http://milink.pandora.xiaomi.com:80/
-927895498	xiaomi	http://mob.pandora.xiaomi.com:80/
-927895498	xiaomi	http://mon.be.xiaomi.com:80/
-927895498	xiaomi	http://monitor.pandora.xiaomi.com:80/
-927895498	xiaomi	http://mp.xiaomi.com/
-927895498	xiaomi	http://mp.xiaomi.com:80/
-927895498	xiaomi	http://my.xiaomi.com:80/
-927895498	xiaomi	http://ota.cdn.pandora.xiaomi.com:80/
-927895498	xiaomi	http://ota.cdn.pandora.xiaomi.com:8001/
-927895498	xiaomi	http://ota.cdn.pandora.xiaomi.com:8080/
-927895498	xiaomi	http://ota.cdn.pandora.xiaomi.com:8081/
-927895498	xiaomi	http://ota.cdn.pandora.xiaomi.com:8088/
-927895498	xiaomi	http://ota.cdn.pandora.xiaomi.com:8089/
-927895498	xiaomi	http://ota.cdn.pandora.xiaomi.com:8090/
-927895498	xiaomi	http://ota.cdn.pandora.xiaomi.com:8099/
-927895498	xiaomi	http://ottl7-l2.pandora.xiaomi.com:80/
-927895498	xiaomi	http://ottl7.pandora.xiaomi.com:80/
-927895498	xiaomi	http://ptmi.gitv.pandora.xiaomi.com:80/
-927895498	xiaomi	http://scraper.pandora.xiaomi.com:80/
-927895498	xiaomi	http://service.order.xiaomi.com:80/
-927895498	xiaomi	http://serviceapi.pay.xiaomi.com:80/
-927895498	xiaomi	http://sjs.ptmi.gitv.pandora.xiaomi.com:80/
-927895498	xiaomi	http://soundbar.pandora.xiaomi.com:80/
-927895498	xiaomi	http://staging.mp.xiaomi.com:80/
-927895498	xiaomi	http://starfish.pandora.xiaomi.com:80/
-927895498	xiaomi	http://test.account.xiaomi.com:80/
-927895498	xiaomi	http://upgrade.pandora.xiaomi.com:80/
-927895498	xiaomi	http://user.pandora.xiaomi.com:80/
-927895498	xiaomi	http://v2.t001.ottcn.pandora.xiaomi.com:80/
-927895498	xiaomi	http://www.xiaomi.com:80/
-927895498	xiaomi	http://xiaomi.com:80/
-927895498	xiaomi	http://zhuti.designer.intl.xiaomi.com:80/
-927895498	xiaomi	https://ad.pandora.xiaomi.com:443/
-927895498	xiaomi	https://api-translator.pandora.xiaomi.com:443/
-927895498	xiaomi	https://api.scraper.pandora.xiaomi.com:443/
-927895498	xiaomi	https://appstore.pandora.xiaomi.com:443/
-927895498	xiaomi	https://b2capi.pay.xiaomi.com:443/
-927895498	xiaomi	https://backend.xiaomi.com:443/
-927895498	xiaomi	https://bgp.pandora.xiaomi.com:443/
-927895498	xiaomi	https://bgp.tv.pandora.xiaomi.com:443/
-927895498	xiaomi	https://box.pandora.xiaomi.com:443/
-927895498	xiaomi	https://bsp.misc.pandora.xiaomi.com:443/
-927895498	xiaomi	https://bsp.sasdc.pandora.xiaomi.com:443/
-927895498	xiaomi	https://bss.pandora.xiaomi.com:443/
-927895498	xiaomi	https://c1.pandora.xiaomi.com:443/
-927895498	xiaomi	https://c3-cnc.pandora.xiaomi.com:443/
-927895498	xiaomi	https://c3.pandora.xiaomi.com:443/
-927895498	xiaomi	https://c4.pandora.xiaomi.com:443/
-927895498	xiaomi	https://cnc.pandora.xiaomi.com:443/
-927895498	xiaomi	https://comc3l7.pandora.xiaomi.com:443/
-927895498	xiaomi	https://comc5l7.pandora.xiaomi.com:443/
-927895498	xiaomi	https://ctc.tv.pandora.xiaomi.com:443/
-927895498	xiaomi	https://de.pandora.xiaomi.com:443/
-927895498	xiaomi	https://dms.xiaomi.com:443/
-927895498	xiaomi	https://dvb.pandora.xiaomi.com:443/
-927895498	xiaomi	https://dvb.recognize.pandora.xiaomi.com:443/
-927895498	xiaomi	https://gallery.cp.pandora.xiaomi.com:443/
-927895498	xiaomi	https://gallery.pandora.xiaomi.com:443/
-927895498	xiaomi	https://gstat.pandora.xiaomi.com:443/
-927895498	xiaomi	https://gw.pay.xiaomi.com:443/
-927895498	xiaomi	https://gw8.pay.xiaomi.com:443/
-927895498	xiaomi	https://huodong.xiaomi.com:443/
-927895498	xiaomi	https://in.zhuti.designer.intl.xiaomi.com:443/
-927895498	xiaomi	https://ipv4.account.xiaomi.com:443/
-927895498	xiaomi	https://jellyfish.pandora.xiaomi.com:443/
-927895498	xiaomi	https://lg-bgp-misc.pandora.xiaomi.com:443/
-927895498	xiaomi	https://log.pandora.xiaomi.com:443/
-927895498	xiaomi	https://m.bss.pandora.xiaomi.com:443/
-927895498	xiaomi	https://mantual.pandora.xiaomi.com:443/
-927895498	xiaomi	https://milink.pandora.xiaomi.com:443/
-927895498	xiaomi	https://miuiapi.pay.xiaomi.com:443/
-927895498	xiaomi	https://mob.pandora.xiaomi.com:443/
-927895498	xiaomi	https://mobilevideo.kuai.dataserv.pandora.xiaomi.com:443/
-927895498	xiaomi	https://mon.be.xiaomi.com:443/
-927895498	xiaomi	https://monitor.pandora.xiaomi.com:443/
-927895498	xiaomi	https://mp.xiaomi.com/
-927895498	xiaomi	https://mp.xiaomi.com:443/
-927895498	xiaomi	https://my.xiaomi.com:443/
-927895498	xiaomi	https://ota.cdn.pandora.xiaomi.com:443/
-927895498	xiaomi	https://ottl7-l2.pandora.xiaomi.com:443/
-927895498	xiaomi	https://ottl7.pandora.xiaomi.com:443/
-927895498	xiaomi	https://p.www.xiaomi.com:443/
-927895498	xiaomi	https://ptmi.gitv.pandora.xiaomi.com:443/
-927895498	xiaomi	https://scraper.pandora.xiaomi.com:443/
-927895498	xiaomi	https://serviceapi.pay.xiaomi.com:443/
-927895498	xiaomi	https://sharemserver.pandora.xiaomi.com:443/
-927895498	xiaomi	https://sjs.ptmi.gitv.pandora.xiaomi.com:443/
-927895498	xiaomi	https://soundbar.pandora.xiaomi.com:443/
-927895498	xiaomi	https://staging.mp.xiaomi.com:443/
-927895498	xiaomi	https://tv.weixin.pandora.xiaomi.com:443/
-927895498	xiaomi	https://tvmanager.pandora.xiaomi.com:443/
-927895498	xiaomi	https://tvmgr.pandora.xiaomi.com:443/
-927895498	xiaomi	https://tvstat.pandora.xiaomi.com:443/
-927895498	xiaomi	https://upgrade.mishop.pandora.xiaomi.com:443/
-927895498	xiaomi	https://upgrade.pandora.xiaomi.com:443/
-927895498	xiaomi	https://user.pandora.xiaomi.com:443/
-927895498	xiaomi	https://v2.t001.ottcn.pandora.xiaomi.com:443/
-927895498	xiaomi	https://www.xiaomi.com:443/
-927895498	xiaomi	https://xiaomi.com:443/
-927895498	xiaomi	https://zhuti.designer.intl.xiaomi.com:443/
0	zero byte favicon	http://a0.app.xiaomi.com:80/
0	zero byte favicon	http://api.ad.intl.xiaomi.com:80/
0	zero byte favicon	http://api.ad.xiaomi.com:80/
0	zero byte favicon	http://api.designer.xiaomi.com:80/
0	zero byte favicon	http://api.developer.xiaomi.com:80/
0	zero byte favicon	http://api.miui.security.xiaomi.com:80/
0	zero byte favicon	http://api.pay.xiaomi.com:80/
0	zero byte favicon	http://api.zhuti.intl.xiaomi.com:80/
0	zero byte favicon	http://api.zhuti.xiaomi.com:80/
0	zero byte favicon	http://app.market.xiaomi.com:80/
0	zero byte favicon	http://app.wallpaper.cdn.pandora.xiaomi.com:80/
0	zero byte favicon	http://app.wallpaper.cdn.pandora.xiaomi.com:8001/
0	zero byte favicon	http://app.wallpaper.cdn.pandora.xiaomi.com:8080/
0	zero byte favicon	http://app.wallpaper.cdn.pandora.xiaomi.com:8081/
0	zero byte favicon	http://app.wallpaper.cdn.pandora.xiaomi.com:8088/
0	zero byte favicon	http://app.wallpaper.cdn.pandora.xiaomi.com:8089/
0	zero byte favicon	http://app.wallpaper.cdn.pandora.xiaomi.com:8090/
0	zero byte favicon	http://app.wallpaper.cdn.pandora.xiaomi.com:8099/
0	zero byte favicon	http://app.xiaomi.com:80/
0	zero byte favicon	http://apps.xiaomi.com:80/
0	zero byte favicon	http://b.pay.xiaomi.com:80/
0	zero byte favicon	http://b0.market.xiaomi.com:80/
0	zero byte favicon	http://b1.market.xiaomi.com:80/
0	zero byte favicon	http://b2.market.xiaomi.com:80/
0	zero byte favicon	http://b3.market.xiaomi.com:80/
0	zero byte favicon	http://b4.market.xiaomi.com:80/
0	zero byte favicon	http://b5.market.xiaomi.com:80/
0	zero byte favicon	http://b6.market.xiaomi.com:80/
0	zero byte favicon	http://b7.market.xiaomi.com:80/
0	zero byte favicon	http://b8.market.xiaomi.com:80/
0	zero byte favicon	http://b9.market.xiaomi.com:80/
0	zero byte favicon	http://bg0.market.xiaomi.com:80/
0	zero byte favicon	http://bg0.market.xiaomi.com:8080/
0	zero byte favicon	http://bg1.market.xiaomi.com:80/
0	zero byte favicon	http://ccc.sys.intl.xiaomi.com:80/
0	zero byte favicon	http://contract.shopapi.xiaomi.com/
0	zero byte favicon	http://contract.shopapi.xiaomi.com:80/
0	zero byte favicon	http://cs.pt.xiaomi.com:80/
0	zero byte favicon	http://custom.zhuti.xiaomi.com:80/
0	zero byte favicon	http://designer.xiaomi.com:80/
0	zero byte favicon	http://dev.xiaomi.com:80/
0	zero byte favicon	http://developer.xiaomi.com:80/
0	zero byte favicon	http://drm.market.intl.xiaomi.com/
0	zero byte favicon	http://drm.market.intl.xiaomi.com:80/
0	zero byte favicon	http://drm.market.xiaomi.com/
0	zero byte favicon	http://drm.market.xiaomi.com:80/
0	zero byte favicon	http://en.designer.xiaomi.com:80/
0	zero byte favicon	http://extranet.ap-south-1.miui-l7-middle.b207yqdrsy.elb.xiaomi.com:80/
0	zero byte favicon	http://extranet.ap-south-1.miui-l7-middle.hxyhdqwoey.elb.xiaomi.com:80/
0	zero byte favicon	http://extranet.ap-south-1.miui-l7-middle.vab1p8mnqy.elb.xiaomi.com:80/
0	zero byte favicon	http://extranet.ap-southeast-1.miui-l7-browser.4u6kki1iuk.elb.xiaomi.com:80/
0	zero byte favicon	http://extranet.ap-southeast-1.miui-l7-browser.9rv1ldj0yi.elb.xiaomi.com:80/
0	zero byte favicon	http://extranet.ap-southeast-1.miui-l7-browser.c8ypuirvbs.elb.xiaomi.com:80/
0	zero byte favicon	http://extranet.ap-southeast-1.miui-l7-browser.egp2iatnbr.elb.xiaomi.com:80/
0	zero byte favicon	http://extranet.ap-southeast-1.miui-l7-browser.mq5m5xp2rn.elb.xiaomi.com:80/
0	zero byte favicon	http://extranet.ap-southeast-1.miui-l7-bsp-jupiter.fonnbp75bx.elb.xiaomi.com:80/
0	zero byte favicon	http://extranet.ap-southeast-1.miui-l7-bsp-jupiter.hmcyoomggf.elb.xiaomi.com:80/
0	zero byte favicon	http://extranet.ap-southeast-1.miui-l7-middle.flhmv7hsdq.elb.xiaomi.com:80/
0	zero byte favicon	http://extranet.ap-southeast-1.miui-l7-middle.g5jt2g7t5o.elb.xiaomi.com:80/
0	zero byte favicon	http://extranet.c3.miui-l7-bsp-jupiter.chunol2d0f.elb.xiaomi.com:80/
0	zero byte favicon	http://extranet.c3.miui-l7-bsp-jupiter.rgp957hnij.elb.xiaomi.com:80/
0	zero byte favicon	http://extranet.c3.miui-l7-bsp-jupiter.xywzqqtomy.elb.xiaomi.com:80/
0	zero byte favicon	http://extranet.c3.miui-l7-vip.4iurt3sqql.elb.xiaomi.com:80/
0	zero byte favicon	http://extranet.c4.miui-l7-bsp-jupiter.dbuxvaim4z.elb.xiaomi.com:80/
0	zero byte favicon	http://extranet.c4.miui-l7-vip.2tvizjzldf.elb.xiaomi.com:80/
0	zero byte favicon	http://extranet.eu-east-1.miui-l7-bsp-jupiter.jdvyzqar46.elb.xiaomi.com:80/
0	zero byte favicon	http://extranet.eu-east-1.miui-l7-middle.8nlzhusin5.elb.xiaomi.com:80/
0	zero byte favicon	http://extranet.eu-east-1.miui-l7-middle.a3puvfl1ik.elb.xiaomi.com:80/
0	zero byte favicon	http://extranet.eu-east-1.miui-l7-middle.dwddxgqyqv.elb.xiaomi.com:80/
0	zero byte favicon	http://extranet.eu-east-1.miui-l7-middle.kekfw3jui8.elb.xiaomi.com:80/
0	zero byte favicon	http://f1.market.xiaomi.com:80/
0	zero byte favicon	http://f10.market.xiaomi.com:80/
0	zero byte favicon	http://f10.market.xiaomi.com:8080/
0	zero byte favicon	http://f10.market.xiaomi.com:8180/
0	zero byte favicon	http://f11.market.xiaomi.com:80/
0	zero byte favicon	http://f12.market.xiaomi.com:80/
0	zero byte favicon	http://f13.market.xiaomi.com:80/
0	zero byte favicon	http://f14.market.xiaomi.com:80/
0	zero byte favicon	http://f16.market.xiaomi.com:80/
0	zero byte favicon	http://f17.market.xiaomi.com:80/
0	zero byte favicon	http://f19.market.xiaomi.com:80/
0	zero byte favicon	http://f2.market.xiaomi.com:80/
0	zero byte favicon	http://f3.market.xiaomi.com:80/
0	zero byte favicon	http://f4.market.xiaomi.com:80/
0	zero byte favicon	http://f4.market.xiaomi.com:8080/
0	zero byte favicon	http://f4.market.xiaomi.com:8180/
0	zero byte favicon	http://f5.market.xiaomi.com:80/
0	zero byte favicon	http://f6.market.xiaomi.com:80/
0	zero byte favicon	http://f7.market.xiaomi.com:80/
0	zero byte favicon	http://f8.market.xiaomi.com:80/
0	zero byte favicon	http://f9.market.xiaomi.com:80/
0	zero byte favicon	http://fcw.pay.xiaomi.com:80/
0	zero byte favicon	http://ff0.market.xiaomi.com:80/
0	zero byte favicon	http://fga1.market.xiaomi.com:80/
0	zero byte favicon	http://fgb0.market.xiaomi.com:80/
0	zero byte favicon	http://fgb0.market.xiaomi.com:8080/
0	zero byte favicon	http://fgb0.market.xiaomi.com:8180/
0	zero byte favicon	http://fgc0.market.xiaomi.com:80/
0	zero byte favicon	http://fgc1.market.xiaomi.com:80/
0	zero byte favicon	http://fgc2.market.xiaomi.com:80/
0	zero byte favicon	http://fgc2.market.xiaomi.com:8080/
0	zero byte favicon	http://fgc2.market.xiaomi.com:8180/
0	zero byte favicon	http://file.market.xiaomi.com:80/
0	zero byte favicon	http://fn.market.xiaomi.com:80/
0	zero byte favicon	http://g0.market.xiaomi.com:80/
0	zero byte favicon	http://game2.recharge.pay.xiaomi.com:80/
0	zero byte favicon	http://global.developer.xiaomi.com:80/
0	zero byte favicon	http://global.market.xiaomi.com:80/
0	zero byte favicon	http://globalapi.ad.xiaomi.com:80/
0	zero byte favicon	http://globalnileapi.market.xiaomi.com:80/
0	zero byte favicon	http://h0.market.xiaomi.com:80/
0	zero byte favicon	http://h1.market.xiaomi.com:80/
0	zero byte favicon	http://h1.market.xiaomi.com:8080/
0	zero byte favicon	http://h2.market.xiaomi.com:80/
0	zero byte favicon	http://h4.market.xiaomi.com:80/
0	zero byte favicon	http://h5.market.xiaomi.com:80/
0	zero byte favicon	http://h7.market.xiaomi.com:80/
0	zero byte favicon	http://h8.market.xiaomi.com:80/
0	zero byte favicon	http://h9.market.xiaomi.com:80/
0	zero byte favicon	http://hk.mibi.api.xiaomi.com:80/
0	zero byte favicon	http://hy.game.xiaomi.com:80/
0	zero byte favicon	http://images.cdn.pt.xiaomi.com:80/
0	zero byte favicon	http://images0.cdn.pt.xiaomi.com:80/
0	zero byte favicon	http://images2.cdn.pt.xiaomi.com:80/
0	zero byte favicon	http://images3.cdn.pt.xiaomi.com:80/
0	zero byte favicon	http://images6.cdn.pt.xiaomi.com:80/
0	zero byte favicon	http://land.cname.xiaomi.com:80/
0	zero byte favicon	http://log.ad.xiaomi.com:80/
0	zero byte favicon	http://luckydraw.pay.xiaomi.com:80/
0	zero byte favicon	http://m.app.xiaomi.com:80/
0	zero byte favicon	http://m.hk.mibi.xiaomi.com:80/
0	zero byte favicon	http://m.mibi.xiaomi.com:80/
0	zero byte favicon	http://m.pay.xiaomi.com:80/
0	zero byte favicon	http://m.zhuti.xiaomi.com:80/
0	zero byte favicon	http://market.xiaomi.com/
0	zero byte favicon	http://market.xiaomi.com:80/
0	zero byte favicon	http://mias.market.xiaomi.com:80/
0	zero byte favicon	http://mibi.api.xiaomi.com:80/
0	zero byte favicon	http://mibi.xiaomi.com:80/
0	zero byte favicon	http://mitunes.market.xiaomi.com:80/
0	zero byte favicon	http://nileapi.market.xiaomi.com:80/
0	zero byte favicon	http://ofile.market.xiaomi.com:80/
0	zero byte favicon	http://ofile.market.xiaomi.com:8001/
0	zero byte favicon	http://ofile.market.xiaomi.com:8080/
0	zero byte favicon	http://ofile.market.xiaomi.com:8081/
0	zero byte favicon	http://ofile.market.xiaomi.com:8088/
0	zero byte favicon	http://ofile.market.xiaomi.com:8089/
0	zero byte favicon	http://ofile.market.xiaomi.com:8090/
0	zero byte favicon	http://ofile.market.xiaomi.com:8099/
0	zero byte favicon	http://open.content.pt.xiaomi.com:80/
0	zero byte favicon	http://pay.xiaomi.com:80/
0	zero byte favicon	http://proxy.recharge.pay.xiaomi.com:80/
0	zero byte favicon	http://r.app.xiaomi.com:80/
0	zero byte favicon	http://recharge.pay.xiaomi.com:80/
0	zero byte favicon	http://redpack.pay.xiaomi.com:80/
0	zero byte favicon	http://repos.xiaomi.com:80/
0	zero byte favicon	http://s.pay.xiaomi.com:80/
0	zero byte favicon	http://sf.pay.xiaomi.com/
0	zero byte favicon	http://sf.pay.xiaomi.com:80/
0	zero byte favicon	http://sf0.market.xiaomi.com:80/
0	zero byte favicon	http://sgpapi.ad.intl.xiaomi.com:80/
0	zero byte favicon	http://staging.mifi.pt.xiaomi.com:80/
0	zero byte favicon	http://stat.file.market.xiaomi.com:80/
0	zero byte favicon	http://stat.pay.xiaomi.com:80/
0	zero byte favicon	http://static.pay.xiaomi.com:80/
0	zero byte favicon	http://static.pay.xiaomi.com:8080/
0	zero byte favicon	http://t1.a.market.xiaomi.com:80/
0	zero byte favicon	http://t1.a.market.xiaomi.com:8080/
0	zero byte favicon	http://t1.market.xiaomi.com:80/
0	zero byte favicon	http://t10.market.xiaomi.com:80/
0	zero byte favicon	http://t12.market.xiaomi.com:80/
0	zero byte favicon	http://t13.market.xiaomi.com:80/
0	zero byte favicon	http://t14.market.xiaomi.com:80/
0	zero byte favicon	http://t15.market.xiaomi.com:80/
0	zero byte favicon	http://t18.market.xiaomi.com:80/
0	zero byte favicon	http://t19.market.xiaomi.com:80/
0	zero byte favicon	http://t2.a.market.xiaomi.com:80/
0	zero byte favicon	http://t2.market.xiaomi.com:80/
0	zero byte favicon	http://t3.a.market.xiaomi.com:80/
0	zero byte favicon	http://t3.market.xiaomi.com:80/
0	zero byte favicon	http://t4.a.market.xiaomi.com:80/
0	zero byte favicon	http://t4.market.xiaomi.com:80/
0	zero byte favicon	http://t5.a.market.xiaomi.com:80/
0	zero byte favicon	http://t5.market.xiaomi.com:80/
0	zero byte favicon	http://t6.market.xiaomi.com:80/
0	zero byte favicon	http://t7.market.xiaomi.com:80/
0	zero byte favicon	http://t8.market.xiaomi.com:80/
0	zero byte favicon	http://t9.market.xiaomi.com:80/
0	zero byte favicon	http://thm.market.intl.xiaomi.com:80/
0	zero byte favicon	http://tsmapi.pay.xiaomi.com:80/
0	zero byte favicon	http://utility.recharge.pay.xiaomi.com:80/
0	zero byte favicon	http://v1.market.xiaomi.com:80/
0	zero byte favicon	http://v1.market.xiaomi.com:8080/
0	zero byte favicon	http://v2.market.xiaomi.com:80/
0	zero byte favicon	http://v2.market.xiaomi.com:8080/
0	zero byte favicon	http://vd0.market.xiaomi.com:80/
0	zero byte favicon	http://video.market.xiaomi.com:80/
0	zero byte favicon	http://video.market.xiaomi.com:8080/
0	zero byte favicon	http://video.market.xiaomi.com:8180/
0	zero byte favicon	http://wallpaper.cdn.pandora.xiaomi.com/
0	zero byte favicon	http://wallpaper.cdn.pandora.xiaomi.com:80/
0	zero byte favicon	http://wap.phonerecharge.pay.xiaomi.com:80/
0	zero byte favicon	http://web.recharge.pay.xiaomi.com:80/
0	zero byte favicon	http://www.account.xiaomi.com:80/
0	zero byte favicon	http://yingyong.xiaomi.com:80/
0	zero byte favicon	http://zhuti.intl.xiaomi.com:80/
0	zero byte favicon	https://a0.app.xiaomi.com:443/
0	zero byte favicon	https://api.ad.intl.xiaomi.com:443/
0	zero byte favicon	https://api.ad.xiaomi.com:443/
0	zero byte favicon	https://api.designer.xiaomi.com:443/
0	zero byte favicon	https://api.developer.xiaomi.com:443/
0	zero byte favicon	https://api.miui.security.xiaomi.com:443/
0	zero byte favicon	https://api.pay.xiaomi.com:443/
0	zero byte favicon	https://api.zhuti.intl.xiaomi.com:443/
0	zero byte favicon	https://api.zhuti.xiaomi.com:443/
0	zero byte favicon	https://app.market.xiaomi.com:443/
0	zero byte favicon	https://app.wallpaper.cdn.pandora.xiaomi.com:443/
0	zero byte favicon	https://app.xiaomi.com:443/
0	zero byte favicon	https://b.pay.xiaomi.com:443/
0	zero byte favicon	https://b0.market.xiaomi.com:443/
0	zero byte favicon	https://b1.market.xiaomi.com:443/
0	zero byte favicon	https://b2.market.xiaomi.com:443/
0	zero byte favicon	https://b3.market.xiaomi.com:443/
0	zero byte favicon	https://b4.market.xiaomi.com:443/
0	zero byte favicon	https://b5.market.xiaomi.com:443/
0	zero byte favicon	https://b6.market.xiaomi.com:443/
0	zero byte favicon	https://b7.market.xiaomi.com:443/
0	zero byte favicon	https://b8.market.xiaomi.com:443/
0	zero byte favicon	https://b9.market.xiaomi.com:443/
0	zero byte favicon	https://bbs.xiaomi.com:443/
0	zero byte favicon	https://bg0.market.xiaomi.com:443/
0	zero byte favicon	https://bg1.market.xiaomi.com:443/
0	zero byte favicon	https://cash.pay.xiaomi.com:443/
0	zero byte favicon	https://ccc.sys.intl.xiaomi.com:443/
0	zero byte favicon	https://contract.shopapi.xiaomi.com/
0	zero byte favicon	https://contract.shopapi.xiaomi.com:443/
0	zero byte favicon	https://cs.pt.xiaomi.com:443/
0	zero byte favicon	https://custom.zhuti.xiaomi.com:443/
0	zero byte favicon	https://dev.xiaomi.com:443/
0	zero byte favicon	https://drm.market.intl.xiaomi.com/
0	zero byte favicon	https://drm.market.intl.xiaomi.com:443/
0	zero byte favicon	https://drm.market.xiaomi.com/
0	zero byte favicon	https://drm.market.xiaomi.com:443/
0	zero byte favicon	https://extranet.ap-south-1.miui-l7-middle.b207yqdrsy.elb.xiaomi.com:443/
0	zero byte favicon	https://extranet.ap-south-1.miui-l7-middle.vab1p8mnqy.elb.xiaomi.com:443/
0	zero byte favicon	https://extranet.ap-southeast-1.miui-l7-browser.4u6kki1iuk.elb.xiaomi.com:443/
0	zero byte favicon	https://extranet.ap-southeast-1.miui-l7-browser.9rv1ldj0yi.elb.xiaomi.com:443/
0	zero byte favicon	https://extranet.ap-southeast-1.miui-l7-browser.c8ypuirvbs.elb.xiaomi.com:443/
0	zero byte favicon	https://extranet.ap-southeast-1.miui-l7-browser.egp2iatnbr.elb.xiaomi.com:443/
0	zero byte favicon	https://extranet.ap-southeast-1.miui-l7-browser.mq5m5xp2rn.elb.xiaomi.com:443/
0	zero byte favicon	https://extranet.ap-southeast-1.miui-l7-bsp-jupiter.fonnbp75bx.elb.xiaomi.com:443/
0	zero byte favicon	https://extranet.ap-southeast-1.miui-l7-bsp-jupiter.hmcyoomggf.elb.xiaomi.com:443/
0	zero byte favicon	https://extranet.ap-southeast-1.miui-l7-mgp.bvhawmvgcp.elb.xiaomi.com:443/
0	zero byte favicon	https://extranet.c3.miui-l7-assistant-pt.ghjxaejktw.elb.xiaomi.com:443/
0	zero byte favicon	https://extranet.c3.miui-l7-bsp-jupiter.chunol2d0f.elb.xiaomi.com:443/
0	zero byte favicon	https://extranet.c3.miui-l7-bsp-jupiter.rgp957hnij.elb.xiaomi.com:443/
0	zero byte favicon	https://extranet.c3.miui-l7-bsp-jupiter.xywzqqtomy.elb.xiaomi.com:443/
0	zero byte favicon	https://extranet.c3.miui-l7-vip-xiaomi-cn.ic5znxsxzb.elb.xiaomi.com:443/
0	zero byte favicon	https://extranet.c3.miui-l7-vip-xiaomi-cn.qcuw1esech.elb.xiaomi.com:443/
0	zero byte favicon	https://extranet.c3.miui-l7-vip.4iurt3sqql.elb.xiaomi.com:443/
0	zero byte favicon	https://extranet.c4.miui-l7-vip.2tvizjzldf.elb.xiaomi.com:443/
0	zero byte favicon	https://extranet.eu-east-1.miui-l7-bsp-jupiter.jdvyzqar46.elb.xiaomi.com:443/
0	zero byte favicon	https://f1.market.xiaomi.com:443/
0	zero byte favicon	https://f10.market.xiaomi.com:443/
0	zero byte favicon	https://f11.market.xiaomi.com:443/
0	zero byte favicon	https://f12.market.xiaomi.com:443/
0	zero byte favicon	https://f13.market.xiaomi.com:443/
0	zero byte favicon	https://f14.market.xiaomi.com:443/
0	zero byte favicon	https://f16.market.xiaomi.com:443/
0	zero byte favicon	https://f17.market.xiaomi.com:443/
0	zero byte favicon	https://f19.market.xiaomi.com:443/
0	zero byte favicon	https://f2.market.xiaomi.com:443/
0	zero byte favicon	https://f3.market.xiaomi.com:443/
0	zero byte favicon	https://f4.market.xiaomi.com:443/
0	zero byte favicon	https://f5.market.xiaomi.com:443/
0	zero byte favicon	https://f6.market.xiaomi.com:443/
0	zero byte favicon	https://f7.market.xiaomi.com:443/
0	zero byte favicon	https://f8.market.xiaomi.com:443/
0	zero byte favicon	https://f9.market.xiaomi.com:443/
0	zero byte favicon	https://fcw.pay.xiaomi.com:443/
0	zero byte favicon	https://ff0.market.xiaomi.com:443/
0	zero byte favicon	https://fga1.market.xiaomi.com:443/
0	zero byte favicon	https://fgb0.market.xiaomi.com:443/
0	zero byte favicon	https://fgc0.market.xiaomi.com:443/
0	zero byte favicon	https://fgc1.market.xiaomi.com:443/
0	zero byte favicon	https://fgc2.market.xiaomi.com:443/
0	zero byte favicon	https://file.market.xiaomi.com:443/
0	zero byte favicon	https://fn.market.xiaomi.com:443/
0	zero byte favicon	https://g0.market.xiaomi.com:443/
0	zero byte favicon	https://game2.recharge.pay.xiaomi.com:443/
0	zero byte favicon	https://global.developer.xiaomi.com:443/
0	zero byte favicon	https://global.market.xiaomi.com:443/
0	zero byte favicon	https://globalapi.ad.xiaomi.com:443/
0	zero byte favicon	https://globalnileapi.market.xiaomi.com:443/
0	zero byte favicon	https://h0.market.xiaomi.com:443/
0	zero byte favicon	https://h1.market.xiaomi.com:443/
0	zero byte favicon	https://h2.market.xiaomi.com:443/
0	zero byte favicon	https://h4.market.xiaomi.com:443/
0	zero byte favicon	https://h5.market.xiaomi.com:443/
0	zero byte favicon	https://h7.market.xiaomi.com:443/
0	zero byte favicon	https://h8.market.xiaomi.com:443/
0	zero byte favicon	https://h9.market.xiaomi.com:443/
0	zero byte favicon	https://hk.mibi.api.xiaomi.com:443/
0	zero byte favicon	https://hy.game.xiaomi.com:443/
0	zero byte favicon	https://images.cdn.pt.xiaomi.com:443/
0	zero byte favicon	https://images0.cdn.pt.xiaomi.com:443/
0	zero byte favicon	https://images2.cdn.pt.xiaomi.com:443/
0	zero byte favicon	https://images3.cdn.pt.xiaomi.com:443/
0	zero byte favicon	https://images6.cdn.pt.xiaomi.com:443/
0	zero byte favicon	https://log.ad.xiaomi.com:443/
0	zero byte favicon	https://luckydraw.pay.xiaomi.com:443/
0	zero byte favicon	https://m.app.xiaomi.com:443/
0	zero byte favicon	https://m.hk.mibi.xiaomi.com:443/
0	zero byte favicon	https://m.mibi.xiaomi.com:443/
0	zero byte favicon	https://m.pay.xiaomi.com:443/
0	zero byte favicon	https://mias.market.xiaomi.com:443/
0	zero byte favicon	https://mibi.api.xiaomi.com:443/
0	zero byte favicon	https://mibi.xiaomi.com:443/
0	zero byte favicon	https://nileapi.market.xiaomi.com:443/
0	zero byte favicon	https://ofile.market.xiaomi.com:443/
0	zero byte favicon	https://open-schedule.ai.xiaomi.com:443/
0	zero byte favicon	https://open.content.pt.xiaomi.com:443/
0	zero byte favicon	https://pay.xiaomi.com:443/
0	zero byte favicon	https://proxy.recharge.pay.xiaomi.com:443/
0	zero byte favicon	https://r.app.xiaomi.com:443/
0	zero byte favicon	https://recharge.pay.xiaomi.com:443/
0	zero byte favicon	https://redpack.pay.xiaomi.com:443/
0	zero byte favicon	https://repos.xiaomi.com:443/
0	zero byte favicon	https://s.pay.xiaomi.com:443/
0	zero byte favicon	https://sentry.pay.xiaomi.com:443/
0	zero byte favicon	https://sf.pay.xiaomi.com/
0	zero byte favicon	https://sf.pay.xiaomi.com:443/
0	zero byte favicon	https://sf0.market.xiaomi.com:443/
0	zero byte favicon	https://sgpapi.ad.intl.xiaomi.com:443/
0	zero byte favicon	https://stat.file.market.xiaomi.com:443/
0	zero byte favicon	https://stat.pay.xiaomi.com:443/
0	zero byte favicon	https://static.pay.xiaomi.com:443/
0	zero byte favicon	https://t1.a.market.xiaomi.com:443/
0	zero byte favicon	https://t1.market.xiaomi.com:443/
0	zero byte favicon	https://t10.market.xiaomi.com:443/
0	zero byte favicon	https://t12.market.xiaomi.com:443/
0	zero byte favicon	https://t13.market.xiaomi.com:443/
0	zero byte favicon	https://t14.market.xiaomi.com:443/
0	zero byte favicon	https://t15.market.xiaomi.com:443/
0	zero byte favicon	https://t18.market.xiaomi.com:443/
0	zero byte favicon	https://t19.market.xiaomi.com:443/
0	zero byte favicon	https://t2.a.market.xiaomi.com:443/
0	zero byte favicon	https://t2.market.xiaomi.com:443/
0	zero byte favicon	https://t3.a.market.xiaomi.com:443/
0	zero byte favicon	https://t3.market.xiaomi.com:443/
0	zero byte favicon	https://t4.a.market.xiaomi.com:443/
0	zero byte favicon	https://t4.market.xiaomi.com:443/
0	zero byte favicon	https://t5.a.market.xiaomi.com:443/
0	zero byte favicon	https://t5.market.xiaomi.com:443/
0	zero byte favicon	https://t6.market.xiaomi.com:443/
0	zero byte favicon	https://t7.market.xiaomi.com:443/
0	zero byte favicon	https://t8.market.xiaomi.com:443/
0	zero byte favicon	https://t9.market.xiaomi.com:443/
0	zero byte favicon	https://thm.market.intl.xiaomi.com:443/
0	zero byte favicon	https://tsmapi.pay.xiaomi.com:443/
0	zero byte favicon	https://utility.recharge.pay.xiaomi.com:443/
0	zero byte favicon	https://v1.market.xiaomi.com:443/
0	zero byte favicon	https://v2.market.xiaomi.com:443/
0	zero byte favicon	https://vd0.market.xiaomi.com:443/
0	zero byte favicon	https://video.market.xiaomi.com:443/
0	zero byte favicon	https://wallpaper.cdn.pandora.xiaomi.com/
0	zero byte favicon	https://wallpaper.cdn.pandora.xiaomi.com:443/
0	zero byte favicon	https://wap.phonerecharge.pay.xiaomi.com:443/
0	zero byte favicon	https://web.recharge.pay.xiaomi.com:443/
0	zero byte favicon	https://www.account.xiaomi.com:443/
0	zero byte favicon	https://zhuti.intl.xiaomi.com:443/
116323821	springboot	http://account-dcm.ai.xiaomi.com:80/
116323821	springboot	http://ad.quickapp.hybrid.xiaomi.com:80/
116323821	springboot	http://api-translator.pandora.xiaomi.com:80/
116323821	springboot	http://browserapi.market.xiaomi.com:80/
116323821	springboot	http://control.preload.xiaomi.com/
116323821	springboot	http://control.preload.xiaomi.com:80/
116323821	springboot	http://device-proxy.sec.xiaomi.com:80/
116323821	springboot	http://diagnosis.ad.xiaomi.com:80/
116323821	springboot	http://game.ad.xiaomi.com:80/
116323821	springboot	http://global.control.preload.xiaomi.com:80/
116323821	springboot	http://global.video.intl.xiaomi.com:80/
116323821	springboot	http://id.video.intl.xiaomi.com:80/
116323821	springboot	http://maf.be.xiaomi.com:80/
116323821	springboot	http://mal.be.xiaomi.com:80/
116323821	springboot	http://ru.video.intl.xiaomi.com:80/
116323821	springboot	http://ssp.xiaomi.com:80/
116323821	springboot	http://t.app.xiaomi.com:80/
116323821	springboot	http://thm.market.xiaomi.com:80/
116323821	springboot	http://translator.pandora.xiaomi.com:80/
116323821	springboot	http://tz.sec.xiaomi.com:80/
116323821	springboot	https://account-dcm.ai.xiaomi.com:443/
116323821	springboot	https://browserapi.market.xiaomi.com:443/
116323821	springboot	https://control.preload.xiaomi.com/
116323821	springboot	https://control.preload.xiaomi.com:443/
116323821	springboot	https://device-proxy.sec.xiaomi.com:443/
116323821	springboot	https://extranet.ap-southeast-1.mig1-l7-preload.vi13jhvky9.elb.xiaomi.com:443/
116323821	springboot	https://extranet.c3.mig1-l7-preload.a4qd9egdul.elb.xiaomi.com:443/
116323821	springboot	https://game.ad.xiaomi.com:443/
116323821	springboot	https://global.control.preload.xiaomi.com:443/
116323821	springboot	https://global.video.intl.xiaomi.com:443/
116323821	springboot	https://health.hr.xiaomi.com:443/
116323821	springboot	https://id.video.intl.xiaomi.com:443/
116323821	springboot	https://maf.be.xiaomi.com:443/
116323821	springboot	https://mal.be.xiaomi.com:443/
116323821	springboot	https://ru.video.intl.xiaomi.com:443/
116323821	springboot	https://t.app.xiaomi.com:443/
116323821	springboot	https://thm.market.xiaomi.com:443/
116323821	springboot	https://translator.pandora.xiaomi.com:443/
116323821	springboot	https://tz.sec.xiaomi.com:443/
116323821	springboot	https://verify.sec.xiaomi.com:443/
5c86ac7d198a3f67f96e859f58cd1b51	xiaomi	http://ad.pandora.xiaomi.com:80/
5c86ac7d198a3f67f96e859f58cd1b51	xiaomi	http://backend.xiaomi.com:80/
5c86ac7d198a3f67f96e859f58cd1b51	xiaomi	http://bgp.pandora.xiaomi.com:80/
5c86ac7d198a3f67f96e859f58cd1b51	xiaomi	http://bgp.tv.pandora.xiaomi.com:80/
5c86ac7d198a3f67f96e859f58cd1b51	xiaomi	http://bss.pandora.xiaomi.com:80/
5c86ac7d198a3f67f96e859f58cd1b51	xiaomi	http://c1.pandora.xiaomi.com:80/
5c86ac7d198a3f67f96e859f58cd1b51	xiaomi	http://c3-cnc.pandora.xiaomi.com:80/
5c86ac7d198a3f67f96e859f58cd1b51	xiaomi	http://c3.pandora.xiaomi.com:80/
5c86ac7d198a3f67f96e859f58cd1b51	xiaomi	http://c4.pandora.xiaomi.com:80/
5c86ac7d198a3f67f96e859f58cd1b51	xiaomi	http://cnc.pandora.xiaomi.com:80/
5c86ac7d198a3f67f96e859f58cd1b51	xiaomi	http://comc3l7.pandora.xiaomi.com:80/
5c86ac7d198a3f67f96e859f58cd1b51	xiaomi	http://comc5l7.pandora.xiaomi.com:80/
5c86ac7d198a3f67f96e859f58cd1b51	xiaomi	http://ctc.tv.pandora.xiaomi.com:80/
5c86ac7d198a3f67f96e859f58cd1b51	xiaomi	http://dms.xiaomi.com:80/
5c86ac7d198a3f67f96e859f58cd1b51	xiaomi	http://dvb.pandora.xiaomi.com:80/
5c86ac7d198a3f67f96e859f58cd1b51	xiaomi	http://dvb.recognize.pandora.xiaomi.com:80/
5c86ac7d198a3f67f96e859f58cd1b51	xiaomi	http://gstat.pandora.xiaomi.com:80/
5c86ac7d198a3f67f96e859f58cd1b51	xiaomi	http://huodong.xiaomi.com:80/
5c86ac7d198a3f67f96e859f58cd1b51	xiaomi	http://i.huodong.xiaomi.com:80/
5c86ac7d198a3f67f96e859f58cd1b51	xiaomi	http://in.zhuti.designer.intl.xiaomi.com:80/
5c86ac7d198a3f67f96e859f58cd1b51	xiaomi	http://ipv4.account.xiaomi.com:80/
5c86ac7d198a3f67f96e859f58cd1b51	xiaomi	http://jellyfish.pandora.xiaomi.com:80/
5c86ac7d198a3f67f96e859f58cd1b51	xiaomi	http://lg-bgp-misc.pandora.xiaomi.com:80/
5c86ac7d198a3f67f96e859f58cd1b51	xiaomi	http://log.pandora.xiaomi.com:80/
5c86ac7d198a3f67f96e859f58cd1b51	xiaomi	http://m.bss.pandora.xiaomi.com:80/
5c86ac7d198a3f67f96e859f58cd1b51	xiaomi	http://medial7.pandora.xiaomi.com:80/
5c86ac7d198a3f67f96e859f58cd1b51	xiaomi	http://milink.pandora.xiaomi.com:80/
5c86ac7d198a3f67f96e859f58cd1b51	xiaomi	http://mob.pandora.xiaomi.com:80/
5c86ac7d198a3f67f96e859f58cd1b51	xiaomi	http://mon.be.xiaomi.com:80/
5c86ac7d198a3f67f96e859f58cd1b51	xiaomi	http://monitor.pandora.xiaomi.com:80/
5c86ac7d198a3f67f96e859f58cd1b51	xiaomi	http://mp.xiaomi.com/
5c86ac7d198a3f67f96e859f58cd1b51	xiaomi	http://mp.xiaomi.com:80/
5c86ac7d198a3f67f96e859f58cd1b51	xiaomi	http://my.xiaomi.com:80/
5c86ac7d198a3f67f96e859f58cd1b51	xiaomi	http://ota.cdn.pandora.xiaomi.com:80/
5c86ac7d198a3f67f96e859f58cd1b51	xiaomi	http://ota.cdn.pandora.xiaomi.com:8001/
5c86ac7d198a3f67f96e859f58cd1b51	xiaomi	http://ota.cdn.pandora.xiaomi.com:8080/
5c86ac7d198a3f67f96e859f58cd1b51	xiaomi	http://ota.cdn.pandora.xiaomi.com:8081/
5c86ac7d198a3f67f96e859f58cd1b51	xiaomi	http://ota.cdn.pandora.xiaomi.com:8088/
5c86ac7d198a3f67f96e859f58cd1b51	xiaomi	http://ota.cdn.pandora.xiaomi.com:8089/
5c86ac7d198a3f67f96e859f58cd1b51	xiaomi	http://ota.cdn.pandora.xiaomi.com:8090/
5c86ac7d198a3f67f96e859f58cd1b51	xiaomi	http://ota.cdn.pandora.xiaomi.com:8099/
5c86ac7d198a3f67f96e859f58cd1b51	xiaomi	http://ottl7-l2.pandora.xiaomi.com:80/
5c86ac7d198a3f67f96e859f58cd1b51	xiaomi	http://ottl7.pandora.xiaomi.com:80/
5c86ac7d198a3f67f96e859f58cd1b51	xiaomi	http://ptmi.gitv.pandora.xiaomi.com:80/
5c86ac7d198a3f67f96e859f58cd1b51	xiaomi	http://scraper.pandora.xiaomi.com:80/
5c86ac7d198a3f67f96e859f58cd1b51	xiaomi	http://service.order.xiaomi.com:80/
5c86ac7d198a3f67f96e859f58cd1b51	xiaomi	http://serviceapi.pay.xiaomi.com:80/
5c86ac7d198a3f67f96e859f58cd1b51	xiaomi	http://sjs.ptmi.gitv.pandora.xiaomi.com:80/
5c86ac7d198a3f67f96e859f58cd1b51	xiaomi	http://soundbar.pandora.xiaomi.com:80/
5c86ac7d198a3f67f96e859f58cd1b51	xiaomi	http://staging.mp.xiaomi.com:80/
5c86ac7d198a3f67f96e859f58cd1b51	xiaomi	http://starfish.pandora.xiaomi.com:80/
5c86ac7d198a3f67f96e859f58cd1b51	xiaomi	http://test.account.xiaomi.com:80/
5c86ac7d198a3f67f96e859f58cd1b51	xiaomi	http://upgrade.pandora.xiaomi.com:80/
5c86ac7d198a3f67f96e859f58cd1b51	xiaomi	http://user.pandora.xiaomi.com:80/
5c86ac7d198a3f67f96e859f58cd1b51	xiaomi	http://v2.t001.ottcn.pandora.xiaomi.com:80/
5c86ac7d198a3f67f96e859f58cd1b51	xiaomi	http://www.xiaomi.com:80/
5c86ac7d198a3f67f96e859f58cd1b51	xiaomi	http://xiaomi.com:80/
5c86ac7d198a3f67f96e859f58cd1b51	xiaomi	http://zhuti.designer.intl.xiaomi.com:80/
5c86ac7d198a3f67f96e859f58cd1b51	xiaomi	https://ad.pandora.xiaomi.com:443/
5c86ac7d198a3f67f96e859f58cd1b51	xiaomi	https://api-translator.pandora.xiaomi.com:443/
5c86ac7d198a3f67f96e859f58cd1b51	xiaomi	https://api.scraper.pandora.xiaomi.com:443/
5c86ac7d198a3f67f96e859f58cd1b51	xiaomi	https://appstore.pandora.xiaomi.com:443/
5c86ac7d198a3f67f96e859f58cd1b51	xiaomi	https://b2capi.pay.xiaomi.com:443/
5c86ac7d198a3f67f96e859f58cd1b51	xiaomi	https://backend.xiaomi.com:443/
5c86ac7d198a3f67f96e859f58cd1b51	xiaomi	https://bgp.pandora.xiaomi.com:443/
5c86ac7d198a3f67f96e859f58cd1b51	xiaomi	https://bgp.tv.pandora.xiaomi.com:443/
5c86ac7d198a3f67f96e859f58cd1b51	xiaomi	https://box.pandora.xiaomi.com:443/
5c86ac7d198a3f67f96e859f58cd1b51	xiaomi	https://bsp.misc.pandora.xiaomi.com:443/
5c86ac7d198a3f67f96e859f58cd1b51	xiaomi	https://bsp.sasdc.pandora.xiaomi.com:443/
5c86ac7d198a3f67f96e859f58cd1b51	xiaomi	https://bss.pandora.xiaomi.com:443/
5c86ac7d198a3f67f96e859f58cd1b51	xiaomi	https://c1.pandora.xiaomi.com:443/
5c86ac7d198a3f67f96e859f58cd1b51	xiaomi	https://c3-cnc.pandora.xiaomi.com:443/
5c86ac7d198a3f67f96e859f58cd1b51	xiaomi	https://c3.pandora.xiaomi.com:443/
5c86ac7d198a3f67f96e859f58cd1b51	xiaomi	https://c4.pandora.xiaomi.com:443/
5c86ac7d198a3f67f96e859f58cd1b51	xiaomi	https://cnc.pandora.xiaomi.com:443/
5c86ac7d198a3f67f96e859f58cd1b51	xiaomi	https://comc3l7.pandora.xiaomi.com:443/
5c86ac7d198a3f67f96e859f58cd1b51	xiaomi	https://comc5l7.pandora.xiaomi.com:443/
5c86ac7d198a3f67f96e859f58cd1b51	xiaomi	https://ctc.tv.pandora.xiaomi.com:443/
5c86ac7d198a3f67f96e859f58cd1b51	xiaomi	https://de.pandora.xiaomi.com:443/
5c86ac7d198a3f67f96e859f58cd1b51	xiaomi	https://dms.xiaomi.com:443/
5c86ac7d198a3f67f96e859f58cd1b51	xiaomi	https://dvb.pandora.xiaomi.com:443/
5c86ac7d198a3f67f96e859f58cd1b51	xiaomi	https://dvb.recognize.pandora.xiaomi.com:443/
5c86ac7d198a3f67f96e859f58cd1b51	xiaomi	https://gallery.cp.pandora.xiaomi.com:443/
5c86ac7d198a3f67f96e859f58cd1b51	xiaomi	https://gallery.pandora.xiaomi.com:443/
5c86ac7d198a3f67f96e859f58cd1b51	xiaomi	https://gstat.pandora.xiaomi.com:443/
5c86ac7d198a3f67f96e859f58cd1b51	xiaomi	https://gw.pay.xiaomi.com:443/
5c86ac7d198a3f67f96e859f58cd1b51	xiaomi	https://gw8.pay.xiaomi.com:443/
5c86ac7d198a3f67f96e859f58cd1b51	xiaomi	https://huodong.xiaomi.com:443/
5c86ac7d198a3f67f96e859f58cd1b51	xiaomi	https://in.zhuti.designer.intl.xiaomi.com:443/
5c86ac7d198a3f67f96e859f58cd1b51	xiaomi	https://ipv4.account.xiaomi.com:443/
5c86ac7d198a3f67f96e859f58cd1b51	xiaomi	https://jellyfish.pandora.xiaomi.com:443/
5c86ac7d198a3f67f96e859f58cd1b51	xiaomi	https://lg-bgp-misc.pandora.xiaomi.com:443/
5c86ac7d198a3f67f96e859f58cd1b51	xiaomi	https://log.pandora.xiaomi.com:443/
5c86ac7d198a3f67f96e859f58cd1b51	xiaomi	https://m.bss.pandora.xiaomi.com:443/
5c86ac7d198a3f67f96e859f58cd1b51	xiaomi	https://mantual.pandora.xiaomi.com:443/
5c86ac7d198a3f67f96e859f58cd1b51	xiaomi	https://milink.pandora.xiaomi.com:443/
5c86ac7d198a3f67f96e859f58cd1b51	xiaomi	https://miuiapi.pay.xiaomi.com:443/
5c86ac7d198a3f67f96e859f58cd1b51	xiaomi	https://mob.pandora.xiaomi.com:443/
5c86ac7d198a3f67f96e859f58cd1b51	xiaomi	https://mobilevideo.kuai.dataserv.pandora.xiaomi.com:443/
5c86ac7d198a3f67f96e859f58cd1b51	xiaomi	https://mon.be.xiaomi.com:443/
5c86ac7d198a3f67f96e859f58cd1b51	xiaomi	https://monitor.pandora.xiaomi.com:443/
5c86ac7d198a3f67f96e859f58cd1b51	xiaomi	https://mp.xiaomi.com/
5c86ac7d198a3f67f96e859f58cd1b51	xiaomi	https://mp.xiaomi.com:443/
5c86ac7d198a3f67f96e859f58cd1b51	xiaomi	https://my.xiaomi.com:443/
5c86ac7d198a3f67f96e859f58cd1b51	xiaomi	https://ota.cdn.pandora.xiaomi.com:443/
5c86ac7d198a3f67f96e859f58cd1b51	xiaomi	https://ottl7-l2.pandora.xiaomi.com:443/
5c86ac7d198a3f67f96e859f58cd1b51	xiaomi	https://ottl7.pandora.xiaomi.com:443/
5c86ac7d198a3f67f96e859f58cd1b51	xiaomi	https://ptmi.gitv.pandora.xiaomi.com:443/
5c86ac7d198a3f67f96e859f58cd1b51	xiaomi	https://scraper.pandora.xiaomi.com:443/
5c86ac7d198a3f67f96e859f58cd1b51	xiaomi	https://serviceapi.pay.xiaomi.com:443/
5c86ac7d198a3f67f96e859f58cd1b51	xiaomi	https://sharemserver.pandora.xiaomi.com:443/
5c86ac7d198a3f67f96e859f58cd1b51	xiaomi	https://sjs.ptmi.gitv.pandora.xiaomi.com:443/
5c86ac7d198a3f67f96e859f58cd1b51	xiaomi	https://soundbar.pandora.xiaomi.com:443/
5c86ac7d198a3f67f96e859f58cd1b51	xiaomi	https://staging.mp.xiaomi.com:443/
5c86ac7d198a3f67f96e859f58cd1b51	xiaomi	https://tv.weixin.pandora.xiaomi.com:443/
5c86ac7d198a3f67f96e859f58cd1b51	xiaomi	https://tvmanager.pandora.xiaomi.com:443/
5c86ac7d198a3f67f96e859f58cd1b51	xiaomi	https://tvmgr.pandora.xiaomi.com:443/
5c86ac7d198a3f67f96e859f58cd1b51	xiaomi	https://tvstat.pandora.xiaomi.com:443/
5c86ac7d198a3f67f96e859f58cd1b51	xiaomi	https://upgrade.mishop.pandora.xiaomi.com:443/
5c86ac7d198a3f67f96e859f58cd1b51	xiaomi	https://upgrade.pandora.xiaomi.com:443/
5c86ac7d198a3f67f96e859f58cd1b51	xiaomi	https://user.pandora.xiaomi.com:443/
5c86ac7d198a3f67f96e859f58cd1b51	xiaomi	https://v2.t001.ottcn.pandora.xiaomi.com:443/
5c86ac7d198a3f67f96e859f58cd1b51	xiaomi	https://www.xiaomi.com:443/
5c86ac7d198a3f67f96e859f58cd1b51	xiaomi	https://xiaomi.com:443/
5c86ac7d198a3f67f96e859f58cd1b51	xiaomi	https://zhuti.designer.intl.xiaomi.com:443/
d41d8cd98f00b204e9800998ecf8427e	zero byte favicon	http://a0.app.xiaomi.com:80/
d41d8cd98f00b204e9800998ecf8427e	zero byte favicon	http://api.ad.intl.xiaomi.com:80/
d41d8cd98f00b204e9800998ecf8427e	zero byte favicon	http://api.ad.xiaomi.com:80/
d41d8cd98f00b204e9800998ecf8427e	zero byte favicon	http://api.designer.xiaomi.com:80/
d41d8cd98f00b204e9800998ecf8427e	zero byte favicon	http://api.developer.xiaomi.com:80/
d41d8cd98f00b204e9800998ecf8427e	zero byte favicon	http://api.miui.security.xiaomi.com:80/
d41d8cd98f00b204e9800998ecf8427e	zero byte favicon	http://api.pay.xiaomi.com:80/
d41d8cd98f00b204e9800998ecf8427e	zero byte favicon	http://api.zhuti.intl.xiaomi.com:80/
d41d8cd98f00b204e9800998ecf8427e	zero byte favicon	http://api.zhuti.xiaomi.com:80/
d41d8cd98f00b204e9800998ecf8427e	zero byte favicon	http://app.market.xiaomi.com:80/
d41d8cd98f00b204e9800998ecf8427e	zero byte favicon	http://app.wallpaper.cdn.pandora.xiaomi.com:80/
d41d8cd98f00b204e9800998ecf8427e	zero byte favicon	http://app.wallpaper.cdn.pandora.xiaomi.com:8001/
d41d8cd98f00b204e9800998ecf8427e	zero byte favicon	http://app.wallpaper.cdn.pandora.xiaomi.com:8080/
d41d8cd98f00b204e9800998ecf8427e	zero byte favicon	http://app.wallpaper.cdn.pandora.xiaomi.com:8081/
d41d8cd98f00b204e9800998ecf8427e	zero byte favicon	http://app.wallpaper.cdn.pandora.xiaomi.com:8088/
d41d8cd98f00b204e9800998ecf8427e	zero byte favicon	http://app.wallpaper.cdn.pandora.xiaomi.com:8089/
d41d8cd98f00b204e9800998ecf8427e	zero byte favicon	http://app.wallpaper.cdn.pandora.xiaomi.com:8090/
d41d8cd98f00b204e9800998ecf8427e	zero byte favicon	http://app.wallpaper.cdn.pandora.xiaomi.com:8099/
d41d8cd98f00b204e9800998ecf8427e	zero byte favicon	http://app.xiaomi.com:80/
d41d8cd98f00b204e9800998ecf8427e	zero byte favicon	http://apps.xiaomi.com:80/
d41d8cd98f00b204e9800998ecf8427e	zero byte favicon	http://b.pay.xiaomi.com:80/
d41d8cd98f00b204e9800998ecf8427e	zero byte favicon	http://b0.market.xiaomi.com:80/
d41d8cd98f00b204e9800998ecf8427e	zero byte favicon	http://b1.market.xiaomi.com:80/
d41d8cd98f00b204e9800998ecf8427e	zero byte favicon	http://b2.market.xiaomi.com:80/
d41d8cd98f00b204e9800998ecf8427e	zero byte favicon	http://b3.market.xiaomi.com:80/
d41d8cd98f00b204e9800998ecf8427e	zero byte favicon	http://b4.market.xiaomi.com:80/
d41d8cd98f00b204e9800998ecf8427e	zero byte favicon	http://b5.market.xiaomi.com:80/
d41d8cd98f00b204e9800998ecf8427e	zero byte favicon	http://b6.market.xiaomi.com:80/
d41d8cd98f00b204e9800998ecf8427e	zero byte favicon	http://b7.market.xiaomi.com:80/
d41d8cd98f00b204e9800998ecf8427e	zero byte favicon	http://b8.market.xiaomi.com:80/
d41d8cd98f00b204e9800998ecf8427e	zero byte favicon	http://b9.market.xiaomi.com:80/
d41d8cd98f00b204e9800998ecf8427e	zero byte favicon	http://bg0.market.xiaomi.com:80/
d41d8cd98f00b204e9800998ecf8427e	zero byte favicon	http://bg1.market.xiaomi.com:80/
d41d8cd98f00b204e9800998ecf8427e	zero byte favicon	http://ccc.sys.intl.xiaomi.com:80/
d41d8cd98f00b204e9800998ecf8427e	zero byte favicon	http://contract.shopapi.xiaomi.com/
d41d8cd98f00b204e9800998ecf8427e	zero byte favicon	http://contract.shopapi.xiaomi.com:80/
d41d8cd98f00b204e9800998ecf8427e	zero byte favicon	http://cs.pt.xiaomi.com:80/
d41d8cd98f00b204e9800998ecf8427e	zero byte favicon	http://custom.zhuti.xiaomi.com:80/
d41d8cd98f00b204e9800998ecf8427e	zero byte favicon	http://designer.xiaomi.com:80/
d41d8cd98f00b204e9800998ecf8427e	zero byte favicon	http://dev.xiaomi.com:80/
d41d8cd98f00b204e9800998ecf8427e	zero byte favicon	http://developer.xiaomi.com:80/
d41d8cd98f00b204e9800998ecf8427e	zero byte favicon	http://drm.market.intl.xiaomi.com/
d41d8cd98f00b204e9800998ecf8427e	zero byte favicon	http://drm.market.intl.xiaomi.com:80/
d41d8cd98f00b204e9800998ecf8427e	zero byte favicon	http://drm.market.xiaomi.com/
d41d8cd98f00b204e9800998ecf8427e	zero byte favicon	http://drm.market.xiaomi.com:80/
d41d8cd98f00b204e9800998ecf8427e	zero byte favicon	http://en.designer.xiaomi.com:80/
d41d8cd98f00b204e9800998ecf8427e	zero byte favicon	http://extranet.ap-south-1.miui-l7-middle.b207yqdrsy.elb.xiaomi.com:80/
d41d8cd98f00b204e9800998ecf8427e	zero byte favicon	http://extranet.ap-south-1.miui-l7-middle.hxyhdqwoey.elb.xiaomi.com:80/
d41d8cd98f00b204e9800998ecf8427e	zero byte favicon	http://extranet.ap-south-1.miui-l7-middle.vab1p8mnqy.elb.xiaomi.com:80/
d41d8cd98f00b204e9800998ecf8427e	zero byte favicon	http://extranet.ap-southeast-1.miui-l7-browser.4u6kki1iuk.elb.xiaomi.com:80/
d41d8cd98f00b204e9800998ecf8427e	zero byte favicon	http://extranet.ap-southeast-1.miui-l7-browser.9rv1ldj0yi.elb.xiaomi.com:80/
d41d8cd98f00b204e9800998ecf8427e	zero byte favicon	http://extranet.ap-southeast-1.miui-l7-browser.c8ypuirvbs.elb.xiaomi.com:80/
d41d8cd98f00b204e9800998ecf8427e	zero byte favicon	http://extranet.ap-southeast-1.miui-l7-browser.egp2iatnbr.elb.xiaomi.com:80/
d41d8cd98f00b204e9800998ecf8427e	zero byte favicon	http://extranet.ap-southeast-1.miui-l7-browser.mq5m5xp2rn.elb.xiaomi.com:80/
d41d8cd98f00b204e9800998ecf8427e	zero byte favicon	http://extranet.ap-southeast-1.miui-l7-bsp-jupiter.fonnbp75bx.elb.xiaomi.com:80/
d41d8cd98f00b204e9800998ecf8427e	zero byte favicon	http://extranet.ap-southeast-1.miui-l7-bsp-jupiter.hmcyoomggf.elb.xiaomi.com:80/
d41d8cd98f00b204e9800998ecf8427e	zero byte favicon	http://extranet.ap-southeast-1.miui-l7-middle.flhmv7hsdq.elb.xiaomi.com:80/
d41d8cd98f00b204e9800998ecf8427e	zero byte favicon	http://extranet.ap-southeast-1.miui-l7-middle.g5jt2g7t5o.elb.xiaomi.com:80/
d41d8cd98f00b204e9800998ecf8427e	zero byte favicon	http://extranet.c3.miui-l7-bsp-jupiter.chunol2d0f.elb.xiaomi.com:80/
d41d8cd98f00b204e9800998ecf8427e	zero byte favicon	http://extranet.c3.miui-l7-bsp-jupiter.rgp957hnij.elb.xiaomi.com:80/
d41d8cd98f00b204e9800998ecf8427e	zero byte favicon	http://extranet.c3.miui-l7-bsp-jupiter.xywzqqtomy.elb.xiaomi.com:80/
d41d8cd98f00b204e9800998ecf8427e	zero byte favicon	http://extranet.c3.miui-l7-vip.4iurt3sqql.elb.xiaomi.com:80/
d41d8cd98f00b204e9800998ecf8427e	zero byte favicon	http://extranet.c4.miui-l7-bsp-jupiter.dbuxvaim4z.elb.xiaomi.com:80/
d41d8cd98f00b204e9800998ecf8427e	zero byte favicon	http://extranet.c4.miui-l7-vip.2tvizjzldf.elb.xiaomi.com:80/
d41d8cd98f00b204e9800998ecf8427e	zero byte favicon	http://extranet.eu-east-1.miui-l7-bsp-jupiter.jdvyzqar46.elb.xiaomi.com:80/
d41d8cd98f00b204e9800998ecf8427e	zero byte favicon	http://extranet.eu-east-1.miui-l7-middle.8nlzhusin5.elb.xiaomi.com:80/
d41d8cd98f00b204e9800998ecf8427e	zero byte favicon	http://extranet.eu-east-1.miui-l7-middle.a3puvfl1ik.elb.xiaomi.com:80/
d41d8cd98f00b204e9800998ecf8427e	zero byte favicon	http://extranet.eu-east-1.miui-l7-middle.dwddxgqyqv.elb.xiaomi.com:80/
d41d8cd98f00b204e9800998ecf8427e	zero byte favicon	http://extranet.eu-east-1.miui-l7-middle.kekfw3jui8.elb.xiaomi.com:80/
d41d8cd98f00b204e9800998ecf8427e	zero byte favicon	http://f1.market.xiaomi.com:80/
d41d8cd98f00b204e9800998ecf8427e	zero byte favicon	http://f10.market.xiaomi.com:80/
d41d8cd98f00b204e9800998ecf8427e	zero byte favicon	http://f10.market.xiaomi.com:8080/
d41d8cd98f00b204e9800998ecf8427e	zero byte favicon	http://f10.market.xiaomi.com:8180/
d41d8cd98f00b204e9800998ecf8427e	zero byte favicon	http://f11.market.xiaomi.com:80/
d41d8cd98f00b204e9800998ecf8427e	zero byte favicon	http://f12.market.xiaomi.com:80/
d41d8cd98f00b204e9800998ecf8427e	zero byte favicon	http://f13.market.xiaomi.com:80/
d41d8cd98f00b204e9800998ecf8427e	zero byte favicon	http://f14.market.xiaomi.com:80/
d41d8cd98f00b204e9800998ecf8427e	zero byte favicon	http://f16.market.xiaomi.com:80/
d41d8cd98f00b204e9800998ecf8427e	zero byte favicon	http://f17.market.xiaomi.com:80/
d41d8cd98f00b204e9800998ecf8427e	zero byte favicon	http://f19.market.xiaomi.com:80/
d41d8cd98f00b204e9800998ecf8427e	zero byte favicon	http://f2.market.xiaomi.com:80/
d41d8cd98f00b204e9800998ecf8427e	zero byte favicon	http://f3.market.xiaomi.com:80/
d41d8cd98f00b204e9800998ecf8427e	zero byte favicon	http://f3.market.xiaomi.com:8080/
d41d8cd98f00b204e9800998ecf8427e	zero byte favicon	http://f4.market.xiaomi.com:80/
d41d8cd98f00b204e9800998ecf8427e	zero byte favicon	http://f5.market.xiaomi.com:80/
d41d8cd98f00b204e9800998ecf8427e	zero byte favicon	http://f6.market.xiaomi.com:80/
d41d8cd98f00b204e9800998ecf8427e	zero byte favicon	http://f7.market.xiaomi.com:80/
d41d8cd98f00b204e9800998ecf8427e	zero byte favicon	http://f8.market.xiaomi.com:80/
d41d8cd98f00b204e9800998ecf8427e	zero byte favicon	http://f9.market.xiaomi.com:80/
d41d8cd98f00b204e9800998ecf8427e	zero byte favicon	http://fcw.pay.xiaomi.com:80/
d41d8cd98f00b204e9800998ecf8427e	zero byte favicon	http://ff0.market.xiaomi.com:80/
d41d8cd98f00b204e9800998ecf8427e	zero byte favicon	http://fga1.market.xiaomi.com:80/
d41d8cd98f00b204e9800998ecf8427e	zero byte favicon	http://fgb0.market.xiaomi.com:80/
d41d8cd98f00b204e9800998ecf8427e	zero byte favicon	http://fgb0.market.xiaomi.com:8080/
d41d8cd98f00b204e9800998ecf8427e	zero byte favicon	http://fgb0.market.xiaomi.com:8180/
d41d8cd98f00b204e9800998ecf8427e	zero byte favicon	http://fgc0.market.xiaomi.com:80/
d41d8cd98f00b204e9800998ecf8427e	zero byte favicon	http://fgc1.market.xiaomi.com:80/
d41d8cd98f00b204e9800998ecf8427e	zero byte favicon	http://fgc2.market.xiaomi.com:80/
d41d8cd98f00b204e9800998ecf8427e	zero byte favicon	http://fgc2.market.xiaomi.com:8080/
d41d8cd98f00b204e9800998ecf8427e	zero byte favicon	http://fgc2.market.xiaomi.com:8180/
d41d8cd98f00b204e9800998ecf8427e	zero byte favicon	http://file.market.xiaomi.com:80/
d41d8cd98f00b204e9800998ecf8427e	zero byte favicon	http://fn.market.xiaomi.com:80/
d41d8cd98f00b204e9800998ecf8427e	zero byte favicon	http://g0.market.xiaomi.com:80/
d41d8cd98f00b204e9800998ecf8427e	zero byte favicon	http://game2.recharge.pay.xiaomi.com:80/
d41d8cd98f00b204e9800998ecf8427e	zero byte favicon	http://global.developer.xiaomi.com:80/
d41d8cd98f00b204e9800998ecf8427e	zero byte favicon	http://global.market.xiaomi.com:80/
d41d8cd98f00b204e9800998ecf8427e	zero byte favicon	http://globalapi.ad.xiaomi.com:80/
d41d8cd98f00b204e9800998ecf8427e	zero byte favicon	http://globalnileapi.market.xiaomi.com:80/
d41d8cd98f00b204e9800998ecf8427e	zero byte favicon	http://h0.market.xiaomi.com:80/
d41d8cd98f00b204e9800998ecf8427e	zero byte favicon	http://h1.market.xiaomi.com:80/
d41d8cd98f00b204e9800998ecf8427e	zero byte favicon	http://h1.market.xiaomi.com:8080/
d41d8cd98f00b204e9800998ecf8427e	zero byte favicon	http://h2.market.xiaomi.com:80/
d41d8cd98f00b204e9800998ecf8427e	zero byte favicon	http://h4.market.xiaomi.com:80/
d41d8cd98f00b204e9800998ecf8427e	zero byte favicon	http://h5.market.xiaomi.com:80/
d41d8cd98f00b204e9800998ecf8427e	zero byte favicon	http://h7.market.xiaomi.com:80/
d41d8cd98f00b204e9800998ecf8427e	zero byte favicon	http://h8.market.xiaomi.com:80/
d41d8cd98f00b204e9800998ecf8427e	zero byte favicon	http://h9.market.xiaomi.com:80/
d41d8cd98f00b204e9800998ecf8427e	zero byte favicon	http://hk.mibi.api.xiaomi.com:80/
d41d8cd98f00b204e9800998ecf8427e	zero byte favicon	http://hy.game.xiaomi.com:80/
d41d8cd98f00b204e9800998ecf8427e	zero byte favicon	http://images.cdn.pt.xiaomi.com:80/
d41d8cd98f00b204e9800998ecf8427e	zero byte favicon	http://images0.cdn.pt.xiaomi.com:80/
d41d8cd98f00b204e9800998ecf8427e	zero byte favicon	http://images2.cdn.pt.xiaomi.com:80/
d41d8cd98f00b204e9800998ecf8427e	zero byte favicon	http://images3.cdn.pt.xiaomi.com:80/
d41d8cd98f00b204e9800998ecf8427e	zero byte favicon	http://images6.cdn.pt.xiaomi.com:80/
d41d8cd98f00b204e9800998ecf8427e	zero byte favicon	http://land.cname.xiaomi.com:80/
d41d8cd98f00b204e9800998ecf8427e	zero byte favicon	http://log.ad.xiaomi.com:80/
d41d8cd98f00b204e9800998ecf8427e	zero byte favicon	http://luckydraw.pay.xiaomi.com:80/
d41d8cd98f00b204e9800998ecf8427e	zero byte favicon	http://m.app.xiaomi.com:80/
d41d8cd98f00b204e9800998ecf8427e	zero byte favicon	http://m.hk.mibi.xiaomi.com:80/
d41d8cd98f00b204e9800998ecf8427e	zero byte favicon	http://m.mibi.xiaomi.com:80/
d41d8cd98f00b204e9800998ecf8427e	zero byte favicon	http://m.pay.xiaomi.com:80/
d41d8cd98f00b204e9800998ecf8427e	zero byte favicon	http://m.zhuti.xiaomi.com:80/
d41d8cd98f00b204e9800998ecf8427e	zero byte favicon	http://market.xiaomi.com/
d41d8cd98f00b204e9800998ecf8427e	zero byte favicon	http://market.xiaomi.com:80/
d41d8cd98f00b204e9800998ecf8427e	zero byte favicon	http://mias.market.xiaomi.com:80/
d41d8cd98f00b204e9800998ecf8427e	zero byte favicon	http://mibi.api.xiaomi.com:80/
d41d8cd98f00b204e9800998ecf8427e	zero byte favicon	http://mibi.xiaomi.com:80/
d41d8cd98f00b204e9800998ecf8427e	zero byte favicon	http://mitunes.market.xiaomi.com:80/
d41d8cd98f00b204e9800998ecf8427e	zero byte favicon	http://nileapi.market.xiaomi.com:80/
d41d8cd98f00b204e9800998ecf8427e	zero byte favicon	http://ofile.market.xiaomi.com:80/
d41d8cd98f00b204e9800998ecf8427e	zero byte favicon	http://ofile.market.xiaomi.com:8001/
d41d8cd98f00b204e9800998ecf8427e	zero byte favicon	http://ofile.market.xiaomi.com:8080/
d41d8cd98f00b204e9800998ecf8427e	zero byte favicon	http://ofile.market.xiaomi.com:8081/
d41d8cd98f00b204e9800998ecf8427e	zero byte favicon	http://ofile.market.xiaomi.com:8088/
d41d8cd98f00b204e9800998ecf8427e	zero byte favicon	http://ofile.market.xiaomi.com:8089/
d41d8cd98f00b204e9800998ecf8427e	zero byte favicon	http://ofile.market.xiaomi.com:8090/
d41d8cd98f00b204e9800998ecf8427e	zero byte favicon	http://ofile.market.xiaomi.com:8099/
d41d8cd98f00b204e9800998ecf8427e	zero byte favicon	http://open.content.pt.xiaomi.com:80/
d41d8cd98f00b204e9800998ecf8427e	zero byte favicon	http://pay.xiaomi.com:80/
d41d8cd98f00b204e9800998ecf8427e	zero byte favicon	http://proxy.recharge.pay.xiaomi.com:80/
d41d8cd98f00b204e9800998ecf8427e	zero byte favicon	http://r.app.xiaomi.com:80/
d41d8cd98f00b204e9800998ecf8427e	zero byte favicon	http://recharge.pay.xiaomi.com:80/
d41d8cd98f00b204e9800998ecf8427e	zero byte favicon	http://redpack.pay.xiaomi.com:80/
d41d8cd98f00b204e9800998ecf8427e	zero byte favicon	http://repos.xiaomi.com:80/
d41d8cd98f00b204e9800998ecf8427e	zero byte favicon	http://s.pay.xiaomi.com:80/
d41d8cd98f00b204e9800998ecf8427e	zero byte favicon	http://sf.pay.xiaomi.com/
d41d8cd98f00b204e9800998ecf8427e	zero byte favicon	http://sf.pay.xiaomi.com:80/
d41d8cd98f00b204e9800998ecf8427e	zero byte favicon	http://sf0.market.xiaomi.com:80/
d41d8cd98f00b204e9800998ecf8427e	zero byte favicon	http://sgpapi.ad.intl.xiaomi.com:80/
d41d8cd98f00b204e9800998ecf8427e	zero byte favicon	http://staging.mifi.pt.xiaomi.com:80/
d41d8cd98f00b204e9800998ecf8427e	zero byte favicon	http://stat.file.market.xiaomi.com:80/
d41d8cd98f00b204e9800998ecf8427e	zero byte favicon	http://stat.pay.xiaomi.com:80/
d41d8cd98f00b204e9800998ecf8427e	zero byte favicon	http://static.pay.xiaomi.com:80/
d41d8cd98f00b204e9800998ecf8427e	zero byte favicon	http://static.pay.xiaomi.com:8080/
d41d8cd98f00b204e9800998ecf8427e	zero byte favicon	http://t1.a.market.xiaomi.com:80/
d41d8cd98f00b204e9800998ecf8427e	zero byte favicon	http://t1.a.market.xiaomi.com:8080/
d41d8cd98f00b204e9800998ecf8427e	zero byte favicon	http://t1.market.xiaomi.com:80/
d41d8cd98f00b204e9800998ecf8427e	zero byte favicon	http://t10.market.xiaomi.com:80/
d41d8cd98f00b204e9800998ecf8427e	zero byte favicon	http://t12.market.xiaomi.com:80/
d41d8cd98f00b204e9800998ecf8427e	zero byte favicon	http://t13.market.xiaomi.com:80/
d41d8cd98f00b204e9800998ecf8427e	zero byte favicon	http://t14.market.xiaomi.com:80/
d41d8cd98f00b204e9800998ecf8427e	zero byte favicon	http://t15.market.xiaomi.com:80/
d41d8cd98f00b204e9800998ecf8427e	zero byte favicon	http://t18.market.xiaomi.com:80/
d41d8cd98f00b204e9800998ecf8427e	zero byte favicon	http://t19.market.xiaomi.com:80/
d41d8cd98f00b204e9800998ecf8427e	zero byte favicon	http://t2.a.market.xiaomi.com:80/
d41d8cd98f00b204e9800998ecf8427e	zero byte favicon	http://t2.market.xiaomi.com:80/
d41d8cd98f00b204e9800998ecf8427e	zero byte favicon	http://t3.a.market.xiaomi.com:80/
d41d8cd98f00b204e9800998ecf8427e	zero byte favicon	http://t3.market.xiaomi.com:80/
d41d8cd98f00b204e9800998ecf8427e	zero byte favicon	http://t4.a.market.xiaomi.com:80/
d41d8cd98f00b204e9800998ecf8427e	zero byte favicon	http://t4.market.xiaomi.com:80/
d41d8cd98f00b204e9800998ecf8427e	zero byte favicon	http://t5.a.market.xiaomi.com:80/
d41d8cd98f00b204e9800998ecf8427e	zero byte favicon	http://t5.market.xiaomi.com:80/
d41d8cd98f00b204e9800998ecf8427e	zero byte favicon	http://t6.market.xiaomi.com:80/
d41d8cd98f00b204e9800998ecf8427e	zero byte favicon	http://t7.market.xiaomi.com:80/
d41d8cd98f00b204e9800998ecf8427e	zero byte favicon	http://t8.market.xiaomi.com:80/
d41d8cd98f00b204e9800998ecf8427e	zero byte favicon	http://t9.market.xiaomi.com:80/
d41d8cd98f00b204e9800998ecf8427e	zero byte favicon	http://thm.market.intl.xiaomi.com:80/
d41d8cd98f00b204e9800998ecf8427e	zero byte favicon	http://tsmapi.pay.xiaomi.com:80/
d41d8cd98f00b204e9800998ecf8427e	zero byte favicon	http://utility.recharge.pay.xiaomi.com:80/
d41d8cd98f00b204e9800998ecf8427e	zero byte favicon	http://v1.market.xiaomi.com:80/
d41d8cd98f00b204e9800998ecf8427e	zero byte favicon	http://v1.market.xiaomi.com:8080/
d41d8cd98f00b204e9800998ecf8427e	zero byte favicon	http://v2.market.xiaomi.com:80/
d41d8cd98f00b204e9800998ecf8427e	zero byte favicon	http://v2.market.xiaomi.com:8080/
d41d8cd98f00b204e9800998ecf8427e	zero byte favicon	http://vd0.market.xiaomi.com:80/
d41d8cd98f00b204e9800998ecf8427e	zero byte favicon	http://video.market.xiaomi.com:80/
d41d8cd98f00b204e9800998ecf8427e	zero byte favicon	http://video.market.xiaomi.com:8080/
d41d8cd98f00b204e9800998ecf8427e	zero byte favicon	http://video.market.xiaomi.com:8180/
d41d8cd98f00b204e9800998ecf8427e	zero byte favicon	http://wallpaper.cdn.pandora.xiaomi.com/
d41d8cd98f00b204e9800998ecf8427e	zero byte favicon	http://wallpaper.cdn.pandora.xiaomi.com:80/
d41d8cd98f00b204e9800998ecf8427e	zero byte favicon	http://wap.phonerecharge.pay.xiaomi.com:80/
d41d8cd98f00b204e9800998ecf8427e	zero byte favicon	http://web.recharge.pay.xiaomi.com:80/
d41d8cd98f00b204e9800998ecf8427e	zero byte favicon	http://www.account.xiaomi.com:80/
d41d8cd98f00b204e9800998ecf8427e	zero byte favicon	http://yingyong.xiaomi.com:80/
d41d8cd98f00b204e9800998ecf8427e	zero byte favicon	http://zhuti.intl.xiaomi.com:80/
d41d8cd98f00b204e9800998ecf8427e	zero byte favicon	https://a0.app.xiaomi.com:443/
d41d8cd98f00b204e9800998ecf8427e	zero byte favicon	https://api.ad.intl.xiaomi.com:443/
d41d8cd98f00b204e9800998ecf8427e	zero byte favicon	https://api.ad.xiaomi.com:443/
d41d8cd98f00b204e9800998ecf8427e	zero byte favicon	https://api.designer.xiaomi.com:443/
d41d8cd98f00b204e9800998ecf8427e	zero byte favicon	https://api.developer.xiaomi.com:443/
d41d8cd98f00b204e9800998ecf8427e	zero byte favicon	https://api.miui.security.xiaomi.com:443/
d41d8cd98f00b204e9800998ecf8427e	zero byte favicon	https://api.pay.xiaomi.com:443/
d41d8cd98f00b204e9800998ecf8427e	zero byte favicon	https://api.zhuti.intl.xiaomi.com:443/
d41d8cd98f00b204e9800998ecf8427e	zero byte favicon	https://api.zhuti.xiaomi.com:443/
d41d8cd98f00b204e9800998ecf8427e	zero byte favicon	https://app.market.xiaomi.com:443/
d41d8cd98f00b204e9800998ecf8427e	zero byte favicon	https://app.wallpaper.cdn.pandora.xiaomi.com:443/
d41d8cd98f00b204e9800998ecf8427e	zero byte favicon	https://app.xiaomi.com:443/
d41d8cd98f00b204e9800998ecf8427e	zero byte favicon	https://b.pay.xiaomi.com:443/
d41d8cd98f00b204e9800998ecf8427e	zero byte favicon	https://b0.market.xiaomi.com:443/
d41d8cd98f00b204e9800998ecf8427e	zero byte favicon	https://b1.market.xiaomi.com:443/
d41d8cd98f00b204e9800998ecf8427e	zero byte favicon	https://b2.market.xiaomi.com:443/
d41d8cd98f00b204e9800998ecf8427e	zero byte favicon	https://b3.market.xiaomi.com:443/
d41d8cd98f00b204e9800998ecf8427e	zero byte favicon	https://b4.market.xiaomi.com:443/
d41d8cd98f00b204e9800998ecf8427e	zero byte favicon	https://b5.market.xiaomi.com:443/
d41d8cd98f00b204e9800998ecf8427e	zero byte favicon	https://b6.market.xiaomi.com:443/
d41d8cd98f00b204e9800998ecf8427e	zero byte favicon	https://b7.market.xiaomi.com:443/
d41d8cd98f00b204e9800998ecf8427e	zero byte favicon	https://b8.market.xiaomi.com:443/
d41d8cd98f00b204e9800998ecf8427e	zero byte favicon	https://b9.market.xiaomi.com:443/
d41d8cd98f00b204e9800998ecf8427e	zero byte favicon	https://bbs.xiaomi.com:443/
d41d8cd98f00b204e9800998ecf8427e	zero byte favicon	https://bg0.market.xiaomi.com:443/
d41d8cd98f00b204e9800998ecf8427e	zero byte favicon	https://bg1.market.xiaomi.com:443/
d41d8cd98f00b204e9800998ecf8427e	zero byte favicon	https://cash.pay.xiaomi.com:443/
d41d8cd98f00b204e9800998ecf8427e	zero byte favicon	https://ccc.sys.intl.xiaomi.com:443/
d41d8cd98f00b204e9800998ecf8427e	zero byte favicon	https://contract.shopapi.xiaomi.com/
d41d8cd98f00b204e9800998ecf8427e	zero byte favicon	https://contract.shopapi.xiaomi.com:443/
d41d8cd98f00b204e9800998ecf8427e	zero byte favicon	https://cs.pt.xiaomi.com:443/
d41d8cd98f00b204e9800998ecf8427e	zero byte favicon	https://custom.zhuti.xiaomi.com:443/
d41d8cd98f00b204e9800998ecf8427e	zero byte favicon	https://dev.xiaomi.com:443/
d41d8cd98f00b204e9800998ecf8427e	zero byte favicon	https://drm.market.intl.xiaomi.com/
d41d8cd98f00b204e9800998ecf8427e	zero byte favicon	https://drm.market.intl.xiaomi.com:443/
d41d8cd98f00b204e9800998ecf8427e	zero byte favicon	https://drm.market.xiaomi.com/
d41d8cd98f00b204e9800998ecf8427e	zero byte favicon	https://drm.market.xiaomi.com:443/
d41d8cd98f00b204e9800998ecf8427e	zero byte favicon	https://extranet.ap-south-1.miui-l7-middle.b207yqdrsy.elb.xiaomi.com:443/
d41d8cd98f00b204e9800998ecf8427e	zero byte favicon	https://extranet.ap-south-1.miui-l7-middle.vab1p8mnqy.elb.xiaomi.com:443/
d41d8cd98f00b204e9800998ecf8427e	zero byte favicon	https://extranet.ap-southeast-1.miui-l7-browser.4u6kki1iuk.elb.xiaomi.com:443/
d41d8cd98f00b204e9800998ecf8427e	zero byte favicon	https://extranet.ap-southeast-1.miui-l7-browser.9rv1ldj0yi.elb.xiaomi.com:443/
d41d8cd98f00b204e9800998ecf8427e	zero byte favicon	https://extranet.ap-southeast-1.miui-l7-browser.c8ypuirvbs.elb.xiaomi.com:443/
d41d8cd98f00b204e9800998ecf8427e	zero byte favicon	https://extranet.ap-southeast-1.miui-l7-browser.egp2iatnbr.elb.xiaomi.com:443/
d41d8cd98f00b204e9800998ecf8427e	zero byte favicon	https://extranet.ap-southeast-1.miui-l7-browser.mq5m5xp2rn.elb.xiaomi.com:443/
d41d8cd98f00b204e9800998ecf8427e	zero byte favicon	https://extranet.ap-southeast-1.miui-l7-bsp-jupiter.fonnbp75bx.elb.xiaomi.com:443/
d41d8cd98f00b204e9800998ecf8427e	zero byte favicon	https://extranet.ap-southeast-1.miui-l7-bsp-jupiter.hmcyoomggf.elb.xiaomi.com:443/
d41d8cd98f00b204e9800998ecf8427e	zero byte favicon	https://extranet.ap-southeast-1.miui-l7-mgp.bvhawmvgcp.elb.xiaomi.com:443/
d41d8cd98f00b204e9800998ecf8427e	zero byte favicon	https://extranet.c3.miui-l7-assistant-pt.ghjxaejktw.elb.xiaomi.com:443/
d41d8cd98f00b204e9800998ecf8427e	zero byte favicon	https://extranet.c3.miui-l7-bsp-jupiter.chunol2d0f.elb.xiaomi.com:443/
d41d8cd98f00b204e9800998ecf8427e	zero byte favicon	https://extranet.c3.miui-l7-bsp-jupiter.rgp957hnij.elb.xiaomi.com:443/
d41d8cd98f00b204e9800998ecf8427e	zero byte favicon	https://extranet.c3.miui-l7-bsp-jupiter.xywzqqtomy.elb.xiaomi.com:443/
d41d8cd98f00b204e9800998ecf8427e	zero byte favicon	https://extranet.c3.miui-l7-vip-xiaomi-cn.ic5znxsxzb.elb.xiaomi.com:443/
d41d8cd98f00b204e9800998ecf8427e	zero byte favicon	https://extranet.c3.miui-l7-vip-xiaomi-cn.qcuw1esech.elb.xiaomi.com:443/
d41d8cd98f00b204e9800998ecf8427e	zero byte favicon	https://extranet.c3.miui-l7-vip.4iurt3sqql.elb.xiaomi.com:443/
d41d8cd98f00b204e9800998ecf8427e	zero byte favicon	https://extranet.c4.miui-l7-vip.2tvizjzldf.elb.xiaomi.com:443/
d41d8cd98f00b204e9800998ecf8427e	zero byte favicon	https://extranet.eu-east-1.miui-l7-bsp-jupiter.jdvyzqar46.elb.xiaomi.com:443/
d41d8cd98f00b204e9800998ecf8427e	zero byte favicon	https://f1.market.xiaomi.com:443/
d41d8cd98f00b204e9800998ecf8427e	zero byte favicon	https://f10.market.xiaomi.com:443/
d41d8cd98f00b204e9800998ecf8427e	zero byte favicon	https://f11.market.xiaomi.com:443/
d41d8cd98f00b204e9800998ecf8427e	zero byte favicon	https://f12.market.xiaomi.com:443/
d41d8cd98f00b204e9800998ecf8427e	zero byte favicon	https://f13.market.xiaomi.com:443/
d41d8cd98f00b204e9800998ecf8427e	zero byte favicon	https://f14.market.xiaomi.com:443/
d41d8cd98f00b204e9800998ecf8427e	zero byte favicon	https://f16.market.xiaomi.com:443/
d41d8cd98f00b204e9800998ecf8427e	zero byte favicon	https://f17.market.xiaomi.com:443/
d41d8cd98f00b204e9800998ecf8427e	zero byte favicon	https://f19.market.xiaomi.com:443/
d41d8cd98f00b204e9800998ecf8427e	zero byte favicon	https://f2.market.xiaomi.com:443/
d41d8cd98f00b204e9800998ecf8427e	zero byte favicon	https://f3.market.xiaomi.com:443/
d41d8cd98f00b204e9800998ecf8427e	zero byte favicon	https://f4.market.xiaomi.com:443/
d41d8cd98f00b204e9800998ecf8427e	zero byte favicon	https://f5.market.xiaomi.com:443/
d41d8cd98f00b204e9800998ecf8427e	zero byte favicon	https://f6.market.xiaomi.com:443/
d41d8cd98f00b204e9800998ecf8427e	zero byte favicon	https://f7.market.xiaomi.com:443/
d41d8cd98f00b204e9800998ecf8427e	zero byte favicon	https://f8.market.xiaomi.com:443/
d41d8cd98f00b204e9800998ecf8427e	zero byte favicon	https://f9.market.xiaomi.com:443/
d41d8cd98f00b204e9800998ecf8427e	zero byte favicon	https://fcw.pay.xiaomi.com:443/
d41d8cd98f00b204e9800998ecf8427e	zero byte favicon	https://ff0.market.xiaomi.com:443/
d41d8cd98f00b204e9800998ecf8427e	zero byte favicon	https://fga1.market.xiaomi.com:443/
d41d8cd98f00b204e9800998ecf8427e	zero byte favicon	https://fgb0.market.xiaomi.com:443/
d41d8cd98f00b204e9800998ecf8427e	zero byte favicon	https://fgc0.market.xiaomi.com:443/
d41d8cd98f00b204e9800998ecf8427e	zero byte favicon	https://fgc1.market.xiaomi.com:443/
d41d8cd98f00b204e9800998ecf8427e	zero byte favicon	https://fgc2.market.xiaomi.com:443/
d41d8cd98f00b204e9800998ecf8427e	zero byte favicon	https://file.market.xiaomi.com:443/
d41d8cd98f00b204e9800998ecf8427e	zero byte favicon	https://fn.market.xiaomi.com:443/
d41d8cd98f00b204e9800998ecf8427e	zero byte favicon	https://g0.market.xiaomi.com:443/
d41d8cd98f00b204e9800998ecf8427e	zero byte favicon	https://game2.recharge.pay.xiaomi.com:443/
d41d8cd98f00b204e9800998ecf8427e	zero byte favicon	https://global.developer.xiaomi.com:443/
d41d8cd98f00b204e9800998ecf8427e	zero byte favicon	https://global.market.xiaomi.com:443/
d41d8cd98f00b204e9800998ecf8427e	zero byte favicon	https://globalapi.ad.xiaomi.com:443/
d41d8cd98f00b204e9800998ecf8427e	zero byte favicon	https://globalnileapi.market.xiaomi.com:443/
d41d8cd98f00b204e9800998ecf8427e	zero byte favicon	https://h0.market.xiaomi.com:443/
d41d8cd98f00b204e9800998ecf8427e	zero byte favicon	https://h1.market.xiaomi.com:443/
d41d8cd98f00b204e9800998ecf8427e	zero byte favicon	https://h2.market.xiaomi.com:443/
d41d8cd98f00b204e9800998ecf8427e	zero byte favicon	https://h4.market.xiaomi.com:443/
d41d8cd98f00b204e9800998ecf8427e	zero byte favicon	https://h5.market.xiaomi.com:443/
d41d8cd98f00b204e9800998ecf8427e	zero byte favicon	https://h7.market.xiaomi.com:443/
d41d8cd98f00b204e9800998ecf8427e	zero byte favicon	https://h8.market.xiaomi.com:443/
d41d8cd98f00b204e9800998ecf8427e	zero byte favicon	https://h9.market.xiaomi.com:443/
d41d8cd98f00b204e9800998ecf8427e	zero byte favicon	https://hk.mibi.api.xiaomi.com:443/
d41d8cd98f00b204e9800998ecf8427e	zero byte favicon	https://hy.game.xiaomi.com:443/
d41d8cd98f00b204e9800998ecf8427e	zero byte favicon	https://images.cdn.pt.xiaomi.com:443/
d41d8cd98f00b204e9800998ecf8427e	zero byte favicon	https://images0.cdn.pt.xiaomi.com:443/
d41d8cd98f00b204e9800998ecf8427e	zero byte favicon	https://images2.cdn.pt.xiaomi.com:443/
d41d8cd98f00b204e9800998ecf8427e	zero byte favicon	https://images3.cdn.pt.xiaomi.com:443/
d41d8cd98f00b204e9800998ecf8427e	zero byte favicon	https://images6.cdn.pt.xiaomi.com:443/
d41d8cd98f00b204e9800998ecf8427e	zero byte favicon	https://log.ad.xiaomi.com:443/
d41d8cd98f00b204e9800998ecf8427e	zero byte favicon	https://luckydraw.pay.xiaomi.com:443/
d41d8cd98f00b204e9800998ecf8427e	zero byte favicon	https://m.app.xiaomi.com:443/
d41d8cd98f00b204e9800998ecf8427e	zero byte favicon	https://m.hk.mibi.xiaomi.com:443/
d41d8cd98f00b204e9800998ecf8427e	zero byte favicon	https://m.mibi.xiaomi.com:443/
d41d8cd98f00b204e9800998ecf8427e	zero byte favicon	https://m.pay.xiaomi.com:443/
d41d8cd98f00b204e9800998ecf8427e	zero byte favicon	https://mias.market.xiaomi.com:443/
d41d8cd98f00b204e9800998ecf8427e	zero byte favicon	https://mibi.api.xiaomi.com:443/
d41d8cd98f00b204e9800998ecf8427e	zero byte favicon	https://mibi.xiaomi.com:443/
d41d8cd98f00b204e9800998ecf8427e	zero byte favicon	https://nileapi.market.xiaomi.com:443/
d41d8cd98f00b204e9800998ecf8427e	zero byte favicon	https://ofile.market.xiaomi.com:443/
d41d8cd98f00b204e9800998ecf8427e	zero byte favicon	https://open-schedule.ai.xiaomi.com:443/
d41d8cd98f00b204e9800998ecf8427e	zero byte favicon	https://open.content.pt.xiaomi.com:443/
d41d8cd98f00b204e9800998ecf8427e	zero byte favicon	https://pay.xiaomi.com:443/
d41d8cd98f00b204e9800998ecf8427e	zero byte favicon	https://proxy.recharge.pay.xiaomi.com:443/
d41d8cd98f00b204e9800998ecf8427e	zero byte favicon	https://r.app.xiaomi.com:443/
d41d8cd98f00b204e9800998ecf8427e	zero byte favicon	https://recharge.pay.xiaomi.com:443/
d41d8cd98f00b204e9800998ecf8427e	zero byte favicon	https://redpack.pay.xiaomi.com:443/
d41d8cd98f00b204e9800998ecf8427e	zero byte favicon	https://repos.xiaomi.com:443/
d41d8cd98f00b204e9800998ecf8427e	zero byte favicon	https://s.pay.xiaomi.com:443/
d41d8cd98f00b204e9800998ecf8427e	zero byte favicon	https://sentry.pay.xiaomi.com:443/
d41d8cd98f00b204e9800998ecf8427e	zero byte favicon	https://sf.pay.xiaomi.com/
d41d8cd98f00b204e9800998ecf8427e	zero byte favicon	https://sf.pay.xiaomi.com:443/
d41d8cd98f00b204e9800998ecf8427e	zero byte favicon	https://sf0.market.xiaomi.com:443/
d41d8cd98f00b204e9800998ecf8427e	zero byte favicon	https://sgpapi.ad.intl.xiaomi.com:443/
d41d8cd98f00b204e9800998ecf8427e	zero byte favicon	https://stat.file.market.xiaomi.com:443/
d41d8cd98f00b204e9800998ecf8427e	zero byte favicon	https://stat.pay.xiaomi.com:443/
d41d8cd98f00b204e9800998ecf8427e	zero byte favicon	https://static.pay.xiaomi.com:443/
d41d8cd98f00b204e9800998ecf8427e	zero byte favicon	https://t1.a.market.xiaomi.com:443/
d41d8cd98f00b204e9800998ecf8427e	zero byte favicon	https://t1.market.xiaomi.com:443/
d41d8cd98f00b204e9800998ecf8427e	zero byte favicon	https://t10.market.xiaomi.com:443/
d41d8cd98f00b204e9800998ecf8427e	zero byte favicon	https://t12.market.xiaomi.com:443/
d41d8cd98f00b204e9800998ecf8427e	zero byte favicon	https://t13.market.xiaomi.com:443/
d41d8cd98f00b204e9800998ecf8427e	zero byte favicon	https://t14.market.xiaomi.com:443/
d41d8cd98f00b204e9800998ecf8427e	zero byte favicon	https://t15.market.xiaomi.com:443/
d41d8cd98f00b204e9800998ecf8427e	zero byte favicon	https://t18.market.xiaomi.com:443/
d41d8cd98f00b204e9800998ecf8427e	zero byte favicon	https://t19.market.xiaomi.com:443/
d41d8cd98f00b204e9800998ecf8427e	zero byte favicon	https://t2.a.market.xiaomi.com:443/
d41d8cd98f00b204e9800998ecf8427e	zero byte favicon	https://t2.market.xiaomi.com:443/
d41d8cd98f00b204e9800998ecf8427e	zero byte favicon	https://t3.a.market.xiaomi.com:443/
d41d8cd98f00b204e9800998ecf8427e	zero byte favicon	https://t3.market.xiaomi.com:443/
d41d8cd98f00b204e9800998ecf8427e	zero byte favicon	https://t4.a.market.xiaomi.com:443/
d41d8cd98f00b204e9800998ecf8427e	zero byte favicon	https://t4.market.xiaomi.com:443/
d41d8cd98f00b204e9800998ecf8427e	zero byte favicon	https://t5.a.market.xiaomi.com:443/
d41d8cd98f00b204e9800998ecf8427e	zero byte favicon	https://t5.market.xiaomi.com:443/
d41d8cd98f00b204e9800998ecf8427e	zero byte favicon	https://t6.market.xiaomi.com:443/
d41d8cd98f00b204e9800998ecf8427e	zero byte favicon	https://t7.market.xiaomi.com:443/
d41d8cd98f00b204e9800998ecf8427e	zero byte favicon	https://t8.market.xiaomi.com:443/
d41d8cd98f00b204e9800998ecf8427e	zero byte favicon	https://t9.market.xiaomi.com:443/
d41d8cd98f00b204e9800998ecf8427e	zero byte favicon	https://thm.market.intl.xiaomi.com:443/
d41d8cd98f00b204e9800998ecf8427e	zero byte favicon	https://tsmapi.pay.xiaomi.com:443/
d41d8cd98f00b204e9800998ecf8427e	zero byte favicon	https://utility.recharge.pay.xiaomi.com:443/
d41d8cd98f00b204e9800998ecf8427e	zero byte favicon	https://v1.market.xiaomi.com:443/
d41d8cd98f00b204e9800998ecf8427e	zero byte favicon	https://v2.market.xiaomi.com:443/
d41d8cd98f00b204e9800998ecf8427e	zero byte favicon	https://vd0.market.xiaomi.com:443/
d41d8cd98f00b204e9800998ecf8427e	zero byte favicon	https://video.market.xiaomi.com:443/
d41d8cd98f00b204e9800998ecf8427e	zero byte favicon	https://wallpaper.cdn.pandora.xiaomi.com/
d41d8cd98f00b204e9800998ecf8427e	zero byte favicon	https://wallpaper.cdn.pandora.xiaomi.com:443/
d41d8cd98f00b204e9800998ecf8427e	zero byte favicon	https://wap.phonerecharge.pay.xiaomi.com:443/
d41d8cd98f00b204e9800998ecf8427e	zero byte favicon	https://web.recharge.pay.xiaomi.com:443/
d41d8cd98f00b204e9800998ecf8427e	zero byte favicon	https://www.account.xiaomi.com:443/
d41d8cd98f00b204e9800998ecf8427e	zero byte favicon	https://zhuti.intl.xiaomi.com:443/
e71ed563d9c0742ee87ad93ec1a22238	springboot	http://account-dcm.ai.xiaomi.com:80/
e71ed563d9c0742ee87ad93ec1a22238	springboot	http://ad.quickapp.hybrid.xiaomi.com:80/
e71ed563d9c0742ee87ad93ec1a22238	springboot	http://api-translator.pandora.xiaomi.com:80/
e71ed563d9c0742ee87ad93ec1a22238	springboot	http://browserapi.market.xiaomi.com:80/
e71ed563d9c0742ee87ad93ec1a22238	springboot	http://control.preload.xiaomi.com/
e71ed563d9c0742ee87ad93ec1a22238	springboot	http://control.preload.xiaomi.com:80/
e71ed563d9c0742ee87ad93ec1a22238	springboot	http://device-proxy.sec.xiaomi.com:80/
e71ed563d9c0742ee87ad93ec1a22238	springboot	http://diagnosis.ad.xiaomi.com:80/
e71ed563d9c0742ee87ad93ec1a22238	springboot	http://game.ad.xiaomi.com:80/
e71ed563d9c0742ee87ad93ec1a22238	springboot	http://global.control.preload.xiaomi.com:80/
e71ed563d9c0742ee87ad93ec1a22238	springboot	http://global.video.intl.xiaomi.com:80/
e71ed563d9c0742ee87ad93ec1a22238	springboot	http://id.video.intl.xiaomi.com:80/
e71ed563d9c0742ee87ad93ec1a22238	springboot	http://maf.be.xiaomi.com:80/
e71ed563d9c0742ee87ad93ec1a22238	springboot	http://mal.be.xiaomi.com:80/
e71ed563d9c0742ee87ad93ec1a22238	springboot	http://ru.video.intl.xiaomi.com:80/
e71ed563d9c0742ee87ad93ec1a22238	springboot	http://ssp.xiaomi.com:80/
e71ed563d9c0742ee87ad93ec1a22238	springboot	http://t.app.xiaomi.com:80/
e71ed563d9c0742ee87ad93ec1a22238	springboot	http://thm.market.xiaomi.com:80/
e71ed563d9c0742ee87ad93ec1a22238	springboot	http://translator.pandora.xiaomi.com:80/
e71ed563d9c0742ee87ad93ec1a22238	springboot	http://tz.sec.xiaomi.com:80/
e71ed563d9c0742ee87ad93ec1a22238	springboot	https://account-dcm.ai.xiaomi.com:443/
e71ed563d9c0742ee87ad93ec1a22238	springboot	https://browserapi.market.xiaomi.com:443/
e71ed563d9c0742ee87ad93ec1a22238	springboot	https://control.preload.xiaomi.com/
e71ed563d9c0742ee87ad93ec1a22238	springboot	https://control.preload.xiaomi.com:443/
e71ed563d9c0742ee87ad93ec1a22238	springboot	https://extranet.ap-southeast-1.mig1-l7-preload.vi13jhvky9.elb.xiaomi.com:443/
e71ed563d9c0742ee87ad93ec1a22238	springboot	https://extranet.c3.mig1-l7-preload.a4qd9egdul.elb.xiaomi.com:443/
e71ed563d9c0742ee87ad93ec1a22238	springboot	https://game.ad.xiaomi.com:443/
e71ed563d9c0742ee87ad93ec1a22238	springboot	https://global.control.preload.xiaomi.com:443/
e71ed563d9c0742ee87ad93ec1a22238	springboot	https://global.video.intl.xiaomi.com:443/
e71ed563d9c0742ee87ad93ec1a22238	springboot	https://health.hr.xiaomi.com:443/
e71ed563d9c0742ee87ad93ec1a22238	springboot	https://id.video.intl.xiaomi.com:443/
e71ed563d9c0742ee87ad93ec1a22238	springboot	https://maf.be.xiaomi.com:443/
e71ed563d9c0742ee87ad93ec1a22238	springboot	https://mal.be.xiaomi.com:443/
e71ed563d9c0742ee87ad93ec1a22238	springboot	https://ru.video.intl.xiaomi.com:443/
e71ed563d9c0742ee87ad93ec1a22238	springboot	https://t.app.xiaomi.com:443/
e71ed563d9c0742ee87ad93ec1a22238	springboot	https://thm.market.xiaomi.com:443/
e71ed563d9c0742ee87ad93ec1a22238	springboot	https://translator.pandora.xiaomi.com:443/
e71ed563d9c0742ee87ad93ec1a22238	springboot	https://tz.sec.xiaomi.com:443/
e71ed563d9c0742ee87ad93ec1a22238	springboot	https://verify.sec.xiaomi.com:443/
