-629047854	jetty 404	http://ap-southeast-1-web.ssp.yahoo.com/
-629047854	jetty 404	http://c2shb.pubgw.yahoo.com/
-629047854	jetty 404	http://c2shb.ssp.yahoo.com/
-629047854	jetty 404	http://eu-central-1-web.ssp.yahoo.com/
-629047854	jetty 404	http://oao-js-tag.onemobile.yahoo.com/
-629047854	jetty 404	http://prod-m-node-1111.ssp.ads.yahoo.com/
-629047854	jetty 404	http://prod-m-node-1211.ssp.ads.yahoo.com/
-629047854	jetty 404	http://prod-m-node-2111.ssp.ads.yahoo.com/
-629047854	jetty 404	http://prod-m-node-3111.ssp.ads.yahoo.com/
-629047854	jetty 404	http://s2shb.ssp.yahoo.com/
-629047854	jetty 404	http://us-east-1-web.ssp.yahoo.com/
-629047854	jetty 404	http://us-west-1-web.ssp.yahoo.com/
-629047854	jetty 404	http://web-oao.ssp.yahoo.com/
-629047854	jetty 404	http://web.ssp.yahoo.com/
-629047854	jetty 404	https://ap-southeast-1-web.ssp.yahoo.com/
-629047854	jetty 404	https://c2shb.pubgw.yahoo.com/
-629047854	jetty 404	https://c2shb.ssp.yahoo.com/
-629047854	jetty 404	https://eu-central-1-web.ssp.yahoo.com/
-629047854	jetty 404	https://oao-js-tag.onemobile.yahoo.com/
-629047854	jetty 404	https://prod-m-node-1111.ssp.ads.yahoo.com/
-629047854	jetty 404	https://prod-m-node-1211.ssp.ads.yahoo.com/
-629047854	jetty 404	https://prod-m-node-2111.ssp.ads.yahoo.com/
-629047854	jetty 404	https://prod-m-node-3111.ssp.ads.yahoo.com/
-629047854	jetty 404	https://s2shb.ssp.yahoo.com/
-629047854	jetty 404	https://us-east-1-web.ssp.yahoo.com/
-629047854	jetty 404	https://us-west-1-web.ssp.yahoo.com/
-629047854	jetty 404	https://web-oao.ssp.yahoo.com/
-629047854	jetty 404	https://web.ssp.yahoo.com/
0	zero byte favicon	http://ap-southeast.jill.fc.yahoo.com/
0	zero byte favicon	http://eu-central.jill.fc.yahoo.com/
0	zero byte favicon	http://protect.yahoo.com/
0	zero byte favicon	http://ups.analytics.yahoo.com/
0	zero byte favicon	http://us-east.jill.fc.yahoo.com/
0	zero byte favicon	http://us-west.jill.fc.yahoo.com/
0	zero byte favicon	https://ap-southeast.jill.fc.yahoo.com/
0	zero byte favicon	https://d.cp.yahoo.com/
0	zero byte favicon	https://eu-central.jill.fc.yahoo.com/
0	zero byte favicon	https://origin.dispatcher.yahoo.com/
0	zero byte favicon	https://origin.qa.dispatcher.yahoo.com/
0	zero byte favicon	https://protect.yahoo.com/
0	zero byte favicon	https://qa-d.cp.yahoo.com/
0	zero byte favicon	https://ups.analytics.yahoo.com/
0	zero byte favicon	https://us-east.jill.fc.yahoo.com/
0	zero byte favicon	https://us-west.jill.fc.yahoo.com/
116323821	springboot	https://helios-api.tgt.data.yahoo.com/
1523284537	yahoo	http://3p-pclick.europe.yahoo.com/
1523284537	yahoo	http://3p-pclick.internal.yahoo.com/
1523284537	yahoo	http://adfeedback.beap.adx.yahoo.com/
1523284537	yahoo	http://admanagerplus.yahoo.com/
1523284537	yahoo	http://ads.amp.commerce.yahoo.com/
1523284537	yahoo	http://ads.yahoo.com/
1523284537	yahoo	http://answers.search.yahoo.com/
1523284537	yahoo	http://antispam.yahoo.com/
1523284537	yahoo	http://ap-southeast-1-web-oao.ssp.yahoo.com/
1523284537	yahoo	http://ap-southeast-1-web.ssp.yahoo.com/
1523284537	yahoo	http://api-adfeedback.beap.adx.yahoo.com/
1523284537	yahoo	http://api-bcp.advertisinginsights.yahoo.com/
1523284537	yahoo	http://api-beta.g11n.yahoo.com/
1523284537	yahoo	http://api-da.local.yahoo.com/
1523284537	yahoo	http://api-onepush.query.yahoo.com/
1523284537	yahoo	http://api-partnerinsights.yahoo.com/
1523284537	yahoo	http://api.admanager.yahoo.com/
1523284537	yahoo	http://api.advertisinginsights.yahoo.com/
1523284537	yahoo	http://api.amp.commerce.yahoo.com/
1523284537	yahoo	http://api.digitalhomeservices.yahoo.com/
1523284537	yahoo	http://api.g11n.yahoo.com/
1523284537	yahoo	http://api.gemini.yahoo.com/
1523284537	yahoo	http://apis.falcon.yahoo.com/
1523284537	yahoo	http://apistg-partnerinsights.yahoo.com/
1523284537	yahoo	http://apple-smarttv.manhattan.yahoo.com/
1523284537	yahoo	http://astra.assistant.yahoo.com/
1523284537	yahoo	http://au.be.yahoo.com/
1523284537	yahoo	http://au.lifestyle.yahoo.com/
1523284537	yahoo	http://au.pets.yahoo.com/
1523284537	yahoo	http://au.sports.yahoo.com/
1523284537	yahoo	http://au.tv.yahoo.com/
1523284537	yahoo	http://autos.yahoo.com/
1523284537	yahoo	http://beacon.staging.yahoo.com/
1523284537	yahoo	http://beap-bc.yahoo.com/
1523284537	yahoo	http://beta-policies.yahoo.com/
1523284537	yahoo	http://beta-safely.yahoo.com/
1523284537	yahoo	http://beta-security.yahoo.com/
1523284537	yahoo	http://blink-dpa.gemini.yahoo.com/
1523284537	yahoo	http://br.financas.yahoo.com/
1523284537	yahoo	http://bskyb-carddav.address.yahoo.com/
1523284537	yahoo	http://calendar.yahoo.com/
1523284537	yahoo	http://carddav.address.yahoo.com/
1523284537	yahoo	http://ccpa-service-internal.yahoo.com/
1523284537	yahoo	http://cdn.ssp.yahoo.com/
1523284537	yahoo	http://checkout.fantasysports.yahoo.com/
1523284537	yahoo	http://checkout.finance.yahoo.com/
1523284537	yahoo	http://checkout.mail.yahoo.com/
1523284537	yahoo	http://checkout.yahoo.com/
1523284537	yahoo	http://client-tap.push.yahoo.com/
1523284537	yahoo	http://client.tools.advertising.yahoo.com/
1523284537	yahoo	http://commsdata.api.yahoo.com/
1523284537	yahoo	http://contacts.att.mobile.yahoo.com/
1523284537	yahoo	http://content.commerce.yahoo.com/
1523284537	yahoo	http://cookiex.ngd.yahoo.com/
1523284537	yahoo	http://covid19.knowledge.yahoo.com/
1523284537	yahoo	http://csc.adserver.yahoo.com/
1523284537	yahoo	http://d.cp.yahoo.com/
1523284537	yahoo	http://data.voice.yahoo.com/
1523284537	yahoo	http://dax-rd.apt.yahoo.com/
1523284537	yahoo	http://dd-ext.local.yahoo.com/
1523284537	yahoo	http://de.style.yahoo.com/
1523284537	yahoo	http://demoapp.omp.yahoo.com/
1523284537	yahoo	http://dev-ads.amp.commerce.yahoo.com/
1523284537	yahoo	http://dev-api.amp.commerce.yahoo.com/
1523284537	yahoo	http://dev-content.commerce.yahoo.com/
1523284537	yahoo	http://dev-marketplace.amp.commerce.yahoo.com/
1523284537	yahoo	http://dev-partner.amp.commerce.yahoo.com/
1523284537	yahoo	http://dev-vega.commerce.yahoo.com/
1523284537	yahoo	http://dev.checkout.fantasysports.yahoo.com/
1523284537	yahoo	http://dev.checkout.finance.yahoo.com/
1523284537	yahoo	http://dev.checkout.mail.yahoo.com/
1523284537	yahoo	http://dev.checkout.yahoo.com/
1523284537	yahoo	http://dev.help.yahoo.com/
1523284537	yahoo	http://dev.mysubscriptions.finance.yahoo.com/
1523284537	yahoo	http://dev.mysubscriptions.mail.yahoo.com/
1523284537	yahoo	http://dev.mysubscriptions.yahoo.com/
1523284537	yahoo	http://dev.plans.yahoo.com/
1523284537	yahoo	http://dev.plus.yahoo.com/
1523284537	yahoo	http://dev.subscriptions.yahoo.com/
1523284537	yahoo	http://dispatcher.yahoo.com/
1523284537	yahoo	http://e1.ycpi.aeb.yahoo.com/
1523284537	yahoo	http://e1.ycpi.cla.yahoo.com/
1523284537	yahoo	http://e1.ycpi.ina.yahoo.com/
1523284537	yahoo	http://e1.ycpi.inb.yahoo.com/
1523284537	yahoo	http://e1.ycpi.mxb.yahoo.com/
1523284537	yahoo	http://e10.ycpi.hkb.yahoo.com/
1523284537	yahoo	http://e11.ycpi.hkb.yahoo.com/
1523284537	yahoo	http://e12.ycpi.hkb.yahoo.com/
1523284537	yahoo	http://e13.ycpi.hkb.yahoo.com/
1523284537	yahoo	http://e14.ycpi.hkb.yahoo.com/
1523284537	yahoo	http://e15.ycpi.hkb.yahoo.com/
1523284537	yahoo	http://e2.ycpi.cla.yahoo.com/
1523284537	yahoo	http://e2.ycpi.cob.yahoo.com/
1523284537	yahoo	http://e2.ycpi.hkb.yahoo.com/
1523284537	yahoo	http://e2.ycpi.ina.yahoo.com/
1523284537	yahoo	http://e2.ycpi.inb.yahoo.com/
1523284537	yahoo	http://e2.ycpi.zaa.yahoo.com/
1523284537	yahoo	http://e3.ycpi.aeb.yahoo.com/
1523284537	yahoo	http://e3.ycpi.cob.yahoo.com/
1523284537	yahoo	http://e3.ycpi.ina.yahoo.com/
1523284537	yahoo	http://e3.ycpi.zaa.yahoo.com/
1523284537	yahoo	http://e4.ycpi.aeb.yahoo.com/
1523284537	yahoo	http://e4.ycpi.cla.yahoo.com/
1523284537	yahoo	http://e4.ycpi.cob.yahoo.com/
1523284537	yahoo	http://e4.ycpi.hkb.yahoo.com/
1523284537	yahoo	http://e4.ycpi.ina.yahoo.com/
1523284537	yahoo	http://e4.ycpi.inb.yahoo.com/
1523284537	yahoo	http://e4.ycpi.mxb.yahoo.com/
1523284537	yahoo	http://e4.ycpi.zaa.yahoo.com/
1523284537	yahoo	http://e5.ycpi.hkb.yahoo.com/
1523284537	yahoo	http://e6.ycpi.hkb.yahoo.com/
1523284537	yahoo	http://e7.ycpi.hkb.yahoo.com/
1523284537	yahoo	http://e8.ycpi.hkb.yahoo.com/
1523284537	yahoo	http://e9.ycpi.hkb.yahoo.com/
1523284537	yahoo	http://es-us.finanzas.yahoo.com/
1523284537	yahoo	http://esports.yahoo.com/
1523284537	yahoo	http://eu-central-1-web-oao.ssp.yahoo.com/
1523284537	yahoo	http://eu-central-1-web.ssp.yahoo.com/
1523284537	yahoo	http://fantasysports.yahoo.com/
1523284537	yahoo	http://fc.yahoo.com/
1523284537	yahoo	http://finance.yahoo.com/
1523284537	yahoo	http://finanzas.yahoo.com/
1523284537	yahoo	http://football.fantasysports.yahoo.com/
1523284537	yahoo	http://gallery.tv.widgets.yahoo.com/
1523284537	yahoo	http://gemini.yahoo.com/
1523284537	yahoo	http://geo.yahoo.com/
1523284537	yahoo	http://golf.fantasysports.yahoo.com/
1523284537	yahoo	http://groups.yahoo.com/
1523284537	yahoo	http://help.yahoo.com/
1523284537	yahoo	http://hk.auctions.yahoo.com/
1523284537	yahoo	http://hk.esports.yahoo.com/
1523284537	yahoo	http://hk.featured.yahoo.com/
1523284537	yahoo	http://hk.forum.search.yahoo.com/
1523284537	yahoo	http://hk.info.auctions.yahoo.com/
1523284537	yahoo	http://hk.promotions.yahoo.com/
1523284537	yahoo	http://id.berita.yahoo.com/
1523284537	yahoo	http://id.featured.yahoo.com/
1523284537	yahoo	http://in.feature.yahoo.com/
1523284537	yahoo	http://in.pa.yahoo.com/
1523284537	yahoo	http://info.ec.yahoo.com/
1523284537	yahoo	http://insights.yahoo.com/
1523284537	yahoo	http://io.gemini.yahoo.com/
1523284537	yahoo	http://jill.fc.yahoo.com/
1523284537	yahoo	http://kr.edit.billing.yahoo.com/
1523284537	yahoo	http://kr.img.search.yahoo.com/
1523284537	yahoo	http://labs.yahoo.com/
1523284537	yahoo	http://livemore.feature.yahoo.com/
1523284537	yahoo	http://local.yahoo.com/
1523284537	yahoo	http://location.userloc.geotech.yahoo.com/
1523284537	yahoo	http://m.tw.bid.yahoo.com/
1523284537	yahoo	http://m.tw.buy.yahoo.com/
1523284537	yahoo	http://m.tw.mall.yahoo.com/
1523284537	yahoo	http://m.tw.search.bid.yahoo.com/
1523284537	yahoo	http://m.yahoo.com/
1523284537	yahoo	http://mail.yahoo.com/
1523284537	yahoo	http://mailplus.mail.yahoo.com/
1523284537	yahoo	http://manifest.sapi.yahoo.com/
1523284537	yahoo	http://maps.yahoo.com/
1523284537	yahoo	http://marketplace.amp.commerce.yahoo.com/
1523284537	yahoo	http://merchant.gemini.yahoo.com/
1523284537	yahoo	http://mg.mail.yahoo.com/
1523284537	yahoo	http://mgws2.dev.maps.yahoo.com/
1523284537	yahoo	http://mgws2.maps.yahoo.com/
1523284537	yahoo	http://mgwsb.maps.yahoo.com/
1523284537	yahoo	http://mobile.yahoo.com/
1523284537	yahoo	http://money.yahoo.com/
1523284537	yahoo	http://msd-pub.athenz.yahoo.com/
1523284537	yahoo	http://mujer.yahoo.com/
1523284537	yahoo	http://my.featured.yahoo.com/
1523284537	yahoo	http://mysubscriptions.finance.yahoo.com/
1523284537	yahoo	http://mysubscriptions.mail.yahoo.com/
1523284537	yahoo	http://mysubscriptions.yahoo.com/
1523284537	yahoo	http://news.yahoo.com/
1523284537	yahoo	http://notepad.yahoo.com/
1523284537	yahoo	http://ns.gemini.yahoo.com/
1523284537	yahoo	http://overview.mail.yahoo.com/
1523284537	yahoo	http://partner.amp.commerce.yahoo.com/
1523284537	yahoo	http://partnerinsights.yahoo.com/
1523284537	yahoo	http://payment.ad.yahoo.com/
1523284537	yahoo	http://pclick.internal.yahoo.com/
1523284537	yahoo	http://perf-ads.amp.commerce.yahoo.com/
1523284537	yahoo	http://perf-astra.commerce.yahoo.com/
1523284537	yahoo	http://perf-content.commerce.yahoo.com/
1523284537	yahoo	http://perf-marketplace.amp.commerce.yahoo.com/
1523284537	yahoo	http://perf-partner.amp.commerce.yahoo.com/
1523284537	yahoo	http://perf-vega.commerce.yahoo.com/
1523284537	yahoo	http://plans.yahoo.com/
1523284537	yahoo	http://politicaladsapi.adx.yahoo.com/
1523284537	yahoo	http://prod1.psearch.yahoo.com/
1523284537	yahoo	http://productcentral.yahoo.com/
1523284537	yahoo	http://profileproxy-1mobile.tgt.data.yahoo.com/
1523284537	yahoo	http://pubgw.ads.yahoo.com/
1523284537	yahoo	http://pubgw.yahoo.com/
1523284537	yahoo	http://qa.checkout.fantasysports.yahoo.com/
1523284537	yahoo	http://qa.checkout.finance.yahoo.com/
1523284537	yahoo	http://qa.checkout.mail.yahoo.com/
1523284537	yahoo	http://qa.checkout.yahoo.com/
1523284537	yahoo	http://qa.dispatcher.yahoo.com/
1523284537	yahoo	http://qa.mysubscriptions.finance.yahoo.com/
1523284537	yahoo	http://qa.mysubscriptions.mail.yahoo.com/
1523284537	yahoo	http://qa.mysubscriptions.yahoo.com/
1523284537	yahoo	http://qa.plans.yahoo.com/
1523284537	yahoo	http://qa.subscriptions.yahoo.com/
1523284537	yahoo	http://qa.uk.subscriptions.yahoo.com/
1523284537	yahoo	http://recipes.search.yahoo.com/
1523284537	yahoo	http://ris-staging.vapi.yahoo.com/
1523284537	yahoo	http://rivals.yahoo.com/
1523284537	yahoo	http://safeframes.yahoo.com/
1523284537	yahoo	http://safely.yahoo.com/
1523284537	yahoo	http://sandbox-api.admanager.yahoo.com/
1523284537	yahoo	http://sandbox-api.gemini.yahoo.com/
1523284537	yahoo	http://sandbox.datax.yahoo.com/
1523284537	yahoo	http://sandbox.userloc.location.yahoo.com/
1523284537	yahoo	http://sdk.amp.commerce.yahoo.com/
1523284537	yahoo	http://sea.advertising.yahoo.com/
1523284537	yahoo	http://search.yahoo.com/
1523284537	yahoo	http://sg.feature.yahoo.com/
1523284537	yahoo	http://sg.featured.yahoo.com/
1523284537	yahoo	http://shopping.search.yahoo.com/
1523284537	yahoo	http://smarttv-screen.manhattan.yahoo.com/
1523284537	yahoo	http://smarttv-smartinfo.manhattan.yahoo.com/
1523284537	yahoo	http://sp-ycpi.analytics.yahoo.com/
1523284537	yahoo	http://sport.yahoo.com/
1523284537	yahoo	http://sports.yahoo.com/
1523284537	yahoo	http://stage-ccpa-service-internal.yahoo.com/
1523284537	yahoo	http://stage.checkout.fantasysports.yahoo.com/
1523284537	yahoo	http://stage.checkout.finance.yahoo.com/
1523284537	yahoo	http://stage.checkout.mail.yahoo.com/
1523284537	yahoo	http://stage.checkout.yahoo.com/
1523284537	yahoo	http://stage.geoinfo.location.yahoo.com/
1523284537	yahoo	http://stage.maps.yahoo.com/
1523284537	yahoo	http://stage.mysubscriptions.finance.yahoo.com/
1523284537	yahoo	http://stage.mysubscriptions.mail.yahoo.com/
1523284537	yahoo	http://stage.mysubscriptions.yahoo.com/
1523284537	yahoo	http://stage.plans.yahoo.com/
1523284537	yahoo	http://stage.subscriptions.yahoo.com/
1523284537	yahoo	http://stage.uk.subscriptions.yahoo.com/
1523284537	yahoo	http://stage.userloc.location.yahoo.com/
1523284537	yahoo	http://stage.yakl.ops.yahoo.com/
1523284537	yahoo	http://staging.vapi.yahoo.com/
1523284537	yahoo	http://stg-ads.amp.commerce.yahoo.com/
1523284537	yahoo	http://stg-api.amp.commerce.yahoo.com/
1523284537	yahoo	http://stg-content.commerce.yahoo.com/
1523284537	yahoo	http://stg-marketplace.amp.commerce.yahoo.com/
1523284537	yahoo	http://stg-partner.amp.commerce.yahoo.com/
1523284537	yahoo	http://stg-partnerinsights.yahoo.com/
1523284537	yahoo	http://stg-pub.msd.athenz.yahoo.com/
1523284537	yahoo	http://stg-sdk.amp.commerce.yahoo.com/
1523284537	yahoo	http://stg-vega.commerce.yahoo.com/
1523284537	yahoo	http://stgmerchant.gemini.yahoo.com/
1523284537	yahoo	http://subs.communications.yahoo.com/
1523284537	yahoo	http://subscriptions.yahoo.com/
1523284537	yahoo	http://test.geo.yahoo.com/
1523284537	yahoo	http://testvideo.advertising.yahoo.com/
1523284537	yahoo	http://tp.ads.yahoo.com/
1523284537	yahoo	http://tripod.yahoo.com/
1523284537	yahoo	http://tv.widgets.yahoo.com/
1523284537	yahoo	http://tw.analytics.buy.yahoo.com/
1523284537	yahoo	http://tw.analytics.mall.yahoo.com/
1523284537	yahoo	http://tw.autos.search.yahoo.com/
1523284537	yahoo	http://tw.batch.bid.yahoo.com/
1523284537	yahoo	http://tw.blog.search.yahoo.com/
1523284537	yahoo	http://tw.buy.yahoo.com/
1523284537	yahoo	http://tw.campaign.mall.yahoo.com/
1523284537	yahoo	http://tw.campaign.money.yahoo.com/
1523284537	yahoo	http://tw.campaign.yahoo.com/
1523284537	yahoo	http://tw.cpartner.billing.yahoo.com/
1523284537	yahoo	http://tw.edit.listing.yahoo.com/
1523284537	yahoo	http://tw.edit.store.bid.yahoo.com/
1523284537	yahoo	http://tw.edmbc.mall.yahoo.com/
1523284537	yahoo	http://tw.emarketing.yahoo.com/
1523284537	yahoo	http://tw.esports.yahoo.com/
1523284537	yahoo	http://tw.female.theme.mall.yahoo.com/
1523284537	yahoo	http://tw.finance.yahoo.com/
1523284537	yahoo	http://tw.futures.finance.yahoo.com/
1523284537	yahoo	http://tw.imgup.bid.yahoo.com/
1523284537	yahoo	http://tw.livechat.yahoo.com/
1523284537	yahoo	http://tw.mall.yahoo.com/
1523284537	yahoo	http://tw.man.theme.mall.yahoo.com/
1523284537	yahoo	http://tw.master.bid.yahoo.com/
1523284537	yahoo	http://tw.money.yahoo.com/
1523284537	yahoo	http://tw.page.bid.yahoo.com/
1523284537	yahoo	http://tw.page.mall.yahoo.com/
1523284537	yahoo	http://tw.partner.buy.yahoo.com/
1523284537	yahoo	http://tw.points.yahoo.com/
1523284537	yahoo	http://tw.promo.yahoo.com/
1523284537	yahoo	http://tw.rcv.mall.yahoo.com/
1523284537	yahoo	http://tw.sales.emarketing.yahoo.com/
1523284537	yahoo	http://tw.sc.mall.yahoo.com/
1523284537	yahoo	http://tw.serviceplus.yahoo.com/
1523284537	yahoo	http://tw.stock.yahoo.com/
1523284537	yahoo	http://tw.store.bid.yahoo.com/
1523284537	yahoo	http://tw.tech.yahoo.com/
1523284537	yahoo	http://tw.user.bid.yahoo.com/
1523284537	yahoo	http://tw.user.mall.yahoo.com/
1523284537	yahoo	http://tw.ysm.emarketing.yahoo.com/
1523284537	yahoo	http://us-east-1-web-oao.ssp.yahoo.com/
1523284537	yahoo	http://us-east-1-web.ssp.yahoo.com/
1523284537	yahoo	http://us-west-1-web-oao.ssp.yahoo.com/
1523284537	yahoo	http://us-west-1-web.ssp.yahoo.com/
1523284537	yahoo	http://us.csc.adserver.yahoo.com/
1523284537	yahoo	http://vega.commerce.yahoo.com/
1523284537	yahoo	http://vendor-beta.g11n.yahoo.com/
1523284537	yahoo	http://vendor.g11n.yahoo.com/
1523284537	yahoo	http://video.media.yql.yahoo.com/
1523284537	yahoo	http://voice.yahoo.com/
1523284537	yahoo	http://webscope.sandbox.yahoo.com/
1523284537	yahoo	http://ws-contacts.mail.yahoo.com/
1523284537	yahoo	http://ws-contacts.progrss.yahoo.com/
1523284537	yahoo	http://xml-nar-dm.ysm.yahoo.com/
1523284537	yahoo	http://yahoomail.feature.yahoo.com/
1523284537	yahoo	http://yakl.ops.yahoo.com/
1523284537	yahoo	http://yql.yahoo.com/
1523284537	yahoo	https://3p-pclick.europe.yahoo.com/
1523284537	yahoo	https://3p-pclick.internal.yahoo.com/
1523284537	yahoo	https://adfeedback.beap.adx.yahoo.com/
1523284537	yahoo	https://admanagerplus.yahoo.com/
1523284537	yahoo	https://ads.amp.commerce.yahoo.com/
1523284537	yahoo	https://ads.yahoo.com/
1523284537	yahoo	https://answers.search.yahoo.com/
1523284537	yahoo	https://antispam.yahoo.com/
1523284537	yahoo	https://ap-southeast-1-web-oao.ssp.yahoo.com/
1523284537	yahoo	https://ap-southeast-1-web.ssp.yahoo.com/
1523284537	yahoo	https://api-adfeedback.beap.adx.yahoo.com/
1523284537	yahoo	https://api-bcp.advertisinginsights.yahoo.com/
1523284537	yahoo	https://api-onepush.query.yahoo.com/
1523284537	yahoo	https://api-partnerinsights.yahoo.com/
1523284537	yahoo	https://api.admanager.yahoo.com/
1523284537	yahoo	https://api.advertisinginsights.yahoo.com/
1523284537	yahoo	https://api.amp.commerce.yahoo.com/
1523284537	yahoo	https://api.digitalhomeservices.yahoo.com/
1523284537	yahoo	https://api.gemini.yahoo.com/
1523284537	yahoo	https://apis.falcon.yahoo.com/
1523284537	yahoo	https://apistg-partnerinsights.yahoo.com/
1523284537	yahoo	https://apple-smarttv.manhattan.yahoo.com/
1523284537	yahoo	https://astra.assistant.yahoo.com/
1523284537	yahoo	https://au.be.yahoo.com/
1523284537	yahoo	https://au.lifestyle.yahoo.com/
1523284537	yahoo	https://au.pets.yahoo.com/
1523284537	yahoo	https://au.sports.yahoo.com/
1523284537	yahoo	https://au.tv.yahoo.com/
1523284537	yahoo	https://autos.yahoo.com/
1523284537	yahoo	https://beacon.staging.yahoo.com/
1523284537	yahoo	https://beap-bc.yahoo.com/
1523284537	yahoo	https://beta-policies.yahoo.com/
1523284537	yahoo	https://beta-safely.yahoo.com/
1523284537	yahoo	https://beta-security.yahoo.com/
1523284537	yahoo	https://br.financas.yahoo.com/
1523284537	yahoo	https://bskyb-carddav.address.yahoo.com/
1523284537	yahoo	https://calendar.yahoo.com/
1523284537	yahoo	https://carddav.address.yahoo.com/
1523284537	yahoo	https://cdn.ssp.yahoo.com/
1523284537	yahoo	https://checkout.fantasysports.yahoo.com/
1523284537	yahoo	https://checkout.finance.yahoo.com/
1523284537	yahoo	https://checkout.mail.yahoo.com/
1523284537	yahoo	https://checkout.yahoo.com/
1523284537	yahoo	https://client-tap.push.yahoo.com/
1523284537	yahoo	https://client.tools.advertising.yahoo.com/
1523284537	yahoo	https://commsdata.api.yahoo.com/
1523284537	yahoo	https://contacts.att.mobile.yahoo.com/
1523284537	yahoo	https://content.commerce.yahoo.com/
1523284537	yahoo	https://cookiex.ngd.yahoo.com/
1523284537	yahoo	https://covid19.knowledge.yahoo.com/
1523284537	yahoo	https://csc.adserver.yahoo.com/
1523284537	yahoo	https://d.cp.yahoo.com/
1523284537	yahoo	https://data.voice.yahoo.com/
1523284537	yahoo	https://dax-rd.apt.yahoo.com/
1523284537	yahoo	https://de.style.yahoo.com/
1523284537	yahoo	https://demoapp.omp.yahoo.com/
1523284537	yahoo	https://dev-ads.amp.commerce.yahoo.com/
1523284537	yahoo	https://dev-api.amp.commerce.yahoo.com/
1523284537	yahoo	https://dev-content.commerce.yahoo.com/
1523284537	yahoo	https://dev-marketplace.amp.commerce.yahoo.com/
1523284537	yahoo	https://dev-partner.amp.commerce.yahoo.com/
1523284537	yahoo	https://dev-vega.commerce.yahoo.com/
1523284537	yahoo	https://dev.checkout.fantasysports.yahoo.com/
1523284537	yahoo	https://dev.checkout.finance.yahoo.com/
1523284537	yahoo	https://dev.checkout.mail.yahoo.com/
1523284537	yahoo	https://dev.checkout.yahoo.com/
1523284537	yahoo	https://dev.help.yahoo.com/
1523284537	yahoo	https://dev.mysubscriptions.finance.yahoo.com/
1523284537	yahoo	https://dev.mysubscriptions.mail.yahoo.com/
1523284537	yahoo	https://dev.mysubscriptions.yahoo.com/
1523284537	yahoo	https://dev.plans.yahoo.com/
1523284537	yahoo	https://dev.plus.yahoo.com/
1523284537	yahoo	https://dev.subscriptions.yahoo.com/
1523284537	yahoo	https://dispatcher.yahoo.com/
1523284537	yahoo	https://e1.ycpi.aeb.yahoo.com/
1523284537	yahoo	https://e1.ycpi.cla.yahoo.com/
1523284537	yahoo	https://e1.ycpi.ina.yahoo.com/
1523284537	yahoo	https://e1.ycpi.inb.yahoo.com/
1523284537	yahoo	https://e1.ycpi.mxb.yahoo.com/
1523284537	yahoo	https://e10.ycpi.hkb.yahoo.com/
1523284537	yahoo	https://e11.ycpi.hkb.yahoo.com/
1523284537	yahoo	https://e12.ycpi.hkb.yahoo.com/
1523284537	yahoo	https://e13.ycpi.hkb.yahoo.com/
1523284537	yahoo	https://e14.ycpi.hkb.yahoo.com/
1523284537	yahoo	https://e15.ycpi.hkb.yahoo.com/
1523284537	yahoo	https://e17.ycpi.hkb.yahoo.com/
1523284537	yahoo	https://e18.ycpi.hkb.yahoo.com/
1523284537	yahoo	https://e2.ycpi.aeb.yahoo.com/
1523284537	yahoo	https://e2.ycpi.cla.yahoo.com/
1523284537	yahoo	https://e2.ycpi.cob.yahoo.com/
1523284537	yahoo	https://e2.ycpi.hkb.yahoo.com/
1523284537	yahoo	https://e2.ycpi.ina.yahoo.com/
1523284537	yahoo	https://e2.ycpi.inb.yahoo.com/
1523284537	yahoo	https://e3.ycpi.aeb.yahoo.com/
1523284537	yahoo	https://e3.ycpi.cob.yahoo.com/
1523284537	yahoo	https://e3.ycpi.ina.yahoo.com/
1523284537	yahoo	https://e3.ycpi.zaa.yahoo.com/
1523284537	yahoo	https://e4.ycpi.aeb.yahoo.com/
1523284537	yahoo	https://e4.ycpi.cla.yahoo.com/
1523284537	yahoo	https://e4.ycpi.cob.yahoo.com/
1523284537	yahoo	https://e4.ycpi.hkb.yahoo.com/
1523284537	yahoo	https://e4.ycpi.ina.yahoo.com/
1523284537	yahoo	https://e4.ycpi.inb.yahoo.com/
1523284537	yahoo	https://e4.ycpi.mxb.yahoo.com/
1523284537	yahoo	https://e4.ycpi.zaa.yahoo.com/
1523284537	yahoo	https://e5.ycpi.hkb.yahoo.com/
1523284537	yahoo	https://e6.ycpi.hkb.yahoo.com/
1523284537	yahoo	https://e7.ycpi.hkb.yahoo.com/
1523284537	yahoo	https://e8.ycpi.hkb.yahoo.com/
1523284537	yahoo	https://e9.ycpi.hkb.yahoo.com/
1523284537	yahoo	https://es-us.finanzas.yahoo.com/
1523284537	yahoo	https://esports.yahoo.com/
1523284537	yahoo	https://eu-central-1-web-oao.ssp.yahoo.com/
1523284537	yahoo	https://eu-central-1-web.ssp.yahoo.com/
1523284537	yahoo	https://fantasysports.yahoo.com/
1523284537	yahoo	https://fc.yahoo.com/
1523284537	yahoo	https://finance.yahoo.com/
1523284537	yahoo	https://finanzas.yahoo.com/
1523284537	yahoo	https://football.fantasysports.yahoo.com/
1523284537	yahoo	https://gallery.tv.widgets.yahoo.com/
1523284537	yahoo	https://gemini.yahoo.com/
1523284537	yahoo	https://geo.yahoo.com/
1523284537	yahoo	https://golf.fantasysports.yahoo.com/
1523284537	yahoo	https://groups.yahoo.com/
1523284537	yahoo	https://help.yahoo.com/
1523284537	yahoo	https://hk.esports.yahoo.com/
1523284537	yahoo	https://hk.featured.yahoo.com/
1523284537	yahoo	https://hk.forum.search.yahoo.com/
1523284537	yahoo	https://hk.promotions.yahoo.com/
1523284537	yahoo	https://id.berita.yahoo.com/
1523284537	yahoo	https://id.featured.yahoo.com/
1523284537	yahoo	https://in.feature.yahoo.com/
1523284537	yahoo	https://in.pa.yahoo.com/
1523284537	yahoo	https://info.ec.yahoo.com/
1523284537	yahoo	https://insights.yahoo.com/
1523284537	yahoo	https://io.gemini.yahoo.com/
1523284537	yahoo	https://jill.fc.yahoo.com/
1523284537	yahoo	https://kr.edit.billing.yahoo.com/
1523284537	yahoo	https://kr.img.search.yahoo.com/
1523284537	yahoo	https://labs.yahoo.com/
1523284537	yahoo	https://livemore.feature.yahoo.com/
1523284537	yahoo	https://local.yahoo.com/
1523284537	yahoo	https://m.tw.bid.yahoo.com/
1523284537	yahoo	https://m.tw.buy.yahoo.com/
1523284537	yahoo	https://m.tw.mall.yahoo.com/
1523284537	yahoo	https://m.tw.search.bid.yahoo.com/
1523284537	yahoo	https://m.yahoo.com/
1523284537	yahoo	https://mail.yahoo.com/
1523284537	yahoo	https://mailplus.mail.yahoo.com/
1523284537	yahoo	https://manifest.sapi.yahoo.com/
1523284537	yahoo	https://maps.yahoo.com/
1523284537	yahoo	https://marketplace.amp.commerce.yahoo.com/
1523284537	yahoo	https://merchant.gemini.yahoo.com/
1523284537	yahoo	https://mg.mail.yahoo.com/
1523284537	yahoo	https://mobile.yahoo.com/
1523284537	yahoo	https://money.yahoo.com/
1523284537	yahoo	https://mujer.yahoo.com/
1523284537	yahoo	https://my.featured.yahoo.com/
1523284537	yahoo	https://mysubscriptions.finance.yahoo.com/
1523284537	yahoo	https://mysubscriptions.mail.yahoo.com/
1523284537	yahoo	https://mysubscriptions.yahoo.com/
1523284537	yahoo	https://news.yahoo.com/
1523284537	yahoo	https://notepad.yahoo.com/
1523284537	yahoo	https://overview.mail.yahoo.com/
1523284537	yahoo	https://partner.amp.commerce.yahoo.com/
1523284537	yahoo	https://partnerinsights.yahoo.com/
1523284537	yahoo	https://payment.ad.yahoo.com/
1523284537	yahoo	https://pclick.internal.yahoo.com/
1523284537	yahoo	https://perf-ads.amp.commerce.yahoo.com/
1523284537	yahoo	https://perf-astra.commerce.yahoo.com/
1523284537	yahoo	https://perf-content.commerce.yahoo.com/
1523284537	yahoo	https://perf-marketplace.amp.commerce.yahoo.com/
1523284537	yahoo	https://perf-partner.amp.commerce.yahoo.com/
1523284537	yahoo	https://perf-vega.commerce.yahoo.com/
1523284537	yahoo	https://plans.yahoo.com/
1523284537	yahoo	https://politicaladsapi.adx.yahoo.com/
1523284537	yahoo	https://prod1.psearch.yahoo.com/
1523284537	yahoo	https://productcentral.yahoo.com/
1523284537	yahoo	https://pubgw.ads.yahoo.com/
1523284537	yahoo	https://pubgw.yahoo.com/
1523284537	yahoo	https://qa.checkout.fantasysports.yahoo.com/
1523284537	yahoo	https://qa.checkout.finance.yahoo.com/
1523284537	yahoo	https://qa.checkout.mail.yahoo.com/
1523284537	yahoo	https://qa.checkout.yahoo.com/
1523284537	yahoo	https://qa.dispatcher.yahoo.com/
1523284537	yahoo	https://qa.mysubscriptions.finance.yahoo.com/
1523284537	yahoo	https://qa.mysubscriptions.mail.yahoo.com/
1523284537	yahoo	https://qa.mysubscriptions.yahoo.com/
1523284537	yahoo	https://qa.plans.yahoo.com/
1523284537	yahoo	https://qa.subscriptions.yahoo.com/
1523284537	yahoo	https://qa.uk.subscriptions.yahoo.com/
1523284537	yahoo	https://recipes.search.yahoo.com/
1523284537	yahoo	https://rivals.yahoo.com/
1523284537	yahoo	https://safeframes.yahoo.com/
1523284537	yahoo	https://safely.yahoo.com/
1523284537	yahoo	https://sandbox-api.admanager.yahoo.com/
1523284537	yahoo	https://sandbox-api.gemini.yahoo.com/
1523284537	yahoo	https://sandbox.datax.yahoo.com/
1523284537	yahoo	https://sdk.amp.commerce.yahoo.com/
1523284537	yahoo	https://sea.advertising.yahoo.com/
1523284537	yahoo	https://search.yahoo.com/
1523284537	yahoo	https://sg.feature.yahoo.com/
1523284537	yahoo	https://sg.featured.yahoo.com/
1523284537	yahoo	https://shopping.search.yahoo.com/
1523284537	yahoo	https://smarttv-screen.manhattan.yahoo.com/
1523284537	yahoo	https://smarttv-smartinfo.manhattan.yahoo.com/
1523284537	yahoo	https://sp-ycpi.analytics.yahoo.com/
1523284537	yahoo	https://sport.yahoo.com/
1523284537	yahoo	https://sports.yahoo.com/
1523284537	yahoo	https://stage.checkout.fantasysports.yahoo.com/
1523284537	yahoo	https://stage.checkout.finance.yahoo.com/
1523284537	yahoo	https://stage.checkout.mail.yahoo.com/
1523284537	yahoo	https://stage.checkout.yahoo.com/
1523284537	yahoo	https://stage.maps.yahoo.com/
1523284537	yahoo	https://stage.mysubscriptions.finance.yahoo.com/
1523284537	yahoo	https://stage.mysubscriptions.mail.yahoo.com/
1523284537	yahoo	https://stage.mysubscriptions.yahoo.com/
1523284537	yahoo	https://stage.plans.yahoo.com/
1523284537	yahoo	https://stage.subscriptions.yahoo.com/
1523284537	yahoo	https://stage.uk.subscriptions.yahoo.com/
1523284537	yahoo	https://stg-ads.amp.commerce.yahoo.com/
1523284537	yahoo	https://stg-api.amp.commerce.yahoo.com/
1523284537	yahoo	https://stg-content.commerce.yahoo.com/
1523284537	yahoo	https://stg-marketplace.amp.commerce.yahoo.com/
1523284537	yahoo	https://stg-partner.amp.commerce.yahoo.com/
1523284537	yahoo	https://stg-partnerinsights.yahoo.com/
1523284537	yahoo	https://stg-pub.msd.athenz.yahoo.com/
1523284537	yahoo	https://stg-sdk.amp.commerce.yahoo.com/
1523284537	yahoo	https://stg-vega.commerce.yahoo.com/
1523284537	yahoo	https://stgmerchant.gemini.yahoo.com/
1523284537	yahoo	https://subs.communications.yahoo.com/
1523284537	yahoo	https://subscriptions.yahoo.com/
1523284537	yahoo	https://test.geo.yahoo.com/
1523284537	yahoo	https://testvideo.advertising.yahoo.com/
1523284537	yahoo	https://tp.ads.yahoo.com/
1523284537	yahoo	https://tripod.yahoo.com/
1523284537	yahoo	https://tv.widgets.yahoo.com/
1523284537	yahoo	https://tw-billing.bid.yahoo.com/
1523284537	yahoo	https://tw.analytics.buy.yahoo.com/
1523284537	yahoo	https://tw.analytics.mall.yahoo.com/
1523284537	yahoo	https://tw.autos.search.yahoo.com/
1523284537	yahoo	https://tw.batch.bid.yahoo.com/
1523284537	yahoo	https://tw.billing.bid.yahoo.com/
1523284537	yahoo	https://tw.billing.yahoo.com/
1523284537	yahoo	https://tw.blog.search.yahoo.com/
1523284537	yahoo	https://tw.buy.yahoo.com/
1523284537	yahoo	https://tw.campaign.mall.yahoo.com/
1523284537	yahoo	https://tw.campaign.money.yahoo.com/
1523284537	yahoo	https://tw.campaign.yahoo.com/
1523284537	yahoo	https://tw.edit.listing.yahoo.com/
1523284537	yahoo	https://tw.edit.store.bid.yahoo.com/
1523284537	yahoo	https://tw.edmbc.mall.yahoo.com/
1523284537	yahoo	https://tw.emarketing.yahoo.com/
1523284537	yahoo	https://tw.esports.yahoo.com/
1523284537	yahoo	https://tw.female.theme.mall.yahoo.com/
1523284537	yahoo	https://tw.finance.yahoo.com/
1523284537	yahoo	https://tw.futures.finance.yahoo.com/
1523284537	yahoo	https://tw.imgup.bid.yahoo.com/
1523284537	yahoo	https://tw.mall.yahoo.com/
1523284537	yahoo	https://tw.man.theme.mall.yahoo.com/
1523284537	yahoo	https://tw.master.bid.yahoo.com/
1523284537	yahoo	https://tw.money.yahoo.com/
1523284537	yahoo	https://tw.page.bid.yahoo.com/
1523284537	yahoo	https://tw.page.mall.yahoo.com/
1523284537	yahoo	https://tw.partner.buy.yahoo.com/
1523284537	yahoo	https://tw.point.yahoo.com/
1523284537	yahoo	https://tw.points.yahoo.com/
1523284537	yahoo	https://tw.promo.yahoo.com/
1523284537	yahoo	https://tw.rcv.mall.yahoo.com/
1523284537	yahoo	https://tw.sales.emarketing.yahoo.com/
1523284537	yahoo	https://tw.sc.mall.yahoo.com/
1523284537	yahoo	https://tw.serviceplus.yahoo.com/
1523284537	yahoo	https://tw.stock.yahoo.com/
1523284537	yahoo	https://tw.store.bid.yahoo.com/
1523284537	yahoo	https://tw.tech.yahoo.com/
1523284537	yahoo	https://tw.user.bid.yahoo.com/
1523284537	yahoo	https://tw.user.mall.yahoo.com/
1523284537	yahoo	https://tw.ysm.emarketing.yahoo.com/
1523284537	yahoo	https://tw.yts.billing.yahoo.com/
1523284537	yahoo	https://us-east-1-web-oao.ssp.yahoo.com/
1523284537	yahoo	https://us-east-1-web.ssp.yahoo.com/
1523284537	yahoo	https://us-west-1-web-oao.ssp.yahoo.com/
1523284537	yahoo	https://us-west-1-web.ssp.yahoo.com/
1523284537	yahoo	https://us.csc.adserver.yahoo.com/
1523284537	yahoo	https://vega.commerce.yahoo.com/
1523284537	yahoo	https://vendor-beta.g11n.yahoo.com/
1523284537	yahoo	https://vendor.g11n.yahoo.com/
1523284537	yahoo	https://video.media.yql.yahoo.com/
1523284537	yahoo	https://voice.yahoo.com/
1523284537	yahoo	https://webscope.sandbox.yahoo.com/
1523284537	yahoo	https://ws-contacts.mail.yahoo.com/
1523284537	yahoo	https://ws-contacts.progrss.yahoo.com/
1523284537	yahoo	https://xml-nar-dm.ysm.yahoo.com/
1523284537	yahoo	https://yahoomail.feature.yahoo.com/
1523284537	yahoo	https://yql.yahoo.com/
1772087922	asp.net favicon	https://tw.livechat.yahoo.com/
b0d1844949fe7dcdf210983feb285241	aspnet	https://tw.livechat.yahoo.com/
d41d8cd98f00b204e9800998ecf8427e	zero byte favicon	http://ap-southeast.jill.fc.yahoo.com/
d41d8cd98f00b204e9800998ecf8427e	zero byte favicon	http://eu-central.jill.fc.yahoo.com/
d41d8cd98f00b204e9800998ecf8427e	zero byte favicon	http://protect.yahoo.com/
d41d8cd98f00b204e9800998ecf8427e	zero byte favicon	http://ups.analytics.yahoo.com/
d41d8cd98f00b204e9800998ecf8427e	zero byte favicon	http://us-east.jill.fc.yahoo.com/
d41d8cd98f00b204e9800998ecf8427e	zero byte favicon	http://us-west.jill.fc.yahoo.com/
d41d8cd98f00b204e9800998ecf8427e	zero byte favicon	https://ap-southeast.jill.fc.yahoo.com/
d41d8cd98f00b204e9800998ecf8427e	zero byte favicon	https://d.cp.yahoo.com/
d41d8cd98f00b204e9800998ecf8427e	zero byte favicon	https://eu-central.jill.fc.yahoo.com/
d41d8cd98f00b204e9800998ecf8427e	zero byte favicon	https://origin.dispatcher.yahoo.com/
d41d8cd98f00b204e9800998ecf8427e	zero byte favicon	https://origin.qa.dispatcher.yahoo.com/
d41d8cd98f00b204e9800998ecf8427e	zero byte favicon	https://protect.yahoo.com/
d41d8cd98f00b204e9800998ecf8427e	zero byte favicon	https://qa-d.cp.yahoo.com/
d41d8cd98f00b204e9800998ecf8427e	zero byte favicon	https://ups.analytics.yahoo.com/
d41d8cd98f00b204e9800998ecf8427e	zero byte favicon	https://us-east.jill.fc.yahoo.com/
d41d8cd98f00b204e9800998ecf8427e	zero byte favicon	https://us-west.jill.fc.yahoo.com/
d76545e7b993723fb0c1d4b6eed1f5be	yahoo	http://3p-pclick.europe.yahoo.com/
d76545e7b993723fb0c1d4b6eed1f5be	yahoo	http://3p-pclick.internal.yahoo.com/
d76545e7b993723fb0c1d4b6eed1f5be	yahoo	http://adfeedback.beap.adx.yahoo.com/
d76545e7b993723fb0c1d4b6eed1f5be	yahoo	http://admanagerplus.yahoo.com/
d76545e7b993723fb0c1d4b6eed1f5be	yahoo	http://ads.amp.commerce.yahoo.com/
d76545e7b993723fb0c1d4b6eed1f5be	yahoo	http://ads.yahoo.com/
d76545e7b993723fb0c1d4b6eed1f5be	yahoo	http://answers.search.yahoo.com/
d76545e7b993723fb0c1d4b6eed1f5be	yahoo	http://antispam.yahoo.com/
d76545e7b993723fb0c1d4b6eed1f5be	yahoo	http://ap-southeast-1-web-oao.ssp.yahoo.com/
d76545e7b993723fb0c1d4b6eed1f5be	yahoo	http://ap-southeast-1-web.ssp.yahoo.com/
d76545e7b993723fb0c1d4b6eed1f5be	yahoo	http://api-adfeedback.beap.adx.yahoo.com/
d76545e7b993723fb0c1d4b6eed1f5be	yahoo	http://api-bcp.advertisinginsights.yahoo.com/
d76545e7b993723fb0c1d4b6eed1f5be	yahoo	http://api-beta.g11n.yahoo.com/
d76545e7b993723fb0c1d4b6eed1f5be	yahoo	http://api-da.local.yahoo.com/
d76545e7b993723fb0c1d4b6eed1f5be	yahoo	http://api-onepush.query.yahoo.com/
d76545e7b993723fb0c1d4b6eed1f5be	yahoo	http://api-partnerinsights.yahoo.com/
d76545e7b993723fb0c1d4b6eed1f5be	yahoo	http://api.admanager.yahoo.com/
d76545e7b993723fb0c1d4b6eed1f5be	yahoo	http://api.advertisinginsights.yahoo.com/
d76545e7b993723fb0c1d4b6eed1f5be	yahoo	http://api.amp.commerce.yahoo.com/
d76545e7b993723fb0c1d4b6eed1f5be	yahoo	http://api.digitalhomeservices.yahoo.com/
d76545e7b993723fb0c1d4b6eed1f5be	yahoo	http://api.g11n.yahoo.com/
d76545e7b993723fb0c1d4b6eed1f5be	yahoo	http://api.gemini.yahoo.com/
d76545e7b993723fb0c1d4b6eed1f5be	yahoo	http://apis.falcon.yahoo.com/
d76545e7b993723fb0c1d4b6eed1f5be	yahoo	http://apistg-partnerinsights.yahoo.com/
d76545e7b993723fb0c1d4b6eed1f5be	yahoo	http://apple-smarttv.manhattan.yahoo.com/
d76545e7b993723fb0c1d4b6eed1f5be	yahoo	http://astra.assistant.yahoo.com/
d76545e7b993723fb0c1d4b6eed1f5be	yahoo	http://au.be.yahoo.com/
d76545e7b993723fb0c1d4b6eed1f5be	yahoo	http://au.lifestyle.yahoo.com/
d76545e7b993723fb0c1d4b6eed1f5be	yahoo	http://au.pets.yahoo.com/
d76545e7b993723fb0c1d4b6eed1f5be	yahoo	http://au.sports.yahoo.com/
d76545e7b993723fb0c1d4b6eed1f5be	yahoo	http://au.tv.yahoo.com/
d76545e7b993723fb0c1d4b6eed1f5be	yahoo	http://autos.yahoo.com/
d76545e7b993723fb0c1d4b6eed1f5be	yahoo	http://beacon.staging.yahoo.com/
d76545e7b993723fb0c1d4b6eed1f5be	yahoo	http://beap-bc.yahoo.com/
d76545e7b993723fb0c1d4b6eed1f5be	yahoo	http://beta-policies.yahoo.com/
d76545e7b993723fb0c1d4b6eed1f5be	yahoo	http://beta-safely.yahoo.com/
d76545e7b993723fb0c1d4b6eed1f5be	yahoo	http://beta-security.yahoo.com/
d76545e7b993723fb0c1d4b6eed1f5be	yahoo	http://blink-dpa.gemini.yahoo.com/
d76545e7b993723fb0c1d4b6eed1f5be	yahoo	http://br.financas.yahoo.com/
d76545e7b993723fb0c1d4b6eed1f5be	yahoo	http://bskyb-carddav.address.yahoo.com/
d76545e7b993723fb0c1d4b6eed1f5be	yahoo	http://calendar.yahoo.com/
d76545e7b993723fb0c1d4b6eed1f5be	yahoo	http://carddav.address.yahoo.com/
d76545e7b993723fb0c1d4b6eed1f5be	yahoo	http://ccpa-service-internal.yahoo.com/
d76545e7b993723fb0c1d4b6eed1f5be	yahoo	http://cdn.ssp.yahoo.com/
d76545e7b993723fb0c1d4b6eed1f5be	yahoo	http://checkout.fantasysports.yahoo.com/
d76545e7b993723fb0c1d4b6eed1f5be	yahoo	http://checkout.finance.yahoo.com/
d76545e7b993723fb0c1d4b6eed1f5be	yahoo	http://checkout.mail.yahoo.com/
d76545e7b993723fb0c1d4b6eed1f5be	yahoo	http://checkout.yahoo.com/
d76545e7b993723fb0c1d4b6eed1f5be	yahoo	http://client-tap.push.yahoo.com/
d76545e7b993723fb0c1d4b6eed1f5be	yahoo	http://client.tools.advertising.yahoo.com/
d76545e7b993723fb0c1d4b6eed1f5be	yahoo	http://commsdata.api.yahoo.com/
d76545e7b993723fb0c1d4b6eed1f5be	yahoo	http://contacts.att.mobile.yahoo.com/
d76545e7b993723fb0c1d4b6eed1f5be	yahoo	http://content.commerce.yahoo.com/
d76545e7b993723fb0c1d4b6eed1f5be	yahoo	http://cookiex.ngd.yahoo.com/
d76545e7b993723fb0c1d4b6eed1f5be	yahoo	http://covid19.knowledge.yahoo.com/
d76545e7b993723fb0c1d4b6eed1f5be	yahoo	http://csc.adserver.yahoo.com/
d76545e7b993723fb0c1d4b6eed1f5be	yahoo	http://d.cp.yahoo.com/
d76545e7b993723fb0c1d4b6eed1f5be	yahoo	http://data.voice.yahoo.com/
d76545e7b993723fb0c1d4b6eed1f5be	yahoo	http://dax-rd.apt.yahoo.com/
d76545e7b993723fb0c1d4b6eed1f5be	yahoo	http://dd-ext.local.yahoo.com/
d76545e7b993723fb0c1d4b6eed1f5be	yahoo	http://de.style.yahoo.com/
d76545e7b993723fb0c1d4b6eed1f5be	yahoo	http://demoapp.omp.yahoo.com/
d76545e7b993723fb0c1d4b6eed1f5be	yahoo	http://dev-ads.amp.commerce.yahoo.com/
d76545e7b993723fb0c1d4b6eed1f5be	yahoo	http://dev-api.amp.commerce.yahoo.com/
d76545e7b993723fb0c1d4b6eed1f5be	yahoo	http://dev-content.commerce.yahoo.com/
d76545e7b993723fb0c1d4b6eed1f5be	yahoo	http://dev-marketplace.amp.commerce.yahoo.com/
d76545e7b993723fb0c1d4b6eed1f5be	yahoo	http://dev-partner.amp.commerce.yahoo.com/
d76545e7b993723fb0c1d4b6eed1f5be	yahoo	http://dev-vega.commerce.yahoo.com/
d76545e7b993723fb0c1d4b6eed1f5be	yahoo	http://dev.checkout.fantasysports.yahoo.com/
d76545e7b993723fb0c1d4b6eed1f5be	yahoo	http://dev.checkout.finance.yahoo.com/
d76545e7b993723fb0c1d4b6eed1f5be	yahoo	http://dev.checkout.mail.yahoo.com/
d76545e7b993723fb0c1d4b6eed1f5be	yahoo	http://dev.checkout.yahoo.com/
d76545e7b993723fb0c1d4b6eed1f5be	yahoo	http://dev.help.yahoo.com/
d76545e7b993723fb0c1d4b6eed1f5be	yahoo	http://dev.mysubscriptions.finance.yahoo.com/
d76545e7b993723fb0c1d4b6eed1f5be	yahoo	http://dev.mysubscriptions.mail.yahoo.com/
d76545e7b993723fb0c1d4b6eed1f5be	yahoo	http://dev.mysubscriptions.yahoo.com/
d76545e7b993723fb0c1d4b6eed1f5be	yahoo	http://dev.plans.yahoo.com/
d76545e7b993723fb0c1d4b6eed1f5be	yahoo	http://dev.plus.yahoo.com/
d76545e7b993723fb0c1d4b6eed1f5be	yahoo	http://dev.subscriptions.yahoo.com/
d76545e7b993723fb0c1d4b6eed1f5be	yahoo	http://dispatcher.yahoo.com/
d76545e7b993723fb0c1d4b6eed1f5be	yahoo	http://e1.ycpi.aeb.yahoo.com/
d76545e7b993723fb0c1d4b6eed1f5be	yahoo	http://e1.ycpi.cla.yahoo.com/
d76545e7b993723fb0c1d4b6eed1f5be	yahoo	http://e1.ycpi.ina.yahoo.com/
d76545e7b993723fb0c1d4b6eed1f5be	yahoo	http://e1.ycpi.inb.yahoo.com/
d76545e7b993723fb0c1d4b6eed1f5be	yahoo	http://e1.ycpi.mxb.yahoo.com/
d76545e7b993723fb0c1d4b6eed1f5be	yahoo	http://e10.ycpi.hkb.yahoo.com/
d76545e7b993723fb0c1d4b6eed1f5be	yahoo	http://e11.ycpi.hkb.yahoo.com/
d76545e7b993723fb0c1d4b6eed1f5be	yahoo	http://e12.ycpi.hkb.yahoo.com/
d76545e7b993723fb0c1d4b6eed1f5be	yahoo	http://e13.ycpi.hkb.yahoo.com/
d76545e7b993723fb0c1d4b6eed1f5be	yahoo	http://e14.ycpi.hkb.yahoo.com/
d76545e7b993723fb0c1d4b6eed1f5be	yahoo	http://e15.ycpi.hkb.yahoo.com/
d76545e7b993723fb0c1d4b6eed1f5be	yahoo	http://e17.ycpi.hkb.yahoo.com/
d76545e7b993723fb0c1d4b6eed1f5be	yahoo	http://e2.ycpi.aeb.yahoo.com/
d76545e7b993723fb0c1d4b6eed1f5be	yahoo	http://e2.ycpi.cla.yahoo.com/
d76545e7b993723fb0c1d4b6eed1f5be	yahoo	http://e2.ycpi.cob.yahoo.com/
d76545e7b993723fb0c1d4b6eed1f5be	yahoo	http://e2.ycpi.hkb.yahoo.com/
d76545e7b993723fb0c1d4b6eed1f5be	yahoo	http://e2.ycpi.ina.yahoo.com/
d76545e7b993723fb0c1d4b6eed1f5be	yahoo	http://e2.ycpi.inb.yahoo.com/
d76545e7b993723fb0c1d4b6eed1f5be	yahoo	http://e2.ycpi.zaa.yahoo.com/
d76545e7b993723fb0c1d4b6eed1f5be	yahoo	http://e3.ycpi.aeb.yahoo.com/
d76545e7b993723fb0c1d4b6eed1f5be	yahoo	http://e3.ycpi.cob.yahoo.com/
d76545e7b993723fb0c1d4b6eed1f5be	yahoo	http://e3.ycpi.ina.yahoo.com/
d76545e7b993723fb0c1d4b6eed1f5be	yahoo	http://e3.ycpi.zaa.yahoo.com/
d76545e7b993723fb0c1d4b6eed1f5be	yahoo	http://e4.ycpi.aeb.yahoo.com/
d76545e7b993723fb0c1d4b6eed1f5be	yahoo	http://e4.ycpi.cla.yahoo.com/
d76545e7b993723fb0c1d4b6eed1f5be	yahoo	http://e4.ycpi.cob.yahoo.com/
d76545e7b993723fb0c1d4b6eed1f5be	yahoo	http://e4.ycpi.hkb.yahoo.com/
d76545e7b993723fb0c1d4b6eed1f5be	yahoo	http://e4.ycpi.ina.yahoo.com/
d76545e7b993723fb0c1d4b6eed1f5be	yahoo	http://e4.ycpi.inb.yahoo.com/
d76545e7b993723fb0c1d4b6eed1f5be	yahoo	http://e4.ycpi.mxb.yahoo.com/
d76545e7b993723fb0c1d4b6eed1f5be	yahoo	http://e4.ycpi.zaa.yahoo.com/
d76545e7b993723fb0c1d4b6eed1f5be	yahoo	http://e5.ycpi.hkb.yahoo.com/
d76545e7b993723fb0c1d4b6eed1f5be	yahoo	http://e6.ycpi.hkb.yahoo.com/
d76545e7b993723fb0c1d4b6eed1f5be	yahoo	http://e7.ycpi.hkb.yahoo.com/
d76545e7b993723fb0c1d4b6eed1f5be	yahoo	http://e8.ycpi.hkb.yahoo.com/
d76545e7b993723fb0c1d4b6eed1f5be	yahoo	http://e9.ycpi.hkb.yahoo.com/
d76545e7b993723fb0c1d4b6eed1f5be	yahoo	http://es-us.finanzas.yahoo.com/
d76545e7b993723fb0c1d4b6eed1f5be	yahoo	http://esports.yahoo.com/
d76545e7b993723fb0c1d4b6eed1f5be	yahoo	http://eu-central-1-web-oao.ssp.yahoo.com/
d76545e7b993723fb0c1d4b6eed1f5be	yahoo	http://eu-central-1-web.ssp.yahoo.com/
d76545e7b993723fb0c1d4b6eed1f5be	yahoo	http://fantasysports.yahoo.com/
d76545e7b993723fb0c1d4b6eed1f5be	yahoo	http://fc.yahoo.com/
d76545e7b993723fb0c1d4b6eed1f5be	yahoo	http://finance.yahoo.com/
d76545e7b993723fb0c1d4b6eed1f5be	yahoo	http://finanzas.yahoo.com/
d76545e7b993723fb0c1d4b6eed1f5be	yahoo	http://football.fantasysports.yahoo.com/
d76545e7b993723fb0c1d4b6eed1f5be	yahoo	http://gallery.tv.widgets.yahoo.com/
d76545e7b993723fb0c1d4b6eed1f5be	yahoo	http://gemini.yahoo.com/
d76545e7b993723fb0c1d4b6eed1f5be	yahoo	http://geo.yahoo.com/
d76545e7b993723fb0c1d4b6eed1f5be	yahoo	http://golf.fantasysports.yahoo.com/
d76545e7b993723fb0c1d4b6eed1f5be	yahoo	http://groups.yahoo.com/
d76545e7b993723fb0c1d4b6eed1f5be	yahoo	http://help.yahoo.com/
d76545e7b993723fb0c1d4b6eed1f5be	yahoo	http://hk.auctions.yahoo.com/
d76545e7b993723fb0c1d4b6eed1f5be	yahoo	http://hk.esports.yahoo.com/
d76545e7b993723fb0c1d4b6eed1f5be	yahoo	http://hk.featured.yahoo.com/
d76545e7b993723fb0c1d4b6eed1f5be	yahoo	http://hk.forum.search.yahoo.com/
d76545e7b993723fb0c1d4b6eed1f5be	yahoo	http://hk.info.auctions.yahoo.com/
d76545e7b993723fb0c1d4b6eed1f5be	yahoo	http://hk.promotions.yahoo.com/
d76545e7b993723fb0c1d4b6eed1f5be	yahoo	http://id.berita.yahoo.com/
d76545e7b993723fb0c1d4b6eed1f5be	yahoo	http://id.featured.yahoo.com/
d76545e7b993723fb0c1d4b6eed1f5be	yahoo	http://in.feature.yahoo.com/
d76545e7b993723fb0c1d4b6eed1f5be	yahoo	http://in.pa.yahoo.com/
d76545e7b993723fb0c1d4b6eed1f5be	yahoo	http://info.ec.yahoo.com/
d76545e7b993723fb0c1d4b6eed1f5be	yahoo	http://insights.yahoo.com/
d76545e7b993723fb0c1d4b6eed1f5be	yahoo	http://io.gemini.yahoo.com/
d76545e7b993723fb0c1d4b6eed1f5be	yahoo	http://jill.fc.yahoo.com/
d76545e7b993723fb0c1d4b6eed1f5be	yahoo	http://kr.edit.billing.yahoo.com/
d76545e7b993723fb0c1d4b6eed1f5be	yahoo	http://kr.img.search.yahoo.com/
d76545e7b993723fb0c1d4b6eed1f5be	yahoo	http://labs.yahoo.com/
d76545e7b993723fb0c1d4b6eed1f5be	yahoo	http://livemore.feature.yahoo.com/
d76545e7b993723fb0c1d4b6eed1f5be	yahoo	http://local.yahoo.com/
d76545e7b993723fb0c1d4b6eed1f5be	yahoo	http://location.userloc.geotech.yahoo.com/
d76545e7b993723fb0c1d4b6eed1f5be	yahoo	http://m.tw.bid.yahoo.com/
d76545e7b993723fb0c1d4b6eed1f5be	yahoo	http://m.tw.buy.yahoo.com/
d76545e7b993723fb0c1d4b6eed1f5be	yahoo	http://m.tw.mall.yahoo.com/
d76545e7b993723fb0c1d4b6eed1f5be	yahoo	http://m.tw.search.bid.yahoo.com/
d76545e7b993723fb0c1d4b6eed1f5be	yahoo	http://m.yahoo.com/
d76545e7b993723fb0c1d4b6eed1f5be	yahoo	http://mail.yahoo.com/
d76545e7b993723fb0c1d4b6eed1f5be	yahoo	http://mailplus.mail.yahoo.com/
d76545e7b993723fb0c1d4b6eed1f5be	yahoo	http://manifest.sapi.yahoo.com/
d76545e7b993723fb0c1d4b6eed1f5be	yahoo	http://maps.yahoo.com/
d76545e7b993723fb0c1d4b6eed1f5be	yahoo	http://marketplace.amp.commerce.yahoo.com/
d76545e7b993723fb0c1d4b6eed1f5be	yahoo	http://merchant.gemini.yahoo.com/
d76545e7b993723fb0c1d4b6eed1f5be	yahoo	http://mg.mail.yahoo.com/
d76545e7b993723fb0c1d4b6eed1f5be	yahoo	http://mgws2.dev.maps.yahoo.com/
d76545e7b993723fb0c1d4b6eed1f5be	yahoo	http://mgws2.maps.yahoo.com/
d76545e7b993723fb0c1d4b6eed1f5be	yahoo	http://mgwsb.maps.yahoo.com/
d76545e7b993723fb0c1d4b6eed1f5be	yahoo	http://mobile.yahoo.com/
d76545e7b993723fb0c1d4b6eed1f5be	yahoo	http://money.yahoo.com/
d76545e7b993723fb0c1d4b6eed1f5be	yahoo	http://msd-pub.athenz.yahoo.com/
d76545e7b993723fb0c1d4b6eed1f5be	yahoo	http://mujer.yahoo.com/
d76545e7b993723fb0c1d4b6eed1f5be	yahoo	http://my.featured.yahoo.com/
d76545e7b993723fb0c1d4b6eed1f5be	yahoo	http://mysubscriptions.finance.yahoo.com/
d76545e7b993723fb0c1d4b6eed1f5be	yahoo	http://mysubscriptions.mail.yahoo.com/
d76545e7b993723fb0c1d4b6eed1f5be	yahoo	http://mysubscriptions.yahoo.com/
d76545e7b993723fb0c1d4b6eed1f5be	yahoo	http://news.yahoo.com/
d76545e7b993723fb0c1d4b6eed1f5be	yahoo	http://notepad.yahoo.com/
d76545e7b993723fb0c1d4b6eed1f5be	yahoo	http://ns.gemini.yahoo.com/
d76545e7b993723fb0c1d4b6eed1f5be	yahoo	http://overview.mail.yahoo.com/
d76545e7b993723fb0c1d4b6eed1f5be	yahoo	http://partner.amp.commerce.yahoo.com/
d76545e7b993723fb0c1d4b6eed1f5be	yahoo	http://partnerinsights.yahoo.com/
d76545e7b993723fb0c1d4b6eed1f5be	yahoo	http://payment.ad.yahoo.com/
d76545e7b993723fb0c1d4b6eed1f5be	yahoo	http://pclick.internal.yahoo.com/
d76545e7b993723fb0c1d4b6eed1f5be	yahoo	http://perf-ads.amp.commerce.yahoo.com/
d76545e7b993723fb0c1d4b6eed1f5be	yahoo	http://perf-astra.commerce.yahoo.com/
d76545e7b993723fb0c1d4b6eed1f5be	yahoo	http://perf-content.commerce.yahoo.com/
d76545e7b993723fb0c1d4b6eed1f5be	yahoo	http://perf-marketplace.amp.commerce.yahoo.com/
d76545e7b993723fb0c1d4b6eed1f5be	yahoo	http://perf-partner.amp.commerce.yahoo.com/
d76545e7b993723fb0c1d4b6eed1f5be	yahoo	http://perf-vega.commerce.yahoo.com/
d76545e7b993723fb0c1d4b6eed1f5be	yahoo	http://plans.yahoo.com/
d76545e7b993723fb0c1d4b6eed1f5be	yahoo	http://politicaladsapi.adx.yahoo.com/
d76545e7b993723fb0c1d4b6eed1f5be	yahoo	http://prod1.psearch.yahoo.com/
d76545e7b993723fb0c1d4b6eed1f5be	yahoo	http://productcentral.yahoo.com/
d76545e7b993723fb0c1d4b6eed1f5be	yahoo	http://profileproxy-1mobile.tgt.data.yahoo.com/
d76545e7b993723fb0c1d4b6eed1f5be	yahoo	http://pubgw.ads.yahoo.com/
d76545e7b993723fb0c1d4b6eed1f5be	yahoo	http://pubgw.yahoo.com/
d76545e7b993723fb0c1d4b6eed1f5be	yahoo	http://qa.checkout.fantasysports.yahoo.com/
d76545e7b993723fb0c1d4b6eed1f5be	yahoo	http://qa.checkout.finance.yahoo.com/
d76545e7b993723fb0c1d4b6eed1f5be	yahoo	http://qa.checkout.mail.yahoo.com/
d76545e7b993723fb0c1d4b6eed1f5be	yahoo	http://qa.checkout.yahoo.com/
d76545e7b993723fb0c1d4b6eed1f5be	yahoo	http://qa.dispatcher.yahoo.com/
d76545e7b993723fb0c1d4b6eed1f5be	yahoo	http://qa.mysubscriptions.finance.yahoo.com/
d76545e7b993723fb0c1d4b6eed1f5be	yahoo	http://qa.mysubscriptions.mail.yahoo.com/
d76545e7b993723fb0c1d4b6eed1f5be	yahoo	http://qa.mysubscriptions.yahoo.com/
d76545e7b993723fb0c1d4b6eed1f5be	yahoo	http://qa.plans.yahoo.com/
d76545e7b993723fb0c1d4b6eed1f5be	yahoo	http://qa.subscriptions.yahoo.com/
d76545e7b993723fb0c1d4b6eed1f5be	yahoo	http://qa.uk.subscriptions.yahoo.com/
d76545e7b993723fb0c1d4b6eed1f5be	yahoo	http://recipes.search.yahoo.com/
d76545e7b993723fb0c1d4b6eed1f5be	yahoo	http://ris-staging.vapi.yahoo.com/
d76545e7b993723fb0c1d4b6eed1f5be	yahoo	http://rivals.yahoo.com/
d76545e7b993723fb0c1d4b6eed1f5be	yahoo	http://safeframes.yahoo.com/
d76545e7b993723fb0c1d4b6eed1f5be	yahoo	http://safely.yahoo.com/
d76545e7b993723fb0c1d4b6eed1f5be	yahoo	http://sandbox-api.admanager.yahoo.com/
d76545e7b993723fb0c1d4b6eed1f5be	yahoo	http://sandbox-api.gemini.yahoo.com/
d76545e7b993723fb0c1d4b6eed1f5be	yahoo	http://sandbox.datax.yahoo.com/
d76545e7b993723fb0c1d4b6eed1f5be	yahoo	http://sandbox.userloc.location.yahoo.com/
d76545e7b993723fb0c1d4b6eed1f5be	yahoo	http://sdk.amp.commerce.yahoo.com/
d76545e7b993723fb0c1d4b6eed1f5be	yahoo	http://sea.advertising.yahoo.com/
d76545e7b993723fb0c1d4b6eed1f5be	yahoo	http://search.yahoo.com/
d76545e7b993723fb0c1d4b6eed1f5be	yahoo	http://sg.feature.yahoo.com/
d76545e7b993723fb0c1d4b6eed1f5be	yahoo	http://sg.featured.yahoo.com/
d76545e7b993723fb0c1d4b6eed1f5be	yahoo	http://shopping.search.yahoo.com/
d76545e7b993723fb0c1d4b6eed1f5be	yahoo	http://smarttv-screen.manhattan.yahoo.com/
d76545e7b993723fb0c1d4b6eed1f5be	yahoo	http://smarttv-smartinfo.manhattan.yahoo.com/
d76545e7b993723fb0c1d4b6eed1f5be	yahoo	http://sp-ycpi.analytics.yahoo.com/
d76545e7b993723fb0c1d4b6eed1f5be	yahoo	http://sport.yahoo.com/
d76545e7b993723fb0c1d4b6eed1f5be	yahoo	http://sports.yahoo.com/
d76545e7b993723fb0c1d4b6eed1f5be	yahoo	http://stage-ccpa-service-internal.yahoo.com/
d76545e7b993723fb0c1d4b6eed1f5be	yahoo	http://stage.checkout.fantasysports.yahoo.com/
d76545e7b993723fb0c1d4b6eed1f5be	yahoo	http://stage.checkout.finance.yahoo.com/
d76545e7b993723fb0c1d4b6eed1f5be	yahoo	http://stage.checkout.mail.yahoo.com/
d76545e7b993723fb0c1d4b6eed1f5be	yahoo	http://stage.checkout.yahoo.com/
d76545e7b993723fb0c1d4b6eed1f5be	yahoo	http://stage.geoinfo.location.yahoo.com/
d76545e7b993723fb0c1d4b6eed1f5be	yahoo	http://stage.maps.yahoo.com/
d76545e7b993723fb0c1d4b6eed1f5be	yahoo	http://stage.mysubscriptions.finance.yahoo.com/
d76545e7b993723fb0c1d4b6eed1f5be	yahoo	http://stage.mysubscriptions.mail.yahoo.com/
d76545e7b993723fb0c1d4b6eed1f5be	yahoo	http://stage.mysubscriptions.yahoo.com/
d76545e7b993723fb0c1d4b6eed1f5be	yahoo	http://stage.plans.yahoo.com/
d76545e7b993723fb0c1d4b6eed1f5be	yahoo	http://stage.subscriptions.yahoo.com/
d76545e7b993723fb0c1d4b6eed1f5be	yahoo	http://stage.uk.subscriptions.yahoo.com/
d76545e7b993723fb0c1d4b6eed1f5be	yahoo	http://stage.userloc.location.yahoo.com/
d76545e7b993723fb0c1d4b6eed1f5be	yahoo	http://stage.yakl.ops.yahoo.com/
d76545e7b993723fb0c1d4b6eed1f5be	yahoo	http://staging.vapi.yahoo.com/
d76545e7b993723fb0c1d4b6eed1f5be	yahoo	http://stg-ads.amp.commerce.yahoo.com/
d76545e7b993723fb0c1d4b6eed1f5be	yahoo	http://stg-api.amp.commerce.yahoo.com/
d76545e7b993723fb0c1d4b6eed1f5be	yahoo	http://stg-content.commerce.yahoo.com/
d76545e7b993723fb0c1d4b6eed1f5be	yahoo	http://stg-marketplace.amp.commerce.yahoo.com/
d76545e7b993723fb0c1d4b6eed1f5be	yahoo	http://stg-partner.amp.commerce.yahoo.com/
d76545e7b993723fb0c1d4b6eed1f5be	yahoo	http://stg-partnerinsights.yahoo.com/
d76545e7b993723fb0c1d4b6eed1f5be	yahoo	http://stg-pub.msd.athenz.yahoo.com/
d76545e7b993723fb0c1d4b6eed1f5be	yahoo	http://stg-sdk.amp.commerce.yahoo.com/
d76545e7b993723fb0c1d4b6eed1f5be	yahoo	http://stg-vega.commerce.yahoo.com/
d76545e7b993723fb0c1d4b6eed1f5be	yahoo	http://stgmerchant.gemini.yahoo.com/
d76545e7b993723fb0c1d4b6eed1f5be	yahoo	http://subs.communications.yahoo.com/
d76545e7b993723fb0c1d4b6eed1f5be	yahoo	http://subscriptions.yahoo.com/
d76545e7b993723fb0c1d4b6eed1f5be	yahoo	http://test.geo.yahoo.com/
d76545e7b993723fb0c1d4b6eed1f5be	yahoo	http://testvideo.advertising.yahoo.com/
d76545e7b993723fb0c1d4b6eed1f5be	yahoo	http://tp.ads.yahoo.com/
d76545e7b993723fb0c1d4b6eed1f5be	yahoo	http://tripod.yahoo.com/
d76545e7b993723fb0c1d4b6eed1f5be	yahoo	http://tv.widgets.yahoo.com/
d76545e7b993723fb0c1d4b6eed1f5be	yahoo	http://tw.analytics.buy.yahoo.com/
d76545e7b993723fb0c1d4b6eed1f5be	yahoo	http://tw.analytics.mall.yahoo.com/
d76545e7b993723fb0c1d4b6eed1f5be	yahoo	http://tw.autos.search.yahoo.com/
d76545e7b993723fb0c1d4b6eed1f5be	yahoo	http://tw.batch.bid.yahoo.com/
d76545e7b993723fb0c1d4b6eed1f5be	yahoo	http://tw.blog.search.yahoo.com/
d76545e7b993723fb0c1d4b6eed1f5be	yahoo	http://tw.buy.yahoo.com/
d76545e7b993723fb0c1d4b6eed1f5be	yahoo	http://tw.campaign.mall.yahoo.com/
d76545e7b993723fb0c1d4b6eed1f5be	yahoo	http://tw.campaign.money.yahoo.com/
d76545e7b993723fb0c1d4b6eed1f5be	yahoo	http://tw.campaign.yahoo.com/
d76545e7b993723fb0c1d4b6eed1f5be	yahoo	http://tw.cpartner.billing.yahoo.com/
d76545e7b993723fb0c1d4b6eed1f5be	yahoo	http://tw.edit.listing.yahoo.com/
d76545e7b993723fb0c1d4b6eed1f5be	yahoo	http://tw.edit.store.bid.yahoo.com/
d76545e7b993723fb0c1d4b6eed1f5be	yahoo	http://tw.edmbc.mall.yahoo.com/
d76545e7b993723fb0c1d4b6eed1f5be	yahoo	http://tw.emarketing.yahoo.com/
d76545e7b993723fb0c1d4b6eed1f5be	yahoo	http://tw.esports.yahoo.com/
d76545e7b993723fb0c1d4b6eed1f5be	yahoo	http://tw.female.theme.mall.yahoo.com/
d76545e7b993723fb0c1d4b6eed1f5be	yahoo	http://tw.finance.yahoo.com/
d76545e7b993723fb0c1d4b6eed1f5be	yahoo	http://tw.futures.finance.yahoo.com/
d76545e7b993723fb0c1d4b6eed1f5be	yahoo	http://tw.imgup.bid.yahoo.com/
d76545e7b993723fb0c1d4b6eed1f5be	yahoo	http://tw.livechat.yahoo.com/
d76545e7b993723fb0c1d4b6eed1f5be	yahoo	http://tw.man.theme.mall.yahoo.com/
d76545e7b993723fb0c1d4b6eed1f5be	yahoo	http://tw.master.bid.yahoo.com/
d76545e7b993723fb0c1d4b6eed1f5be	yahoo	http://tw.money.yahoo.com/
d76545e7b993723fb0c1d4b6eed1f5be	yahoo	http://tw.page.bid.yahoo.com/
d76545e7b993723fb0c1d4b6eed1f5be	yahoo	http://tw.page.mall.yahoo.com/
d76545e7b993723fb0c1d4b6eed1f5be	yahoo	http://tw.partner.buy.yahoo.com/
d76545e7b993723fb0c1d4b6eed1f5be	yahoo	http://tw.point.yahoo.com/
d76545e7b993723fb0c1d4b6eed1f5be	yahoo	http://tw.points.yahoo.com/
d76545e7b993723fb0c1d4b6eed1f5be	yahoo	http://tw.promo.yahoo.com/
d76545e7b993723fb0c1d4b6eed1f5be	yahoo	http://tw.rcv.mall.yahoo.com/
d76545e7b993723fb0c1d4b6eed1f5be	yahoo	http://tw.sales.emarketing.yahoo.com/
d76545e7b993723fb0c1d4b6eed1f5be	yahoo	http://tw.sc.mall.yahoo.com/
d76545e7b993723fb0c1d4b6eed1f5be	yahoo	http://tw.serviceplus.yahoo.com/
d76545e7b993723fb0c1d4b6eed1f5be	yahoo	http://tw.stock.yahoo.com/
d76545e7b993723fb0c1d4b6eed1f5be	yahoo	http://tw.store.bid.yahoo.com/
d76545e7b993723fb0c1d4b6eed1f5be	yahoo	http://tw.tech.yahoo.com/
d76545e7b993723fb0c1d4b6eed1f5be	yahoo	http://tw.user.bid.yahoo.com/
d76545e7b993723fb0c1d4b6eed1f5be	yahoo	http://tw.user.mall.yahoo.com/
d76545e7b993723fb0c1d4b6eed1f5be	yahoo	http://tw.ysm.emarketing.yahoo.com/
d76545e7b993723fb0c1d4b6eed1f5be	yahoo	http://us-east-1-web-oao.ssp.yahoo.com/
d76545e7b993723fb0c1d4b6eed1f5be	yahoo	http://us-east-1-web.ssp.yahoo.com/
d76545e7b993723fb0c1d4b6eed1f5be	yahoo	http://us-west-1-web-oao.ssp.yahoo.com/
d76545e7b993723fb0c1d4b6eed1f5be	yahoo	http://us-west-1-web.ssp.yahoo.com/
d76545e7b993723fb0c1d4b6eed1f5be	yahoo	http://us.csc.adserver.yahoo.com/
d76545e7b993723fb0c1d4b6eed1f5be	yahoo	http://vega.commerce.yahoo.com/
d76545e7b993723fb0c1d4b6eed1f5be	yahoo	http://vendor-beta.g11n.yahoo.com/
d76545e7b993723fb0c1d4b6eed1f5be	yahoo	http://vendor.g11n.yahoo.com/
d76545e7b993723fb0c1d4b6eed1f5be	yahoo	http://video.media.yql.yahoo.com/
d76545e7b993723fb0c1d4b6eed1f5be	yahoo	http://voice.yahoo.com/
d76545e7b993723fb0c1d4b6eed1f5be	yahoo	http://webscope.sandbox.yahoo.com/
d76545e7b993723fb0c1d4b6eed1f5be	yahoo	http://ws-contacts.mail.yahoo.com/
d76545e7b993723fb0c1d4b6eed1f5be	yahoo	http://ws-contacts.progrss.yahoo.com/
d76545e7b993723fb0c1d4b6eed1f5be	yahoo	http://xml-nar-dm.ysm.yahoo.com/
d76545e7b993723fb0c1d4b6eed1f5be	yahoo	http://yahoomail.feature.yahoo.com/
d76545e7b993723fb0c1d4b6eed1f5be	yahoo	http://yakl.ops.yahoo.com/
d76545e7b993723fb0c1d4b6eed1f5be	yahoo	http://yql.yahoo.com/
d76545e7b993723fb0c1d4b6eed1f5be	yahoo	https://3p-pclick.europe.yahoo.com/
d76545e7b993723fb0c1d4b6eed1f5be	yahoo	https://3p-pclick.internal.yahoo.com/
d76545e7b993723fb0c1d4b6eed1f5be	yahoo	https://adfeedback.beap.adx.yahoo.com/
d76545e7b993723fb0c1d4b6eed1f5be	yahoo	https://admanagerplus.yahoo.com/
d76545e7b993723fb0c1d4b6eed1f5be	yahoo	https://ads.amp.commerce.yahoo.com/
d76545e7b993723fb0c1d4b6eed1f5be	yahoo	https://ads.yahoo.com/
d76545e7b993723fb0c1d4b6eed1f5be	yahoo	https://answers.search.yahoo.com/
d76545e7b993723fb0c1d4b6eed1f5be	yahoo	https://antispam.yahoo.com/
d76545e7b993723fb0c1d4b6eed1f5be	yahoo	https://ap-southeast-1-web-oao.ssp.yahoo.com/
d76545e7b993723fb0c1d4b6eed1f5be	yahoo	https://ap-southeast-1-web.ssp.yahoo.com/
d76545e7b993723fb0c1d4b6eed1f5be	yahoo	https://api-adfeedback.beap.adx.yahoo.com/
d76545e7b993723fb0c1d4b6eed1f5be	yahoo	https://api-bcp.advertisinginsights.yahoo.com/
d76545e7b993723fb0c1d4b6eed1f5be	yahoo	https://api-onepush.query.yahoo.com/
d76545e7b993723fb0c1d4b6eed1f5be	yahoo	https://api-partnerinsights.yahoo.com/
d76545e7b993723fb0c1d4b6eed1f5be	yahoo	https://api.admanager.yahoo.com/
d76545e7b993723fb0c1d4b6eed1f5be	yahoo	https://api.advertisinginsights.yahoo.com/
d76545e7b993723fb0c1d4b6eed1f5be	yahoo	https://api.amp.commerce.yahoo.com/
d76545e7b993723fb0c1d4b6eed1f5be	yahoo	https://api.digitalhomeservices.yahoo.com/
d76545e7b993723fb0c1d4b6eed1f5be	yahoo	https://api.gemini.yahoo.com/
d76545e7b993723fb0c1d4b6eed1f5be	yahoo	https://apis.falcon.yahoo.com/
d76545e7b993723fb0c1d4b6eed1f5be	yahoo	https://apistg-partnerinsights.yahoo.com/
d76545e7b993723fb0c1d4b6eed1f5be	yahoo	https://apple-smarttv.manhattan.yahoo.com/
d76545e7b993723fb0c1d4b6eed1f5be	yahoo	https://astra.assistant.yahoo.com/
d76545e7b993723fb0c1d4b6eed1f5be	yahoo	https://au.be.yahoo.com/
d76545e7b993723fb0c1d4b6eed1f5be	yahoo	https://au.lifestyle.yahoo.com/
d76545e7b993723fb0c1d4b6eed1f5be	yahoo	https://au.pets.yahoo.com/
d76545e7b993723fb0c1d4b6eed1f5be	yahoo	https://au.sports.yahoo.com/
d76545e7b993723fb0c1d4b6eed1f5be	yahoo	https://au.tv.yahoo.com/
d76545e7b993723fb0c1d4b6eed1f5be	yahoo	https://autos.yahoo.com/
d76545e7b993723fb0c1d4b6eed1f5be	yahoo	https://beacon.staging.yahoo.com/
d76545e7b993723fb0c1d4b6eed1f5be	yahoo	https://beap-bc.yahoo.com/
d76545e7b993723fb0c1d4b6eed1f5be	yahoo	https://beta-policies.yahoo.com/
d76545e7b993723fb0c1d4b6eed1f5be	yahoo	https://beta-safely.yahoo.com/
d76545e7b993723fb0c1d4b6eed1f5be	yahoo	https://beta-security.yahoo.com/
d76545e7b993723fb0c1d4b6eed1f5be	yahoo	https://br.financas.yahoo.com/
d76545e7b993723fb0c1d4b6eed1f5be	yahoo	https://bskyb-carddav.address.yahoo.com/
d76545e7b993723fb0c1d4b6eed1f5be	yahoo	https://calendar.yahoo.com/
d76545e7b993723fb0c1d4b6eed1f5be	yahoo	https://carddav.address.yahoo.com/
d76545e7b993723fb0c1d4b6eed1f5be	yahoo	https://cdn.ssp.yahoo.com/
d76545e7b993723fb0c1d4b6eed1f5be	yahoo	https://checkout.fantasysports.yahoo.com/
d76545e7b993723fb0c1d4b6eed1f5be	yahoo	https://checkout.finance.yahoo.com/
d76545e7b993723fb0c1d4b6eed1f5be	yahoo	https://checkout.mail.yahoo.com/
d76545e7b993723fb0c1d4b6eed1f5be	yahoo	https://checkout.yahoo.com/
d76545e7b993723fb0c1d4b6eed1f5be	yahoo	https://client-tap.push.yahoo.com/
d76545e7b993723fb0c1d4b6eed1f5be	yahoo	https://client.tools.advertising.yahoo.com/
d76545e7b993723fb0c1d4b6eed1f5be	yahoo	https://commsdata.api.yahoo.com/
d76545e7b993723fb0c1d4b6eed1f5be	yahoo	https://contacts.att.mobile.yahoo.com/
d76545e7b993723fb0c1d4b6eed1f5be	yahoo	https://content.commerce.yahoo.com/
d76545e7b993723fb0c1d4b6eed1f5be	yahoo	https://cookiex.ngd.yahoo.com/
d76545e7b993723fb0c1d4b6eed1f5be	yahoo	https://covid19.knowledge.yahoo.com/
d76545e7b993723fb0c1d4b6eed1f5be	yahoo	https://csc.adserver.yahoo.com/
d76545e7b993723fb0c1d4b6eed1f5be	yahoo	https://d.cp.yahoo.com/
d76545e7b993723fb0c1d4b6eed1f5be	yahoo	https://data.voice.yahoo.com/
d76545e7b993723fb0c1d4b6eed1f5be	yahoo	https://dax-rd.apt.yahoo.com/
d76545e7b993723fb0c1d4b6eed1f5be	yahoo	https://de.style.yahoo.com/
d76545e7b993723fb0c1d4b6eed1f5be	yahoo	https://demoapp.omp.yahoo.com/
d76545e7b993723fb0c1d4b6eed1f5be	yahoo	https://dev-ads.amp.commerce.yahoo.com/
d76545e7b993723fb0c1d4b6eed1f5be	yahoo	https://dev-api.amp.commerce.yahoo.com/
d76545e7b993723fb0c1d4b6eed1f5be	yahoo	https://dev-content.commerce.yahoo.com/
d76545e7b993723fb0c1d4b6eed1f5be	yahoo	https://dev-marketplace.amp.commerce.yahoo.com/
d76545e7b993723fb0c1d4b6eed1f5be	yahoo	https://dev-partner.amp.commerce.yahoo.com/
d76545e7b993723fb0c1d4b6eed1f5be	yahoo	https://dev-vega.commerce.yahoo.com/
d76545e7b993723fb0c1d4b6eed1f5be	yahoo	https://dev.checkout.fantasysports.yahoo.com/
d76545e7b993723fb0c1d4b6eed1f5be	yahoo	https://dev.checkout.finance.yahoo.com/
d76545e7b993723fb0c1d4b6eed1f5be	yahoo	https://dev.checkout.mail.yahoo.com/
d76545e7b993723fb0c1d4b6eed1f5be	yahoo	https://dev.checkout.yahoo.com/
d76545e7b993723fb0c1d4b6eed1f5be	yahoo	https://dev.help.yahoo.com/
d76545e7b993723fb0c1d4b6eed1f5be	yahoo	https://dev.mysubscriptions.finance.yahoo.com/
d76545e7b993723fb0c1d4b6eed1f5be	yahoo	https://dev.mysubscriptions.mail.yahoo.com/
d76545e7b993723fb0c1d4b6eed1f5be	yahoo	https://dev.mysubscriptions.yahoo.com/
d76545e7b993723fb0c1d4b6eed1f5be	yahoo	https://dev.plans.yahoo.com/
d76545e7b993723fb0c1d4b6eed1f5be	yahoo	https://dev.plus.yahoo.com/
d76545e7b993723fb0c1d4b6eed1f5be	yahoo	https://dev.subscriptions.yahoo.com/
d76545e7b993723fb0c1d4b6eed1f5be	yahoo	https://dispatcher.yahoo.com/
d76545e7b993723fb0c1d4b6eed1f5be	yahoo	https://e1.ycpi.aeb.yahoo.com/
d76545e7b993723fb0c1d4b6eed1f5be	yahoo	https://e1.ycpi.cla.yahoo.com/
d76545e7b993723fb0c1d4b6eed1f5be	yahoo	https://e1.ycpi.ina.yahoo.com/
d76545e7b993723fb0c1d4b6eed1f5be	yahoo	https://e1.ycpi.inb.yahoo.com/
d76545e7b993723fb0c1d4b6eed1f5be	yahoo	https://e1.ycpi.mxb.yahoo.com/
d76545e7b993723fb0c1d4b6eed1f5be	yahoo	https://e10.ycpi.hkb.yahoo.com/
d76545e7b993723fb0c1d4b6eed1f5be	yahoo	https://e11.ycpi.hkb.yahoo.com/
d76545e7b993723fb0c1d4b6eed1f5be	yahoo	https://e12.ycpi.hkb.yahoo.com/
d76545e7b993723fb0c1d4b6eed1f5be	yahoo	https://e13.ycpi.hkb.yahoo.com/
d76545e7b993723fb0c1d4b6eed1f5be	yahoo	https://e14.ycpi.hkb.yahoo.com/
d76545e7b993723fb0c1d4b6eed1f5be	yahoo	https://e15.ycpi.hkb.yahoo.com/
d76545e7b993723fb0c1d4b6eed1f5be	yahoo	https://e17.ycpi.hkb.yahoo.com/
d76545e7b993723fb0c1d4b6eed1f5be	yahoo	https://e18.ycpi.hkb.yahoo.com/
d76545e7b993723fb0c1d4b6eed1f5be	yahoo	https://e2.ycpi.aeb.yahoo.com/
d76545e7b993723fb0c1d4b6eed1f5be	yahoo	https://e2.ycpi.cla.yahoo.com/
d76545e7b993723fb0c1d4b6eed1f5be	yahoo	https://e2.ycpi.cob.yahoo.com/
d76545e7b993723fb0c1d4b6eed1f5be	yahoo	https://e2.ycpi.hkb.yahoo.com/
d76545e7b993723fb0c1d4b6eed1f5be	yahoo	https://e2.ycpi.ina.yahoo.com/
d76545e7b993723fb0c1d4b6eed1f5be	yahoo	https://e2.ycpi.inb.yahoo.com/
d76545e7b993723fb0c1d4b6eed1f5be	yahoo	https://e2.ycpi.zaa.yahoo.com/
d76545e7b993723fb0c1d4b6eed1f5be	yahoo	https://e3.ycpi.aeb.yahoo.com/
d76545e7b993723fb0c1d4b6eed1f5be	yahoo	https://e3.ycpi.cob.yahoo.com/
d76545e7b993723fb0c1d4b6eed1f5be	yahoo	https://e3.ycpi.ina.yahoo.com/
d76545e7b993723fb0c1d4b6eed1f5be	yahoo	https://e3.ycpi.zaa.yahoo.com/
d76545e7b993723fb0c1d4b6eed1f5be	yahoo	https://e4.ycpi.aeb.yahoo.com/
d76545e7b993723fb0c1d4b6eed1f5be	yahoo	https://e4.ycpi.cla.yahoo.com/
d76545e7b993723fb0c1d4b6eed1f5be	yahoo	https://e4.ycpi.cob.yahoo.com/
d76545e7b993723fb0c1d4b6eed1f5be	yahoo	https://e4.ycpi.hkb.yahoo.com/
d76545e7b993723fb0c1d4b6eed1f5be	yahoo	https://e4.ycpi.ina.yahoo.com/
d76545e7b993723fb0c1d4b6eed1f5be	yahoo	https://e4.ycpi.inb.yahoo.com/
d76545e7b993723fb0c1d4b6eed1f5be	yahoo	https://e4.ycpi.mxb.yahoo.com/
d76545e7b993723fb0c1d4b6eed1f5be	yahoo	https://e4.ycpi.zaa.yahoo.com/
d76545e7b993723fb0c1d4b6eed1f5be	yahoo	https://e5.ycpi.hkb.yahoo.com/
d76545e7b993723fb0c1d4b6eed1f5be	yahoo	https://e6.ycpi.hkb.yahoo.com/
d76545e7b993723fb0c1d4b6eed1f5be	yahoo	https://e7.ycpi.hkb.yahoo.com/
d76545e7b993723fb0c1d4b6eed1f5be	yahoo	https://e8.ycpi.hkb.yahoo.com/
d76545e7b993723fb0c1d4b6eed1f5be	yahoo	https://e9.ycpi.hkb.yahoo.com/
d76545e7b993723fb0c1d4b6eed1f5be	yahoo	https://es-us.finanzas.yahoo.com/
d76545e7b993723fb0c1d4b6eed1f5be	yahoo	https://esports.yahoo.com/
d76545e7b993723fb0c1d4b6eed1f5be	yahoo	https://eu-central-1-web-oao.ssp.yahoo.com/
d76545e7b993723fb0c1d4b6eed1f5be	yahoo	https://eu-central-1-web.ssp.yahoo.com/
d76545e7b993723fb0c1d4b6eed1f5be	yahoo	https://fantasysports.yahoo.com/
d76545e7b993723fb0c1d4b6eed1f5be	yahoo	https://fc.yahoo.com/
d76545e7b993723fb0c1d4b6eed1f5be	yahoo	https://finance.yahoo.com/
d76545e7b993723fb0c1d4b6eed1f5be	yahoo	https://finanzas.yahoo.com/
d76545e7b993723fb0c1d4b6eed1f5be	yahoo	https://football.fantasysports.yahoo.com/
d76545e7b993723fb0c1d4b6eed1f5be	yahoo	https://gallery.tv.widgets.yahoo.com/
d76545e7b993723fb0c1d4b6eed1f5be	yahoo	https://gemini.yahoo.com/
d76545e7b993723fb0c1d4b6eed1f5be	yahoo	https://geo.yahoo.com/
d76545e7b993723fb0c1d4b6eed1f5be	yahoo	https://golf.fantasysports.yahoo.com/
d76545e7b993723fb0c1d4b6eed1f5be	yahoo	https://groups.yahoo.com/
d76545e7b993723fb0c1d4b6eed1f5be	yahoo	https://help.yahoo.com/
d76545e7b993723fb0c1d4b6eed1f5be	yahoo	https://hk.esports.yahoo.com/
d76545e7b993723fb0c1d4b6eed1f5be	yahoo	https://hk.featured.yahoo.com/
d76545e7b993723fb0c1d4b6eed1f5be	yahoo	https://hk.forum.search.yahoo.com/
d76545e7b993723fb0c1d4b6eed1f5be	yahoo	https://hk.promotions.yahoo.com/
d76545e7b993723fb0c1d4b6eed1f5be	yahoo	https://id.berita.yahoo.com/
d76545e7b993723fb0c1d4b6eed1f5be	yahoo	https://id.featured.yahoo.com/
d76545e7b993723fb0c1d4b6eed1f5be	yahoo	https://in.feature.yahoo.com/
d76545e7b993723fb0c1d4b6eed1f5be	yahoo	https://in.pa.yahoo.com/
d76545e7b993723fb0c1d4b6eed1f5be	yahoo	https://info.ec.yahoo.com/
d76545e7b993723fb0c1d4b6eed1f5be	yahoo	https://insights.yahoo.com/
d76545e7b993723fb0c1d4b6eed1f5be	yahoo	https://io.gemini.yahoo.com/
d76545e7b993723fb0c1d4b6eed1f5be	yahoo	https://jill.fc.yahoo.com/
d76545e7b993723fb0c1d4b6eed1f5be	yahoo	https://kr.edit.billing.yahoo.com/
d76545e7b993723fb0c1d4b6eed1f5be	yahoo	https://kr.img.search.yahoo.com/
d76545e7b993723fb0c1d4b6eed1f5be	yahoo	https://labs.yahoo.com/
d76545e7b993723fb0c1d4b6eed1f5be	yahoo	https://livemore.feature.yahoo.com/
d76545e7b993723fb0c1d4b6eed1f5be	yahoo	https://local.yahoo.com/
d76545e7b993723fb0c1d4b6eed1f5be	yahoo	https://m.tw.bid.yahoo.com/
d76545e7b993723fb0c1d4b6eed1f5be	yahoo	https://m.tw.buy.yahoo.com/
d76545e7b993723fb0c1d4b6eed1f5be	yahoo	https://m.tw.mall.yahoo.com/
d76545e7b993723fb0c1d4b6eed1f5be	yahoo	https://m.tw.search.bid.yahoo.com/
d76545e7b993723fb0c1d4b6eed1f5be	yahoo	https://m.yahoo.com/
d76545e7b993723fb0c1d4b6eed1f5be	yahoo	https://mail.yahoo.com/
d76545e7b993723fb0c1d4b6eed1f5be	yahoo	https://mailplus.mail.yahoo.com/
d76545e7b993723fb0c1d4b6eed1f5be	yahoo	https://manifest.sapi.yahoo.com/
d76545e7b993723fb0c1d4b6eed1f5be	yahoo	https://maps.yahoo.com/
d76545e7b993723fb0c1d4b6eed1f5be	yahoo	https://marketplace.amp.commerce.yahoo.com/
d76545e7b993723fb0c1d4b6eed1f5be	yahoo	https://merchant.gemini.yahoo.com/
d76545e7b993723fb0c1d4b6eed1f5be	yahoo	https://mg.mail.yahoo.com/
d76545e7b993723fb0c1d4b6eed1f5be	yahoo	https://mobile.yahoo.com/
d76545e7b993723fb0c1d4b6eed1f5be	yahoo	https://money.yahoo.com/
d76545e7b993723fb0c1d4b6eed1f5be	yahoo	https://mujer.yahoo.com/
d76545e7b993723fb0c1d4b6eed1f5be	yahoo	https://my.featured.yahoo.com/
d76545e7b993723fb0c1d4b6eed1f5be	yahoo	https://mysubscriptions.finance.yahoo.com/
d76545e7b993723fb0c1d4b6eed1f5be	yahoo	https://mysubscriptions.mail.yahoo.com/
d76545e7b993723fb0c1d4b6eed1f5be	yahoo	https://mysubscriptions.yahoo.com/
d76545e7b993723fb0c1d4b6eed1f5be	yahoo	https://news.yahoo.com/
d76545e7b993723fb0c1d4b6eed1f5be	yahoo	https://notepad.yahoo.com/
d76545e7b993723fb0c1d4b6eed1f5be	yahoo	https://overview.mail.yahoo.com/
d76545e7b993723fb0c1d4b6eed1f5be	yahoo	https://partner.amp.commerce.yahoo.com/
d76545e7b993723fb0c1d4b6eed1f5be	yahoo	https://partnerinsights.yahoo.com/
d76545e7b993723fb0c1d4b6eed1f5be	yahoo	https://payment.ad.yahoo.com/
d76545e7b993723fb0c1d4b6eed1f5be	yahoo	https://pclick.internal.yahoo.com/
d76545e7b993723fb0c1d4b6eed1f5be	yahoo	https://perf-ads.amp.commerce.yahoo.com/
d76545e7b993723fb0c1d4b6eed1f5be	yahoo	https://perf-astra.commerce.yahoo.com/
d76545e7b993723fb0c1d4b6eed1f5be	yahoo	https://perf-content.commerce.yahoo.com/
d76545e7b993723fb0c1d4b6eed1f5be	yahoo	https://perf-marketplace.amp.commerce.yahoo.com/
d76545e7b993723fb0c1d4b6eed1f5be	yahoo	https://perf-partner.amp.commerce.yahoo.com/
d76545e7b993723fb0c1d4b6eed1f5be	yahoo	https://perf-vega.commerce.yahoo.com/
d76545e7b993723fb0c1d4b6eed1f5be	yahoo	https://plans.yahoo.com/
d76545e7b993723fb0c1d4b6eed1f5be	yahoo	https://politicaladsapi.adx.yahoo.com/
d76545e7b993723fb0c1d4b6eed1f5be	yahoo	https://prod1.psearch.yahoo.com/
d76545e7b993723fb0c1d4b6eed1f5be	yahoo	https://productcentral.yahoo.com/
d76545e7b993723fb0c1d4b6eed1f5be	yahoo	https://pubgw.ads.yahoo.com/
d76545e7b993723fb0c1d4b6eed1f5be	yahoo	https://pubgw.yahoo.com/
d76545e7b993723fb0c1d4b6eed1f5be	yahoo	https://qa.checkout.fantasysports.yahoo.com/
d76545e7b993723fb0c1d4b6eed1f5be	yahoo	https://qa.checkout.finance.yahoo.com/
d76545e7b993723fb0c1d4b6eed1f5be	yahoo	https://qa.checkout.mail.yahoo.com/
d76545e7b993723fb0c1d4b6eed1f5be	yahoo	https://qa.checkout.yahoo.com/
d76545e7b993723fb0c1d4b6eed1f5be	yahoo	https://qa.dispatcher.yahoo.com/
d76545e7b993723fb0c1d4b6eed1f5be	yahoo	https://qa.mysubscriptions.finance.yahoo.com/
d76545e7b993723fb0c1d4b6eed1f5be	yahoo	https://qa.mysubscriptions.mail.yahoo.com/
d76545e7b993723fb0c1d4b6eed1f5be	yahoo	https://qa.mysubscriptions.yahoo.com/
d76545e7b993723fb0c1d4b6eed1f5be	yahoo	https://qa.plans.yahoo.com/
d76545e7b993723fb0c1d4b6eed1f5be	yahoo	https://qa.subscriptions.yahoo.com/
d76545e7b993723fb0c1d4b6eed1f5be	yahoo	https://qa.uk.subscriptions.yahoo.com/
d76545e7b993723fb0c1d4b6eed1f5be	yahoo	https://recipes.search.yahoo.com/
d76545e7b993723fb0c1d4b6eed1f5be	yahoo	https://rivals.yahoo.com/
d76545e7b993723fb0c1d4b6eed1f5be	yahoo	https://safeframes.yahoo.com/
d76545e7b993723fb0c1d4b6eed1f5be	yahoo	https://safely.yahoo.com/
d76545e7b993723fb0c1d4b6eed1f5be	yahoo	https://sandbox-api.admanager.yahoo.com/
d76545e7b993723fb0c1d4b6eed1f5be	yahoo	https://sandbox-api.gemini.yahoo.com/
d76545e7b993723fb0c1d4b6eed1f5be	yahoo	https://sandbox.datax.yahoo.com/
d76545e7b993723fb0c1d4b6eed1f5be	yahoo	https://sdk.amp.commerce.yahoo.com/
d76545e7b993723fb0c1d4b6eed1f5be	yahoo	https://sea.advertising.yahoo.com/
d76545e7b993723fb0c1d4b6eed1f5be	yahoo	https://search.yahoo.com/
d76545e7b993723fb0c1d4b6eed1f5be	yahoo	https://sg.feature.yahoo.com/
d76545e7b993723fb0c1d4b6eed1f5be	yahoo	https://sg.featured.yahoo.com/
d76545e7b993723fb0c1d4b6eed1f5be	yahoo	https://shopping.search.yahoo.com/
d76545e7b993723fb0c1d4b6eed1f5be	yahoo	https://smarttv-screen.manhattan.yahoo.com/
d76545e7b993723fb0c1d4b6eed1f5be	yahoo	https://smarttv-smartinfo.manhattan.yahoo.com/
d76545e7b993723fb0c1d4b6eed1f5be	yahoo	https://sp-ycpi.analytics.yahoo.com/
d76545e7b993723fb0c1d4b6eed1f5be	yahoo	https://sport.yahoo.com/
d76545e7b993723fb0c1d4b6eed1f5be	yahoo	https://sports.yahoo.com/
d76545e7b993723fb0c1d4b6eed1f5be	yahoo	https://stage.checkout.fantasysports.yahoo.com/
d76545e7b993723fb0c1d4b6eed1f5be	yahoo	https://stage.checkout.finance.yahoo.com/
d76545e7b993723fb0c1d4b6eed1f5be	yahoo	https://stage.checkout.mail.yahoo.com/
d76545e7b993723fb0c1d4b6eed1f5be	yahoo	https://stage.checkout.yahoo.com/
d76545e7b993723fb0c1d4b6eed1f5be	yahoo	https://stage.maps.yahoo.com/
d76545e7b993723fb0c1d4b6eed1f5be	yahoo	https://stage.mysubscriptions.finance.yahoo.com/
d76545e7b993723fb0c1d4b6eed1f5be	yahoo	https://stage.mysubscriptions.mail.yahoo.com/
d76545e7b993723fb0c1d4b6eed1f5be	yahoo	https://stage.mysubscriptions.yahoo.com/
d76545e7b993723fb0c1d4b6eed1f5be	yahoo	https://stage.plans.yahoo.com/
d76545e7b993723fb0c1d4b6eed1f5be	yahoo	https://stage.subscriptions.yahoo.com/
d76545e7b993723fb0c1d4b6eed1f5be	yahoo	https://stage.uk.subscriptions.yahoo.com/
d76545e7b993723fb0c1d4b6eed1f5be	yahoo	https://stg-ads.amp.commerce.yahoo.com/
d76545e7b993723fb0c1d4b6eed1f5be	yahoo	https://stg-api.amp.commerce.yahoo.com/
d76545e7b993723fb0c1d4b6eed1f5be	yahoo	https://stg-content.commerce.yahoo.com/
d76545e7b993723fb0c1d4b6eed1f5be	yahoo	https://stg-marketplace.amp.commerce.yahoo.com/
d76545e7b993723fb0c1d4b6eed1f5be	yahoo	https://stg-partner.amp.commerce.yahoo.com/
d76545e7b993723fb0c1d4b6eed1f5be	yahoo	https://stg-partnerinsights.yahoo.com/
d76545e7b993723fb0c1d4b6eed1f5be	yahoo	https://stg-pub.msd.athenz.yahoo.com/
d76545e7b993723fb0c1d4b6eed1f5be	yahoo	https://stg-sdk.amp.commerce.yahoo.com/
d76545e7b993723fb0c1d4b6eed1f5be	yahoo	https://stg-vega.commerce.yahoo.com/
d76545e7b993723fb0c1d4b6eed1f5be	yahoo	https://stgmerchant.gemini.yahoo.com/
d76545e7b993723fb0c1d4b6eed1f5be	yahoo	https://subs.communications.yahoo.com/
d76545e7b993723fb0c1d4b6eed1f5be	yahoo	https://subscriptions.yahoo.com/
d76545e7b993723fb0c1d4b6eed1f5be	yahoo	https://test.geo.yahoo.com/
d76545e7b993723fb0c1d4b6eed1f5be	yahoo	https://testvideo.advertising.yahoo.com/
d76545e7b993723fb0c1d4b6eed1f5be	yahoo	https://tp.ads.yahoo.com/
d76545e7b993723fb0c1d4b6eed1f5be	yahoo	https://tripod.yahoo.com/
d76545e7b993723fb0c1d4b6eed1f5be	yahoo	https://tv.widgets.yahoo.com/
d76545e7b993723fb0c1d4b6eed1f5be	yahoo	https://tw-billing.bid.yahoo.com/
d76545e7b993723fb0c1d4b6eed1f5be	yahoo	https://tw.analytics.buy.yahoo.com/
d76545e7b993723fb0c1d4b6eed1f5be	yahoo	https://tw.analytics.mall.yahoo.com/
d76545e7b993723fb0c1d4b6eed1f5be	yahoo	https://tw.autos.search.yahoo.com/
d76545e7b993723fb0c1d4b6eed1f5be	yahoo	https://tw.batch.bid.yahoo.com/
d76545e7b993723fb0c1d4b6eed1f5be	yahoo	https://tw.billing.bid.yahoo.com/
d76545e7b993723fb0c1d4b6eed1f5be	yahoo	https://tw.billing.yahoo.com/
d76545e7b993723fb0c1d4b6eed1f5be	yahoo	https://tw.blog.search.yahoo.com/
d76545e7b993723fb0c1d4b6eed1f5be	yahoo	https://tw.buy.yahoo.com/
d76545e7b993723fb0c1d4b6eed1f5be	yahoo	https://tw.campaign.mall.yahoo.com/
d76545e7b993723fb0c1d4b6eed1f5be	yahoo	https://tw.campaign.money.yahoo.com/
d76545e7b993723fb0c1d4b6eed1f5be	yahoo	https://tw.campaign.yahoo.com/
d76545e7b993723fb0c1d4b6eed1f5be	yahoo	https://tw.edit.listing.yahoo.com/
d76545e7b993723fb0c1d4b6eed1f5be	yahoo	https://tw.edit.store.bid.yahoo.com/
d76545e7b993723fb0c1d4b6eed1f5be	yahoo	https://tw.edmbc.mall.yahoo.com/
d76545e7b993723fb0c1d4b6eed1f5be	yahoo	https://tw.emarketing.yahoo.com/
d76545e7b993723fb0c1d4b6eed1f5be	yahoo	https://tw.esports.yahoo.com/
d76545e7b993723fb0c1d4b6eed1f5be	yahoo	https://tw.female.theme.mall.yahoo.com/
d76545e7b993723fb0c1d4b6eed1f5be	yahoo	https://tw.finance.yahoo.com/
d76545e7b993723fb0c1d4b6eed1f5be	yahoo	https://tw.futures.finance.yahoo.com/
d76545e7b993723fb0c1d4b6eed1f5be	yahoo	https://tw.imgup.bid.yahoo.com/
d76545e7b993723fb0c1d4b6eed1f5be	yahoo	https://tw.mall.yahoo.com/
d76545e7b993723fb0c1d4b6eed1f5be	yahoo	https://tw.man.theme.mall.yahoo.com/
d76545e7b993723fb0c1d4b6eed1f5be	yahoo	https://tw.master.bid.yahoo.com/
d76545e7b993723fb0c1d4b6eed1f5be	yahoo	https://tw.money.yahoo.com/
d76545e7b993723fb0c1d4b6eed1f5be	yahoo	https://tw.page.bid.yahoo.com/
d76545e7b993723fb0c1d4b6eed1f5be	yahoo	https://tw.page.mall.yahoo.com/
d76545e7b993723fb0c1d4b6eed1f5be	yahoo	https://tw.partner.buy.yahoo.com/
d76545e7b993723fb0c1d4b6eed1f5be	yahoo	https://tw.point.yahoo.com/
d76545e7b993723fb0c1d4b6eed1f5be	yahoo	https://tw.points.yahoo.com/
d76545e7b993723fb0c1d4b6eed1f5be	yahoo	https://tw.promo.yahoo.com/
d76545e7b993723fb0c1d4b6eed1f5be	yahoo	https://tw.rcv.mall.yahoo.com/
d76545e7b993723fb0c1d4b6eed1f5be	yahoo	https://tw.sales.emarketing.yahoo.com/
d76545e7b993723fb0c1d4b6eed1f5be	yahoo	https://tw.sc.mall.yahoo.com/
d76545e7b993723fb0c1d4b6eed1f5be	yahoo	https://tw.serviceplus.yahoo.com/
d76545e7b993723fb0c1d4b6eed1f5be	yahoo	https://tw.stock.yahoo.com/
d76545e7b993723fb0c1d4b6eed1f5be	yahoo	https://tw.store.bid.yahoo.com/
d76545e7b993723fb0c1d4b6eed1f5be	yahoo	https://tw.tech.yahoo.com/
d76545e7b993723fb0c1d4b6eed1f5be	yahoo	https://tw.user.bid.yahoo.com/
d76545e7b993723fb0c1d4b6eed1f5be	yahoo	https://tw.user.mall.yahoo.com/
d76545e7b993723fb0c1d4b6eed1f5be	yahoo	https://tw.ysm.emarketing.yahoo.com/
d76545e7b993723fb0c1d4b6eed1f5be	yahoo	https://tw.yts.billing.yahoo.com/
d76545e7b993723fb0c1d4b6eed1f5be	yahoo	https://us-east-1-web-oao.ssp.yahoo.com/
d76545e7b993723fb0c1d4b6eed1f5be	yahoo	https://us-east-1-web.ssp.yahoo.com/
d76545e7b993723fb0c1d4b6eed1f5be	yahoo	https://us-west-1-web-oao.ssp.yahoo.com/
d76545e7b993723fb0c1d4b6eed1f5be	yahoo	https://us-west-1-web.ssp.yahoo.com/
d76545e7b993723fb0c1d4b6eed1f5be	yahoo	https://us.csc.adserver.yahoo.com/
d76545e7b993723fb0c1d4b6eed1f5be	yahoo	https://vega.commerce.yahoo.com/
d76545e7b993723fb0c1d4b6eed1f5be	yahoo	https://vendor-beta.g11n.yahoo.com/
d76545e7b993723fb0c1d4b6eed1f5be	yahoo	https://vendor.g11n.yahoo.com/
d76545e7b993723fb0c1d4b6eed1f5be	yahoo	https://video.media.yql.yahoo.com/
d76545e7b993723fb0c1d4b6eed1f5be	yahoo	https://voice.yahoo.com/
d76545e7b993723fb0c1d4b6eed1f5be	yahoo	https://webscope.sandbox.yahoo.com/
d76545e7b993723fb0c1d4b6eed1f5be	yahoo	https://ws-contacts.mail.yahoo.com/
d76545e7b993723fb0c1d4b6eed1f5be	yahoo	https://ws-contacts.progrss.yahoo.com/
d76545e7b993723fb0c1d4b6eed1f5be	yahoo	https://xml-nar-dm.ysm.yahoo.com/
d76545e7b993723fb0c1d4b6eed1f5be	yahoo	https://yahoomail.feature.yahoo.com/
d76545e7b993723fb0c1d4b6eed1f5be	yahoo	https://yql.yahoo.com/
e71ed563d9c0742ee87ad93ec1a22238	springboot	https://helios-api.tgt.data.yahoo.com/
