aeloy.private.atlastunnel.com AS13335 AS13335 - CLOUDFLARE, INC. US 104.18.16.0/20
aeloy.public.atlastunnel.com AS13335 AS13335 - CLOUDFLARE, INC. US 104.18.16.0/20
aeloy.restricted.atlastunnel.com AS13335 AS13335 - CLOUDFLARE, INC. US 104.18.16.0/20
afecenko-trello-server.private.atlastunnel.com AS13335 AS13335 - CLOUDFLARE, INC. US 104.18.16.0/20
afecenko-trello-server.public.atlastunnel.com AS13335 AS13335 - CLOUDFLARE, INC. US 104.18.16.0/20
afecenko-trello-server.restricted.atlastunnel.com AS13335 AS13335 - CLOUDFLARE, INC. US 104.18.16.0/20
apai.private.atlastunnel.com AS13335 AS13335 - CLOUDFLARE, INC. US 104.18.16.0/20
apai.public.atlastunnel.com AS13335 AS13335 - CLOUDFLARE, INC. US 104.18.16.0/20
apai.restricted.atlastunnel.com AS13335 AS13335 - CLOUDFLARE, INC. US 104.18.16.0/20
arowe-portal.private.atlastunnel.com AS13335 AS13335 - CLOUDFLARE, INC. US 104.18.16.0/20
arowe-portal.public.atlastunnel.com AS13335 AS13335 - CLOUDFLARE, INC. US 104.18.16.0/20
arowe-portal.restricted.atlastunnel.com AS13335 AS13335 - CLOUDFLARE, INC. US 104.18.16.0/20
arowe.private.atlastunnel.com AS13335 AS13335 - CLOUDFLARE, INC. US 104.18.16.0/20
arowe.public.atlastunnel.com AS13335 AS13335 - CLOUDFLARE, INC. US 104.18.16.0/20
arowe.restricted.atlastunnel.com AS13335 AS13335 - CLOUDFLARE, INC. US 104.18.16.0/20
bdo-test.private.atlastunnel.com AS13335 AS13335 - CLOUDFLARE, INC. US 104.18.16.0/20
bdo-test.public.atlastunnel.com AS13335 AS13335 - CLOUDFLARE, INC. US 104.18.16.0/20
bdo-test.restricted.atlastunnel.com AS13335 AS13335 - CLOUDFLARE, INC. US 104.18.16.0/20
cku2.private.atlastunnel.com AS13335 AS13335 - CLOUDFLARE, INC. US 104.18.16.0/20
cku2.public.atlastunnel.com AS13335 AS13335 - CLOUDFLARE, INC. US 104.18.16.0/20
cku2.restricted.atlastunnel.com AS13335 AS13335 - CLOUDFLARE, INC. US 104.18.16.0/20
cyan.private.atlastunnel.com AS13335 AS13335 - CLOUDFLARE, INC. US 104.18.16.0/20
cyan.public.atlastunnel.com AS13335 AS13335 - CLOUDFLARE, INC. US 104.18.16.0/20
cyan.restricted.atlastunnel.com AS13335 AS13335 - CLOUDFLARE, INC. US 104.18.16.0/20
dboyd.private.atlastunnel.com AS13335 AS13335 - CLOUDFLARE, INC. US 104.18.16.0/20
dboyd.public.atlastunnel.com AS13335 AS13335 - CLOUDFLARE, INC. US 104.18.16.0/20
dboyd.restricted.atlastunnel.com AS13335 AS13335 - CLOUDFLARE, INC. US 104.18.16.0/20
dkv.private.atlastunnel.com AS13335 AS13335 - CLOUDFLARE, INC. US 104.18.16.0/20
dkv.public.atlastunnel.com AS13335 AS13335 - CLOUDFLARE, INC. US 104.18.16.0/20
dkv.restricted.atlastunnel.com AS13335 AS13335 - CLOUDFLARE, INC. US 104.18.16.0/20
dlau.private.atlastunnel.com AS13335 AS13335 - CLOUDFLARE, INC. US 104.18.16.0/20
dlau.public.atlastunnel.com AS13335 AS13335 - CLOUDFLARE, INC. US 104.18.16.0/20
dlau.restricted.atlastunnel.com AS13335 AS13335 - CLOUDFLARE, INC. US 104.18.16.0/20
dlim.private.atlastunnel.com AS13335 AS13335 - CLOUDFLARE, INC. US 104.18.16.0/20
dlim.public.atlastunnel.com AS13335 AS13335 - CLOUDFLARE, INC. US 104.18.16.0/20
dlim.restricted.atlastunnel.com AS13335 AS13335 - CLOUDFLARE, INC. US 104.18.16.0/20
dmo.private.atlastunnel.com AS13335 AS13335 - CLOUDFLARE, INC. US 104.18.16.0/20
dmo.public.atlastunnel.com AS13335 AS13335 - CLOUDFLARE, INC. US 104.18.16.0/20
dmo.restricted.atlastunnel.com AS13335 AS13335 - CLOUDFLARE, INC. US 104.18.16.0/20
elea.private.atlastunnel.com AS13335 AS13335 - CLOUDFLARE, INC. US 104.18.16.0/20
elea.public.atlastunnel.com AS13335 AS13335 - CLOUDFLARE, INC. US 104.18.16.0/20
elea.restricted.atlastunnel.com AS13335 AS13335 - CLOUDFLARE, INC. US 104.18.16.0/20
erho.private.atlastunnel.com AS13335 AS13335 - CLOUDFLARE, INC. US 104.18.16.0/20
erho.public.atlastunnel.com AS13335 AS13335 - CLOUDFLARE, INC. US 104.18.16.0/20
erho.restricted.atlastunnel.com AS13335 AS13335 - CLOUDFLARE, INC. US 104.18.16.0/20
hsu.private.atlastunnel.com AS13335 AS13335 - CLOUDFLARE, INC. US 104.18.16.0/20
hsu.public.atlastunnel.com AS13335 AS13335 - CLOUDFLARE, INC. US 104.18.16.0/20
hsu.restricted.atlastunnel.com AS13335 AS13335 - CLOUDFLARE, INC. US 104.18.16.0/20
iran.private.atlastunnel.com AS13335 AS13335 - CLOUDFLARE, INC. US 104.18.16.0/20
iran.public.atlastunnel.com AS13335 AS13335 - CLOUDFLARE, INC. US 104.18.16.0/20
iran.restricted.atlastunnel.com AS13335 AS13335 - CLOUDFLARE, INC. US 104.18.16.0/20
isu.private.atlastunnel.com AS13335 AS13335 - CLOUDFLARE, INC. US 104.18.16.0/20
isu.public.atlastunnel.com AS13335 AS13335 - CLOUDFLARE, INC. US 104.18.16.0/20
isu.restricted.atlastunnel.com AS13335 AS13335 - CLOUDFLARE, INC. US 104.18.16.0/20
jkirk.private.atlastunnel.com AS13335 AS13335 - CLOUDFLARE, INC. US 104.18.16.0/20
jkirk.public.atlastunnel.com AS13335 AS13335 - CLOUDFLARE, INC. US 104.18.16.0/20
jkirk.restricted.atlastunnel.com AS13335 AS13335 - CLOUDFLARE, INC. US 104.18.16.0/20
jphoon.private.atlastunnel.com AS13335 AS13335 - CLOUDFLARE, INC. US 104.18.16.0/20
jphoon.public.atlastunnel.com AS13335 AS13335 - CLOUDFLARE, INC. US 104.18.16.0/20
jphoon.restricted.atlastunnel.com AS13335 AS13335 - CLOUDFLARE, INC. US 104.18.16.0/20
jwu6.private.atlastunnel.com AS13335 AS13335 - CLOUDFLARE, INC. US 104.18.16.0/20
jwu6.public.atlastunnel.com AS13335 AS13335 - CLOUDFLARE, INC. US 104.18.16.0/20
jwu6.restricted.atlastunnel.com AS13335 AS13335 - CLOUDFLARE, INC. US 104.18.16.0/20
kj.private.atlastunnel.com AS13335 AS13335 - CLOUDFLARE, INC. US 104.18.16.0/20
kj.public.atlastunnel.com AS13335 AS13335 - CLOUDFLARE, INC. US 104.18.16.0/20
kj.restricted.atlastunnel.com AS13335 AS13335 - CLOUDFLARE, INC. US 104.18.16.0/20
klad.private.atlastunnel.com AS13335 AS13335 - CLOUDFLARE, INC. US 104.18.16.0/20
klad.public.atlastunnel.com AS13335 AS13335 - CLOUDFLARE, INC. US 104.18.16.0/20
klad.restricted.atlastunnel.com AS13335 AS13335 - CLOUDFLARE, INC. US 104.18.16.0/20
kye.private.atlastunnel.com AS13335 AS13335 - CLOUDFLARE, INC. US 104.18.16.0/20
kye.public.atlastunnel.com AS13335 AS13335 - CLOUDFLARE, INC. US 104.18.16.0/20
kye.restricted.atlastunnel.com AS13335 AS13335 - CLOUDFLARE, INC. US 104.18.16.0/20
kyu.private.atlastunnel.com AS13335 AS13335 - CLOUDFLARE, INC. US 104.18.16.0/20
kyu.public.atlastunnel.com AS13335 AS13335 - CLOUDFLARE, INC. US 104.18.16.0/20
kyu.restricted.atlastunnel.com AS13335 AS13335 - CLOUDFLARE, INC. US 104.18.16.0/20
lma2.private.atlastunnel.com AS13335 AS13335 - CLOUDFLARE, INC. US 104.18.16.0/20
lma2.public.atlastunnel.com AS13335 AS13335 - CLOUDFLARE, INC. US 104.18.16.0/20
lma2.restricted.atlastunnel.com AS13335 AS13335 - CLOUDFLARE, INC. US 104.18.16.0/20
mho.private.atlastunnel.com AS13335 AS13335 - CLOUDFLARE, INC. US 104.18.16.0/20
mho.public.atlastunnel.com AS13335 AS13335 - CLOUDFLARE, INC. US 104.18.16.0/20
mho.restricted.atlastunnel.com AS13335 AS13335 - CLOUDFLARE, INC. US 104.18.16.0/20
mkim.private.atlastunnel.com AS13335 AS13335 - CLOUDFLARE, INC. US 104.18.16.0/20
mkim.public.atlastunnel.com AS13335 AS13335 - CLOUDFLARE, INC. US 104.18.16.0/20
mkim.restricted.atlastunnel.com AS13335 AS13335 - CLOUDFLARE, INC. US 104.18.16.0/20
mkoptsov-msteams-trello.private.atlastunnel.com AS13335 AS13335 - CLOUDFLARE, INC. US 104.18.16.0/20
mkoptsov-msteams-trello.public.atlastunnel.com AS13335 AS13335 - CLOUDFLARE, INC. US 104.18.16.0/20
mkoptsov-msteams-trello.restricted.atlastunnel.com AS13335 AS13335 - CLOUDFLARE, INC. US 104.18.16.0/20
mkoptsov-srv.public.atlastunnel.com AS13335 AS13335 - CLOUDFLARE, INC. US 104.18.16.0/20
mlo.private.atlastunnel.com AS13335 AS13335 - CLOUDFLARE, INC. US 104.18.16.0/20
mlo.public.atlastunnel.com AS13335 AS13335 - CLOUDFLARE, INC. US 104.18.16.0/20
mlo.restricted.atlastunnel.com AS13335 AS13335 - CLOUDFLARE, INC. US 104.18.16.0/20
msturm.private.atlastunnel.com AS13335 AS13335 - CLOUDFLARE, INC. US 104.18.16.0/20
msturm.public.atlastunnel.com AS13335 AS13335 - CLOUDFLARE, INC. US 104.18.16.0/20
msturm.restricted.atlastunnel.com AS13335 AS13335 - CLOUDFLARE, INC. US 104.18.16.0/20
myokha.private.atlastunnel.com AS13335 AS13335 - CLOUDFLARE, INC. US 104.18.16.0/20
myokha.public.atlastunnel.com AS13335 AS13335 - CLOUDFLARE, INC. US 104.18.16.0/20
myokha.restricted.atlastunnel.com AS13335 AS13335 - CLOUDFLARE, INC. US 104.18.16.0/20
myserver.private.atlastunnel.com AS13335 AS13335 - CLOUDFLARE, INC. US 104.18.16.0/20
myserver.public.atlastunnel.com AS13335 AS13335 - CLOUDFLARE, INC. US 104.18.16.0/20
myserver.restricted.atlastunnel.com AS13335 AS13335 - CLOUDFLARE, INC. US 104.18.16.0/20
nlee.private.atlastunnel.com AS13335 AS13335 - CLOUDFLARE, INC. US 104.18.16.0/20
nlee.public.atlastunnel.com AS13335 AS13335 - CLOUDFLARE, INC. US 104.18.16.0/20
nlee.restricted.atlastunnel.com AS13335 AS13335 - CLOUDFLARE, INC. US 104.18.16.0/20
pkuo.private.atlastunnel.com AS13335 AS13335 - CLOUDFLARE, INC. US 104.18.16.0/20
pkuo.public.atlastunnel.com AS13335 AS13335 - CLOUDFLARE, INC. US 104.18.16.0/20
pkuo.restricted.atlastunnel.com AS13335 AS13335 - CLOUDFLARE, INC. US 104.18.16.0/20
pmartin.private.atlastunnel.com AS13335 AS13335 - CLOUDFLARE, INC. US 104.18.16.0/20
pmartin.public.atlastunnel.com AS13335 AS13335 - CLOUDFLARE, INC. US 104.18.16.0/20
pmartin.restricted.atlastunnel.com AS13335 AS13335 - CLOUDFLARE, INC. US 104.18.16.0/20
pyu.private.atlastunnel.com AS13335 AS13335 - CLOUDFLARE, INC. US 104.18.16.0/20
pyu.public.atlastunnel.com AS13335 AS13335 - CLOUDFLARE, INC. US 104.18.16.0/20
pyu.restricted.atlastunnel.com AS13335 AS13335 - CLOUDFLARE, INC. US 104.18.16.0/20
rdr.private.atlastunnel.com AS13335 AS13335 - CLOUDFLARE, INC. US 104.18.16.0/20
rdr.public.atlastunnel.com AS13335 AS13335 - CLOUDFLARE, INC. US 104.18.16.0/20
rdr.restricted.atlastunnel.com AS13335 AS13335 - CLOUDFLARE, INC. US 104.18.16.0/20
rjha.private.atlastunnel.com AS13335 AS13335 - CLOUDFLARE, INC. US 104.18.16.0/20
rjha.public.atlastunnel.com AS13335 AS13335 - CLOUDFLARE, INC. US 104.18.16.0/20
rjha.restricted.atlastunnel.com AS13335 AS13335 - CLOUDFLARE, INC. US 104.18.16.0/20
rpatil-halp.private.atlastunnel.com AS13335 AS13335 - CLOUDFLARE, INC. US 104.18.16.0/20
rpatil-halp.public.atlastunnel.com AS13335 AS13335 - CLOUDFLARE, INC. US 104.18.16.0/20
rpatil-halp.restricted.atlastunnel.com AS13335 AS13335 - CLOUDFLARE, INC. US 104.18.16.0/20
rpatil-teams.private.atlastunnel.com AS13335 AS13335 - CLOUDFLARE, INC. US 104.18.16.0/20
rpatil-teams.public.atlastunnel.com AS13335 AS13335 - CLOUDFLARE, INC. US 104.18.16.0/20
rpatil-teams.restricted.atlastunnel.com AS13335 AS13335 - CLOUDFLARE, INC. US 104.18.16.0/20
rx.private.atlastunnel.com AS13335 AS13335 - CLOUDFLARE, INC. US 104.18.16.0/20
rx.public.atlastunnel.com AS13335 AS13335 - CLOUDFLARE, INC. US 104.18.16.0/20
rx.restricted.atlastunnel.com AS13335 AS13335 - CLOUDFLARE, INC. US 104.18.16.0/20
sethgho-halp.private.atlastunnel.com AS13335 AS13335 - CLOUDFLARE, INC. US 104.18.16.0/20
sethgho-halp.public.atlastunnel.com AS13335 AS13335 - CLOUDFLARE, INC. US 104.18.16.0/20
sethgho-halp.restricted.atlastunnel.com AS13335 AS13335 - CLOUDFLARE, INC. US 104.18.16.0/20
sethgho-teams.private.atlastunnel.com AS13335 AS13335 - CLOUDFLARE, INC. US 104.18.16.0/20
sethgho-teams.public.atlastunnel.com AS13335 AS13335 - CLOUDFLARE, INC. US 104.18.16.0/20
sethgho-teams.restricted.atlastunnel.com AS13335 AS13335 - CLOUDFLARE, INC. US 104.18.16.0/20
sraj8.private.atlastunnel.com AS13335 AS13335 - CLOUDFLARE, INC. US 104.18.16.0/20
sraj8.public.atlastunnel.com AS13335 AS13335 - CLOUDFLARE, INC. US 104.18.16.0/20
sraj8.restricted.atlastunnel.com AS13335 AS13335 - CLOUDFLARE, INC. US 104.18.16.0/20
srathore.private.atlastunnel.com AS13335 AS13335 - CLOUDFLARE, INC. US 104.18.16.0/20
srathore.public.atlastunnel.com AS13335 AS13335 - CLOUDFLARE, INC. US 104.18.16.0/20
srathore.restricted.atlastunnel.com AS13335 AS13335 - CLOUDFLARE, INC. US 104.18.16.0/20
tknight.private.atlastunnel.com AS13335 AS13335 - CLOUDFLARE, INC. US 104.18.16.0/20
tknight.public.atlastunnel.com AS13335 AS13335 - CLOUDFLARE, INC. US 104.18.16.0/20
tknight.restricted.atlastunnel.com AS13335 AS13335 - CLOUDFLARE, INC. US 104.18.16.0/20
tluo.private.atlastunnel.com AS13335 AS13335 - CLOUDFLARE, INC. US 104.18.16.0/20
tluo.public.atlastunnel.com AS13335 AS13335 - CLOUDFLARE, INC. US 104.18.16.0/20
tluo.restricted.atlastunnel.com AS13335 AS13335 - CLOUDFLARE, INC. US 104.18.16.0/20
trello-server.private.atlastunnel.com AS13335 AS13335 - CLOUDFLARE, INC. US 104.18.16.0/20
trello-server.public.atlastunnel.com AS13335 AS13335 - CLOUDFLARE, INC. US 104.18.16.0/20
trello-server.restricted.atlastunnel.com AS13335 AS13335 - CLOUDFLARE, INC. US 104.18.16.0/20
vbatrukh.private.atlastunnel.com AS13335 AS13335 - CLOUDFLARE, INC. US 104.18.16.0/20
vbatrukh.public.atlastunnel.com AS13335 AS13335 - CLOUDFLARE, INC. US 104.18.16.0/20
vbatrukh.restricted.atlastunnel.com AS13335 AS13335 - CLOUDFLARE, INC. US 104.18.16.0/20
vchan.private.atlastunnel.com AS13335 AS13335 - CLOUDFLARE, INC. US 104.18.16.0/20
vchan.public.atlastunnel.com AS13335 AS13335 - CLOUDFLARE, INC. US 104.18.16.0/20
vchan.restricted.atlastunnel.com AS13335 AS13335 - CLOUDFLARE, INC. US 104.18.16.0/20
vsaienko.private.atlastunnel.com AS13335 AS13335 - CLOUDFLARE, INC. US 104.18.16.0/20
vsaienko.public.atlastunnel.com AS13335 AS13335 - CLOUDFLARE, INC. US 104.18.16.0/20
vsaienko.restricted.atlastunnel.com AS13335 AS13335 - CLOUDFLARE, INC. US 104.18.16.0/20
wloo.private.atlastunnel.com AS13335 AS13335 - CLOUDFLARE, INC. US 104.18.16.0/20
wloo.public.atlastunnel.com AS13335 AS13335 - CLOUDFLARE, INC. US 104.18.16.0/20
wloo.restricted.atlastunnel.com AS13335 AS13335 - CLOUDFLARE, INC. US 104.18.16.0/20
wow.private.atlastunnel.com AS13335 AS13335 - CLOUDFLARE, INC. US 104.18.16.0/20
wow.public.atlastunnel.com AS13335 AS13335 - CLOUDFLARE, INC. US 104.18.16.0/20
wow.restricted.atlastunnel.com AS13335 AS13335 - CLOUDFLARE, INC. US 104.18.16.0/20
xxu.private.atlastunnel.com AS13335 AS13335 - CLOUDFLARE, INC. US 104.18.16.0/20
xxu.public.atlastunnel.com AS13335 AS13335 - CLOUDFLARE, INC. US 104.18.16.0/20
xxu.restricted.atlastunnel.com AS13335 AS13335 - CLOUDFLARE, INC. US 104.18.16.0/20
yqin.private.atlastunnel.com AS13335 AS13335 - CLOUDFLARE, INC. US 104.18.16.0/20
yqin.public.atlastunnel.com AS13335 AS13335 - CLOUDFLARE, INC. US 104.18.16.0/20
yqin.restricted.atlastunnel.com AS13335 AS13335 - CLOUDFLARE, INC. US 104.18.16.0/20
