affiliates.bitmex.com AS13335 AS13335 - CLOUDFLARE, INC. US 104.18.160.0/20
auth.devhk.bitmex.com AS13335 AS13335 - CLOUDFLARE, INC. US 104.18.0.0/20
auth.devsf2.bitmex.com AS13335 AS13335 - CLOUDFLARE, INC. US 104.18.0.0/20
auth.devsf3.bitmex.com AS13335 AS13335 - CLOUDFLARE, INC. US 104.18.0.0/20
aws.ws.services.bitmex.com AS16509 AS16509 - AMAZON.COM INC. US 54.195.0.0/16
aws.ws.services.bitmex.com AS16509 AS16509 - AMAZON.COM, INC. US 54.195.0.0/16
aws.ws.services.bitmex.com AS16509 AS16509 - AMAZON.COM, INC. US 54.228.0.0/16
aws.ws.testnet.services.bitmex.com AS16509 AS16509 - AMAZON.COM, INC. US 18.202.0.0/15
aws.ws.testnet.services.bitmex.com AS16509 AS16509 - AMAZON.COM, INC. US 52.16.0.0/15
cf.ws.services.bitmex.com AS16509 AS16509 - AMAZON.COM INC. US 52.18.0.0/15
cf.ws.services.bitmex.com AS16509 AS16509 - AMAZON.COM, INC. US 34.248.0.0/13
cf.ws.services.bitmex.com AS16509 AS16509 - AMAZON.COM, INC. US 52.18.0.0/15
cf.ws.testnet.services.bitmex.com AS16509 AS16509 - AMAZON.COM INC. US 52.208.0.0/13
cf.ws.testnet.services.bitmex.com AS16509 AS16509 - AMAZON.COM, INC. US 52.48.0.0/14
cf.ws.testnet.services.bitmex.com AS16509 AS16509 - AMAZON.COM, INC. US 63.32.0.0/14
compliance-fbnotify.prod.services.bitmex.com AS16509 AS16509 - AMAZON.COM, INC. US 52.208.0.0/13
devhk-static.bitmex.com AS16509 AS16509 - AMAZON.COM INC. US 13.226.32.0/21
documents.bitmex.com AS16509 AS16509 - AMAZON.COM INC. US 52.29.0.0/16
documents.devsf3.bitmex.com AS14618 AS14618 - AMAZON.COM, INC. US 107.20.0.0/16
fbnotify.dev.devhk.services.bitmex.com AS16509 AS16509 - AMAZON.COM, INC. US 52.208.0.0/13
fbnotify.devhk.services.bitmex.com AS16509 AS16509 - AMAZON.COM, INC. US 34.248.0.0/13
fbnotify.prod.services.bitmex.com AS16509 AS16509 - AMAZON.COM INC. US 52.208.0.0/13
fbnotify.prod.services.bitmex.com AS16509 AS16509 - AMAZON.COM, INC. US 52.16.0.0/15
fbnotify.prod.services.bitmex.com AS16509 AS16509 - AMAZON.COM, INC. US 52.208.0.0/13
fbnotify.public.testnet.services.bitmex.com AS16509 AS16509 - AMAZON.COM INC. US 34.240.0.0/13
fbnotify.testnet.services.bitmex.com AS16509 AS16509 - AMAZON.COM INC. US 108.128.0.0/13
freshdesk.services.bitmex.com AS16509 AS16509 - AMAZON.COM INC. US 34.248.0.0/13
freshdesk.services.bitmex.com AS16509 AS16509 - AMAZON.COM, INC. US 34.240.0.0/13
freshworks.services.bitmex.com AS16509 AS16509 - AMAZON.COM INC. US 34.240.0.0/13
lib.academy.bitmex.com AS6939 AS6939 - HURRICANE ELECTRIC LLC US 216.66.32.0/19
mobile-config.services.bitmex.com AS16509 AS16509 - AMAZON.COM INC. US 54.154.0.0/16
mobile-config.testnet.services.bitmex.com AS16509 AS16509 - AMAZON.COM INC. US 54.171.0.0/16
onfido.bitmex.com AS16509 AS16509 - AMAZON.COM INC. US 52.29.0.0/16
onfido.devsf3.bitmex.com AS14618 AS14618 - AMAZON.COM, INC. US 107.20.0.0/16
onfido.testnet.bitmex.com AS16509 AS16509 - AMAZON.COM, INC. US 3.124.0.0/14
podcasts.academy.bitmex.com AS14618 AS14618 - AMAZON.COM, INC. US 52.72.0.0/15
sentry.services.bitmex.com AS16509 AS16509 - AMAZON.COM INC. US 54.76.0.0/15
sentry.services.bitmex.com AS16509 AS16509 - AMAZON.COM, INC. US 34.248.0.0/13
sentry.testnet.services.bitmex.com AS16509 AS16509 - AMAZON.COM INC. US 108.128.0.0/13
support.services.bitmex.com AS16509 AS16509 - AMAZON.COM INC. US 34.248.0.0/13
support.services.bitmex.com AS16509 AS16509 - AMAZON.COM, INC. US 34.248.0.0/13
support.services.bitmex.com AS16509 AS16509 - AMAZON.COM, INC. US 54.228.0.0/16
support.testnet.services.bitmex.com AS16509 AS16509 - AMAZON.COM INC. US 52.30.0.0/15
support.testnet.services.bitmex.com AS16509 AS16509 - AMAZON.COM, INC. US 34.248.0.0/13
support.testnet.services.bitmex.com AS16509 AS16509 - AMAZON.COM, INC. US 52.30.0.0/15
testnet.bitmex.com AS16509 AS16509 - AMAZON.COM INC. US 52.48.0.0/14
testnet2.bitmex.com AS16509 AS16509 - AMAZON.COM INC. US 13.225.60.0/22
token.services.bitmex.com AS16509 AS16509 - AMAZON.COM, INC. US 34.248.0.0/13
upload.bitmex.com AS16509 AS16509 - AMAZON.COM, INC. US 52.29.0.0/16
upload.devsf3.bitmex.com AS14618 AS14618 - AMAZON.COM INC. US 3.208.0.0/12
upload.devsf3.bitmex.com AS14618 AS14618 - AMAZON.COM, INC. US 107.20.0.0/16
upload.testnet.bitmex.com AS16509 AS16509 - AMAZON.COM, INC. US 3.120.0.0/14
watchlist.dev.bitmex.com AS14618 AS14618 - AMAZON.COM, INC. US 107.20.0.0/16
ws.bitmex.com AS13335 AS13335 - CLOUDFLARE INC. US 172.65.208.0/20
ws.bitmex.com AS13335 AS13335 - CLOUDFLARE, INC. US 172.65.208.0/20
ws.rescue.services.bitmex.com AS16509 AS16509 - AMAZON.COM, INC. US 54.247.128.0/18
ws.rescue.testnet.services.bitmex.com AS16509 AS16509 - AMAZON.COM, INC. US 54.195.0.0/16
ws.services.bitmex.com AS16509 AS16509 - AMAZON.COM INC. US 54.77.0.0/16
ws.testnet.bitmex.com AS13335 AS13335 - CLOUDFLARE INC. US 172.65.192.0/20
ws.testnet.bitmex.com AS13335 AS13335 - CLOUDFLARE, INC. US 172.65.192.0/20
www2.bitmex.com AS16509 AS16509 - AMAZON.COM INC. US 13.226.32.0/21
