at-de.forum.ibood.com AS15169 AS15169 - GOOGLE LLC US 34.100.0.0/14
be-nl.forum.ibood.com AS15169 AS15169 - GOOGLE LLC US 34.100.0.0/14
consumables-at-de.forum.ibood.com AS15169 AS15169 - GOOGLE LLC US 34.100.0.0/14
consumables-be-nl.forum.ibood.com AS15169 AS15169 - GOOGLE LLC US 34.100.0.0/14
consumables-de-de.forum.ibood.com AS15169 AS15169 - GOOGLE LLC US 34.100.0.0/14
consumables-nl-nl.forum.ibood.com AS15169 AS15169 - GOOGLE LLC US 34.100.0.0/14
consumables-pl-pl.forum.ibood.com AS15169 AS15169 - GOOGLE LLC US 34.100.0.0/14
csg.forum.ibood.com AS15169 AS15169 - GOOGLE LLC US 34.100.0.0/14
de-de.forum.ibood.com AS15169 AS15169 - GOOGLE LLC US 34.100.0.0/14
diy-at-de.forum.ibood.com AS15169 AS15169 - GOOGLE LLC US 34.100.0.0/14
diy-be-nl.forum.ibood.com AS15169 AS15169 - GOOGLE LLC US 34.100.0.0/14
diy-de-de.forum.ibood.com AS15169 AS15169 - GOOGLE LLC US 34.100.0.0/14
diy-nl-nl.forum.ibood.com AS15169 AS15169 - GOOGLE LLC US 34.100.0.0/14
diy-pl-pl.forum.ibood.com AS15169 AS15169 - GOOGLE LLC US 34.100.0.0/14
electronics-at-de.forum.ibood.com AS15169 AS15169 - GOOGLE LLC US 34.100.0.0/14
electronics-be-nl.forum.ibood.com AS15169 AS15169 - GOOGLE LLC US 34.100.0.0/14
electronics-de-de.forum.ibood.com AS15169 AS15169 - GOOGLE LLC US 34.100.0.0/14
electronics-nl-nl.00.forum.ibood.com AS15169 AS15169 - GOOGLE LLC US 34.100.0.0/14
electronics-nl-nl.forum.ibood.com AS15169 AS15169 - GOOGLE LLC US 34.100.0.0/14
electronics-pl-pl.forum.ibood.com AS15169 AS15169 - GOOGLE LLC US 34.100.0.0/14
eshiboyulechengxianshangdubo.forum.ibood.com AS15169 AS15169 - GOOGLE LLC US 34.100.0.0/14
experiences-at-de.forum.ibood.com AS15169 AS15169 - GOOGLE LLC US 34.100.0.0/14
experiences-be-nl.forum.ibood.com AS15169 AS15169 - GOOGLE LLC US 34.100.0.0/14
experiences-de-de.forum.ibood.com AS15169 AS15169 - GOOGLE LLC US 34.100.0.0/14
experiences-nl-nl.forum.ibood.com AS15169 AS15169 - GOOGLE LLC US 34.100.0.0/14
experiences-pl-pl.forum.ibood.com AS15169 AS15169 - GOOGLE LLC US 34.100.0.0/14
extra-at-de.forum.ibood.com AS15169 AS15169 - GOOGLE LLC US 34.100.0.0/14
extra-be-nl.forum.ibood.com AS15169 AS15169 - GOOGLE LLC US 34.100.0.0/14
extra-de-de.forum.ibood.com AS15169 AS15169 - GOOGLE LLC US 34.100.0.0/14
extra-nl-nl.forum.ibood.com AS15169 AS15169 - GOOGLE LLC US 34.100.0.0/14
extra-pl-pl.forum.ibood.com AS15169 AS15169 - GOOGLE LLC US 34.100.0.0/14
fashion-accessories-at-de.forum.ibood.com AS15169 AS15169 - GOOGLE LLC US 34.100.0.0/14
fashion-accessories-be-nl.forum.ibood.com AS15169 AS15169 - GOOGLE LLC US 34.100.0.0/14
fashion-accessories-de-de.forum.ibood.com AS15169 AS15169 - GOOGLE LLC US 34.100.0.0/14
fashion-accessories-nl-nl.forum.ibood.com AS15169 AS15169 - GOOGLE LLC US 34.100.0.0/14
fashion-accessories-pl-pl.forum.ibood.com AS15169 AS15169 - GOOGLE LLC US 34.100.0.0/14
fashion-accessories-pl-pl.northamerica.forum.ibood.com AS15169 AS15169 - GOOGLE LLC US 34.100.0.0/14
forum.ibood.com AS15169 AS15169 - GOOGLE LLC US 34.100.0.0/14
health-beauty-at-de.forum.ibood.com AS15169 AS15169 - GOOGLE LLC US 34.100.0.0/14
health-beauty-be-nl.forum.ibood.com AS15169 AS15169 - GOOGLE LLC US 34.100.0.0/14
health-beauty-de-de.forum.ibood.com AS15169 AS15169 - GOOGLE LLC US 34.100.0.0/14
health-beauty-nl-nl.forum.ibood.com AS15169 AS15169 - GOOGLE LLC US 34.100.0.0/14
health-beauty-pl-pl.forum.ibood.com AS15169 AS15169 - GOOGLE LLC US 34.100.0.0/14
home-living-at-de.forum.ibood.com AS15169 AS15169 - GOOGLE LLC US 34.100.0.0/14
home-living-be-nl.forum.ibood.com AS15169 AS15169 - GOOGLE LLC US 34.100.0.0/14
home-living-de-de.forum.ibood.com AS15169 AS15169 - GOOGLE LLC US 34.100.0.0/14
home-living-nl-nl.forum.ibood.com AS15169 AS15169 - GOOGLE LLC US 34.100.0.0/14
home-living-pl-pl.forum.ibood.com AS15169 AS15169 - GOOGLE LLC US 34.100.0.0/14
ie-en.forum.ibood.com AS15169 AS15169 - GOOGLE LLC US 34.100.0.0/14
interior-at-de.forum.ibood.com AS15169 AS15169 - GOOGLE LLC US 34.100.0.0/14
interior-be-nl.forum.ibood.com AS15169 AS15169 - GOOGLE LLC US 34.100.0.0/14
interior-de-de.forum.ibood.com AS15169 AS15169 - GOOGLE LLC US 34.100.0.0/14
interior-nl-nl.forum.ibood.com AS15169 AS15169 - GOOGLE LLC US 34.100.0.0/14
interior-pl-pl.forum.ibood.com AS15169 AS15169 - GOOGLE LLC US 34.100.0.0/14
kids-toys-at-de.forum.ibood.com AS15169 AS15169 - GOOGLE LLC US 34.100.0.0/14
kids-toys-be-nl.forum.ibood.com AS15169 AS15169 - GOOGLE LLC US 34.100.0.0/14
kids-toys-de-de.forum.ibood.com AS15169 AS15169 - GOOGLE LLC US 34.100.0.0/14
kids-toys-nl-nl.forum.ibood.com AS15169 AS15169 - GOOGLE LLC US 34.100.0.0/14
kids-toys-pl-pl.forum.ibood.com AS15169 AS15169 - GOOGLE LLC US 34.100.0.0/14
nl-nl.forum.ibood.com AS15169 AS15169 - GOOGLE LLC US 34.100.0.0/14
owa-auth.forum.ibood.com AS15169 AS15169 - GOOGLE LLC US 34.100.0.0/14
pl-pl.forum.ibood.com AS15169 AS15169 - GOOGLE LLC US 34.100.0.0/14
sports-fashion-at-de.forum.ibood.com AS15169 AS15169 - GOOGLE LLC US 34.100.0.0/14
sports-fashion-be-nl.forum.ibood.com AS15169 AS15169 - GOOGLE LLC US 34.100.0.0/14
sports-fashion-de-de.forum.ibood.com AS15169 AS15169 - GOOGLE LLC US 34.100.0.0/14
sports-fashion-nl-nl.forum.ibood.com AS15169 AS15169 - GOOGLE LLC US 34.100.0.0/14
sports-fashion-pl-pl.forum.ibood.com AS15169 AS15169 - GOOGLE LLC US 34.100.0.0/14
sports-outdoor-at-de.forum.ibood.com AS15169 AS15169 - GOOGLE LLC US 34.100.0.0/14
sports-outdoor-be-nl.forum.ibood.com AS15169 AS15169 - GOOGLE LLC US 34.100.0.0/14
sports-outdoor-de-de.forum.ibood.com AS15169 AS15169 - GOOGLE LLC US 34.100.0.0/14
sports-outdoor-nl-nl.forum.ibood.com AS15169 AS15169 - GOOGLE LLC US 34.100.0.0/14
sports-outdoor-pl-pl.forum.ibood.com AS15169 AS15169 - GOOGLE LLC US 34.100.0.0/14
travel-be-nl.forum.ibood.com AS15169 AS15169 - GOOGLE LLC US 34.100.0.0/14
travel-nl-nl.forum.ibood.com AS15169 AS15169 - GOOGLE LLC US 34.100.0.0/14
uk-en.forum.ibood.com AS15169 AS15169 - GOOGLE LLC US 34.100.0.0/14
vouchers-at-de.forum.ibood.com AS15169 AS15169 - GOOGLE LLC US 34.100.0.0/14
vouchers-be-nl.forum.ibood.com AS15169 AS15169 - GOOGLE LLC US 34.100.0.0/14
vouchers-de-de.forum.ibood.com AS15169 AS15169 - GOOGLE LLC US 34.100.0.0/14
vouchers-nl-nl.forum.ibood.com AS15169 AS15169 - GOOGLE LLC US 34.100.0.0/14
vouchers-pl-pl.forum.ibood.com AS15169 AS15169 - GOOGLE LLC US 34.100.0.0/14
wines-at-de.forum.ibood.com AS15169 AS15169 - GOOGLE LLC US 34.100.0.0/14
wines-be-nl.forum.ibood.com AS15169 AS15169 - GOOGLE LLC US 34.100.0.0/14
wines-de-de.forum.ibood.com AS15169 AS15169 - GOOGLE LLC US 34.100.0.0/14
wines-nl-nl.forum.ibood.com AS15169 AS15169 - GOOGLE LLC US 34.100.0.0/14
wines-pl-pl.forum.ibood.com AS15169 AS15169 - GOOGLE LLC US 34.100.0.0/14
