ho.lazada.co.th AS14618 AS14618 - AMAZON.COM INC. US 18.204.0.0/14
lazada.co.th AS45102 AS45102 - ALIBABA (US) TECHNOLOGY CO., LTD. US 47.89.74.0/23
locker.lazada.co.th AS19551 AS19551 - INCAPSULA INC US 45.60.11.0/24
locker.lazada.co.th AS19551 AS19551 - INCAPSULA.COM US 45.60.11.0/24
m.lazada.co.th AS24429 AS24429 - ALIBABA (US) TECHNOLOGY CO., LTD. US 47.246.23.0/24
sellercenter-staging.lazada.co.th AS45102 AS45102 - ALIBABA (US) TECHNOLOGY CO., LTD. US 47.246.72.0/22
taobao.lazada.co.th AS20940 AS20940 - AKAMAI INTERNATIONAL B.V. NL 23.34.59.0/24
th.locker.lazada.co.th AS19551 AS19551 - INCAPSULA INC US 45.60.11.0/24
www.locker.lazada.co.th AS19551 AS19551 - INCAPSULA INC US 45.60.11.0/24
www.locker.lazada.co.th AS19551 AS19551 - INCAPSULA.COM US 45.60.11.0/24
www.th.locker.lazada.co.th AS19551 AS19551 - INCAPSULA INC US 45.60.11.0/24
www.th.locker.lazada.co.th AS19551 AS19551 - INCAPSULA.COM US 45.60.11.0/24
zal.lazada.co.th AS45102 AS45102 - ALIBABA (US) TECHNOLOGY CO., LTD. US 47.246.72.0/22
