box.staging.trello.services AS16509 AS16509 - AMAZON.COM, INC. US 54.230.160.0/22
box.trello.services AS16509 AS16509 - AMAZON.COM, INC. US 13.225.60.0/22
calendar.staging.trello.services AS16509 AS16509 - AMAZON.COM, INC. US 54.230.160.0/22
calendar.trello.services AS16509 AS16509 - AMAZON.COM, INC. US 13.225.60.0/22
card-aging.staging.trello.services AS16509 AS16509 - AMAZON.COM, INC. US 54.230.160.0/22
card-aging.trello.services AS16509 AS16509 - AMAZON.COM, INC. US 13.225.60.0/22
card-fields.staging.trello.services AS16509 AS16509 - AMAZON.COM, INC. US 54.230.160.0/22
card-fields.trello.services AS16509 AS16509 - AMAZON.COM, INC. US 13.225.60.0/22
card-snooze.staging.trello.services AS16509 AS16509 - AMAZON.COM, INC. US 54.230.160.0/22
card-snooze.trello.services AS16509 AS16509 - AMAZON.COM, INC. US 13.225.60.0/22
confluence.staging.trello.services AS16509 AS16509 - AMAZON.COM, INC. US 54.230.160.0/22
confluence.trello.services AS16509 AS16509 - AMAZON.COM, INC. US 13.225.60.0/22
dev.trello.services AS14618 AS14618 - AMAZON.COM, INC. US 34.224.0.0/12
evernote.staging.trello.services AS16509 AS16509 - AMAZON.COM, INC. US 54.230.160.0/22
evernote.trello.services AS16509 AS16509 - AMAZON.COM, INC. US 13.225.60.0/22
giphy.staging.trello.services AS16509 AS16509 - AMAZON.COM, INC. US 54.230.160.0/22
giphy.trello.services AS16509 AS16509 - AMAZON.COM, INC. US 13.225.60.0/22
github.staging.trello.services AS16509 AS16509 - AMAZON.COM, INC. US 54.230.160.0/22
github.trello.services AS16509 AS16509 - AMAZON.COM, INC. US 13.225.60.0/22
google-drive.staging.trello.services AS16509 AS16509 - AMAZON.COM, INC. US 54.230.160.0/22
google-drive.trello.services AS16509 AS16509 - AMAZON.COM, INC. US 13.225.60.0/22
google-hangouts.staging.trello.services AS16509 AS16509 - AMAZON.COM, INC. US 54.230.160.0/22
google-hangouts.trello.services AS16509 AS16509 - AMAZON.COM, INC. US 13.225.60.0/22
integrations.staging.trello.services AS16509 AS16509 - AMAZON.COM, INC. US 54.230.160.0/22
integrations.trello.services AS16509 AS16509 - AMAZON.COM, INC. US 13.225.60.0/22
list-limits.staging.trello.services AS16509 AS16509 - AMAZON.COM, INC. US 54.230.160.0/22
list-limits.trello.services AS16509 AS16509 - AMAZON.COM, INC. US 13.225.60.0/22
mailchimp.staging.trello.services AS16509 AS16509 - AMAZON.COM, INC. US 54.230.160.0/22
mailchimp.trello.services AS16509 AS16509 - AMAZON.COM, INC. US 13.225.60.0/22
map.staging.trello.services AS16509 AS16509 - AMAZON.COM, INC. US 54.230.160.0/22
onedrive.staging.trello.services AS16509 AS16509 - AMAZON.COM, INC. US 54.230.160.0/22
onedrive.trello.services AS16509 AS16509 - AMAZON.COM, INC. US 13.225.60.0/22
origin.staging.trello.services AS14618 AS14618 - AMAZON.COM, INC. US 52.2.0.0/15
origin.trello.services AS14618 AS14618 - AMAZON.COM, INC. US 52.4.0.0/14
package-tracker.staging.trello.services AS16509 AS16509 - AMAZON.COM, INC. US 54.230.160.0/22
package-tracker.trello.services AS16509 AS16509 - AMAZON.COM, INC. US 13.225.60.0/22
plugin.staging.trello.services AS16509 AS16509 - AMAZON.COM, INC. US 54.230.160.0/22
plugin.trello.services AS16509 AS16509 - AMAZON.COM, INC. US 13.225.60.0/22
plugins.trello.services AS16509 AS16509 - AMAZON.COM, INC. US 13.225.60.0/22
readme.staging.trello.services AS16509 AS16509 - AMAZON.COM, INC. US 54.230.160.0/22
readme.trello.services AS16509 AS16509 - AMAZON.COM, INC. US 13.225.60.0/22
recurring-cards.staging.trello.services AS16509 AS16509 - AMAZON.COM, INC. US 54.230.160.0/22
recurring-cards.trello.services AS16509 AS16509 - AMAZON.COM, INC. US 13.225.60.0/22
salesforce.staging.trello.services AS16509 AS16509 - AMAZON.COM, INC. US 54.230.160.0/22
salesforce.trello.services AS16509 AS16509 - AMAZON.COM, INC. US 13.225.60.0/22
slack-chat.staging.trello.services AS16509 AS16509 - AMAZON.COM, INC. US 54.230.160.0/22
slack-chat.trello.services AS16509 AS16509 - AMAZON.COM, INC. US 13.225.60.0/22
slack.staging.trello.services AS16509 AS16509 - AMAZON.COM, INC. US 54.230.160.0/22
slack.trello.services AS16509 AS16509 - AMAZON.COM, INC. US 13.225.60.0/22
surveymonkey.staging.trello.services AS16509 AS16509 - AMAZON.COM, INC. US 54.230.160.0/22
surveymonkey.trello.services AS16509 AS16509 - AMAZON.COM, INC. US 13.225.60.0/22
twitter.staging.trello.services AS16509 AS16509 - AMAZON.COM, INC. US 54.230.160.0/22
twitter.trello.services AS16509 AS16509 - AMAZON.COM, INC. US 13.225.60.0/22
voting.staging.trello.services AS16509 AS16509 - AMAZON.COM, INC. US 54.230.160.0/22
voting.trello.services AS16509 AS16509 - AMAZON.COM, INC. US 13.225.60.0/22
zendesk.staging.trello.services AS16509 AS16509 - AMAZON.COM, INC. US 54.230.160.0/22
zendesk.trello.services AS16509 AS16509 - AMAZON.COM, INC. US 13.225.60.0/22
