http://autodiscover.megatix.be
http://bookingapi-kinepolis.megatix.be
http://bookingapi.kinepolis.megatix.be
http://cera.megatix.be
http://cms-kinepolis.megatix.be
http://cms.kinepolis.megatix.be
http://enterpriseenrollment.megatix.be
http://enterpriseregistration.megatix.be
http://full.megatix.be
http://luxfilmfestfilms.megatix.be
http://luxfilmfestpass.megatix.be
http://luxfilmfestproducts.megatix.be
http://luxfilmfesttickets.megatix.be
http://lyncdiscover.megatix.be
http://movieapi-kinepolis.megatix.be
http://movieapi.kinepolis.megatix.be
http://msoid.megatix.be
http://prod-bookingapi-kinepolis.megatix.be
http://prod-kinepolis.megatix.be
http://prod-klub.megatix.be
http://prod-tmf.megatix.be
http://proximus.megatix.be
http://stage-bookingapi-kinepolis.megatix.be
http://stage-kinepolis.megatix.be
http://stage-klub.megatix.be
http://stage-lmcmoviecard.megatix.be
http://stage-luxfilmfestfilms.megatix.be
http://stage-luxfilmfestproducts.megatix.be
http://stage-luxfilmfesttickets.megatix.be
http://stage-tmf.megatix.be
http://stage.bookingapi.megatix.be
http://stage.cms.megatix.be
http://stage.kinepolis.megatix.be
http://stage.movieapi.megatix.be
http://stage.umbracoapi.megatix.be
http://stageadyen.megatix.be
http://stagekineloyal.megatix.be
http://umbracoapi-kinepolis.megatix.be
http://umbracoapi.kinepolis.megatix.be
https://bookingapi-kinepolis.megatix.be
https://bookingapi.kinepolis.megatix.be
https://cera.megatix.be
https://cms-kinepolis.megatix.be
https://cms.kinepolis.megatix.be
https://enterpriseenrollment.megatix.be
https://enterpriseregistration.megatix.be
https://full.megatix.be
https://luxfilmfestfilms.megatix.be
https://luxfilmfestpass.megatix.be
https://luxfilmfestproducts.megatix.be
https://luxfilmfesttickets.megatix.be
https://lyncdiscover.megatix.be
https://movieapi-kinepolis.megatix.be
https://movieapi.kinepolis.megatix.be
https://msoid.megatix.be
https://prod-bookingapi-kinepolis.megatix.be
https://prod-kinepolis.megatix.be
https://prod-klub.megatix.be
https://prod-tmf.megatix.be
https://proximus.megatix.be
https://sip.megatix.be
https://stage-bookingapi-kinepolis.megatix.be
https://stage-kinepolis.megatix.be
https://stage-klub.megatix.be
https://stage-lmcmoviecard.megatix.be
https://stage-luxfilmfestfilms.megatix.be
https://stage-luxfilmfestproducts.megatix.be
https://stage-luxfilmfesttickets.megatix.be
https://stage-tmf.megatix.be
https://stage.bookingapi.megatix.be
https://stage.cms.megatix.be
https://stage.kinepolis.megatix.be
https://stage.movieapi.megatix.be
https://stage.umbracoapi.megatix.be
https://stageadyen.megatix.be
https://stagekineloyal.megatix.be
https://umbracoapi-kinepolis.megatix.be
https://umbracoapi.kinepolis.megatix.be
