http://admin.muslimpro.com
http://api.muslimpro.com
http://app-content.muslimpro.com
http://blog.muslimpro.com
http://boost.muslimpro.com
http://card.muslimpro.com
http://debug.muslimpro.com
http://dev.muslimpro.com
http://dns.muslimpro.com
http://download.muslimpro.com
http://download.muslimpro.com:8080
http://download2.muslimpro.com
http://download2.muslimpro.com:8080
http://email.mg.muslimpro.com
http://eu-stage.muslimpro.com
http://fownload.muslimpro.com
http://get.muslimpro.com
http://go.muslimpro.com
http://hostmaster.muslimpro.com
http://mobile.muslimpro.com
http://muslimpro.com
http://premium.muslimpro.com
http://preview.muslimpro.com
http://remote.muslimpro.com
http://salam-wp.muslimpro.com
http://salam.muslimpro.com
http://senheng.muslimpro.com
http://shop.muslimpro.com
http://shop.muslimpro.com:8080
http://shopee.muslimpro.com
http://staging.marketplace.muslimpro.com
http://stats.muslimpro.com
http://test.muslimpro.com
http://unauthorized.muslimpro.com
http://webdisk.muslimpro.com
http://wp.muslimpro.com
http://www.app-content.muslimpro.com
http://www.muslimpro.com
http://www2.muslimpro.com
http://wwwkk.muslimpro.com
http://yanka.muslimpro.com
http://zanimatika.muslimpro.com
http://zapiski.muslimpro.com
http://zephyo.muslimpro.com
http://zhc.muslimpro.com
http://zionika.muslimpro.com
http://zoltan.muslimpro.com
http://zona.fmph.muslimpro.com
http://zuhanyfej.muslimpro.com
http://zurich.muslimpro.com
https://api.muslimpro.com
https://app-content.muslimpro.com
https://boost.muslimpro.com
https://debug.muslimpro.com
https://download.muslimpro.com
https://download2.muslimpro.com
https://email.mg.muslimpro.com
https://get.muslimpro.com
https://go.muslimpro.com
https://muslimpro.com
https://premium.muslimpro.com
https://senheng.muslimpro.com
https://shop.muslimpro.com
https://shop.muslimpro.com:8443
https://shopee.muslimpro.com
https://staging.marketplace.muslimpro.com
https://test.muslimpro.com
https://www.app-content.muslimpro.com
https://www.muslimpro.com
https://www2.muslimpro.com
https://zurich.muslimpro.com
