http://acc.meer.parool.nl
http://acc.parool.nl
http://accounts.parool.nl
http://actie.parool.nl
http://advertorial.parool.nl
http://banen.parool.nl
http://beta.parool.nl
http://brandedcontent.parool.nl
http://caps-acc.parool.nl
http://caps.parool.nl
http://cmp.parool.nl
http://dev-service.parool.nl
http://digitalekrant.parool.nl
http://e.email.parool.nl
http://esales-test.parool.nl
http://esales.parool.nl
http://fotovandedag.parool.nl
http://ims.parool.nl
http://krant.parool.nl
http://landingpage.parool.nl
http://login.parool.nl
http://login2.parool.nl
http://m.parool.nl
http://marketingactie.parool.nl
http://meer.parool.nl
http://mijn.parool.nl
http://mijnomgeving-acc.parool.nl
http://mijnomgeving.parool.nl
http://mobile-acc.parool.nl
http://mobile-beta.parool.nl
http://mobile2.parool.nl
http://myaccount.parool.nl
http://nieuws.parool.nl
http://pmail.parool.nl
http://puzzels.parool.nl
http://secure-acc.parool.nl
http://social.parool.nl
http://story.parool.nl
http://t.parool.nl
http://video.parool.nl
http://web.parool.nl
http://webmail.parool.nl
http://webwinkel.parool.nl
http://wedstrijd.parool.nl
http://winkel.parool.nl
http://www.parool.nl
https://acc.meer.parool.nl
https://acc.parool.nl
https://accounts.parool.nl
https://actie.parool.nl
https://banen.parool.nl
https://beta.parool.nl
https://brandedcontent.parool.nl
https://caps-acc.parool.nl
https://cmp.parool.nl
https://dev-service.parool.nl
https://digitalekrant.parool.nl
https://e.email.parool.nl
https://esales-test.parool.nl
https://esales.parool.nl
https://ims.parool.nl
https://krant.parool.nl
https://landingpage.parool.nl
https://login.parool.nl
https://login2.parool.nl
https://m.parool.nl
https://marketingactie.parool.nl
https://meer.parool.nl
https://mijn.parool.nl
https://mijnomgeving-acc.parool.nl
https://mijnomgeving.parool.nl
https://mobile-acc.parool.nl
https://mobile-beta.parool.nl
https://mobile2.parool.nl
https://myaccount.parool.nl
https://nieuws.parool.nl
https://pmail.parool.nl
https://puzzels.parool.nl
https://secure-acc.parool.nl
https://social.parool.nl
https://story.parool.nl
https://t.parool.nl
https://video.parool.nl
https://web.parool.nl
https://webmail.parool.nl
https://webwinkel.parool.nl
https://wedstrijd.parool.nl
https://winkel.parool.nl
https://www.parool.nl
