http://247.paylution.com
http://aco.paylution.com
http://alphay.paylution.com
http://alumiermd.paylution.com
http://amcglobal.paylution.com
http://amway.paylution.com
http://andorra.paylution.com
http://api.paylution.com
http://aps.paylution.com
http://arogalife.paylution.com
http://avisae.paylution.com
http://bbtv.paylution.com
http://bemergroup.paylution.com
http://bwl.paylution.com
http://claruspower.paylution.com
http://clincierge.paylution.com
http://commissions.paylution.com
http://criusenergy.paylution.com
http://dcc.paylution.com
http://demo.paylution.com
http://directselling.paylution.com
http://disrupt.paylution.com
http://divaderme.paylution.com
http://dlgworld.paylution.com
http://dorms.paylution.com
http://drivers.paylution.com
http://dublixpress.paylution.com
http://edn.paylution.com
http://empowerment.paylution.com
http://eniva.paylution.com
http://enzacta.paylution.com
http://foxx.paylution.com
http://freelife.paylution.com
http://globalmobility.paylution.com
http://handybook.paylution.com
http://hds.paylution.com
http://herbalife.paylution.com
http://hitrecord.paylution.com
http://hodo.paylution.com
http://hydroderm.paylution.com
http://i-butler.paylution.com
http://idlife.paylution.com
http://imarketslive.paylution.com
http://ionicware.paylution.com
http://javita.paylution.com
http://jeunessepay.paylution.com
http://jewelscent.paylution.com
http://jusuru.paylution.com
http://karrot.paylution.com
http://keep-collective.paylution.com
http://kendal.paylution.com
http://keprea.paylution.com
http://l4t.paylution.com
http://lagunablends.paylution.com
http://ldara.paylution.com
http://lhd.paylution.com
http://lifeplus.paylution.com
http://limelight.paylution.com
http://links.paylution.com
http://m5.paylution.com
http://maelle.paylution.com
http://makeuperaser.paylution.com
http://maskcarabeauty.paylution.com
http://maxicom.paylution.com
http://mayvenn.paylution.com
http://mazuglobal.paylution.com
http://mobileapi.paylution.com
http://mojilife.paylution.com
http://mojito.paylution.com
http://monat.paylution.com
http://mystream.paylution.com
http://nimblify.paylution.com
http://northwestern.paylution.com
http://nucerity.paylution.com
http://nutronix.paylution.com
http://nuviza.paylution.com
http://obs.paylution.com
http://ocs.paylution.com
http://onfrontiers.paylution.com
http://opskins.paylution.com
http://pangea.paylution.com
http://paylution.com
http://phcpayments.paylution.com
http://plannetmarketing.paylution.com
http://plexusworldwide.paylution.com
http://pm-international.paylution.com
http://powerleadsystem.paylution.com
http://priv.paylution.com
http://qiclub.paylution.com
http://qpay.paylution.com
http://quantum.paylution.com
http://quivers.paylution.com
http://rain.paylution.com
http://rbc.paylution.com
http://realtimepay.paylution.com
http://redcross.paylution.com
http://richway.paylution.com
http://robkellermd.paylution.com
http://royalprestige.paylution.com
http://scriptrelief.paylution.com
http://seacret.paylution.com
http://simply.paylution.com
http://sorvana.paylution.com
http://stanford.paylution.com
http://talkfusion.paylution.com
http://tcd.paylution.com
http://teameffort.paylution.com
http://textcheck.paylution.com
http://thinksmart.paylution.com
http://trivesta.paylution.com
http://trivita.paylution.com
http://truvisionhealth.paylution.com
http://tsfl.paylution.com
http://txp.paylution.com
http://uat-americanredcross.paylution.com
http://uat-api.paylution.com
http://uat-aps.paylution.com
http://uat-astonish.paylution.com
http://uat-bwl.paylution.com
http://uat-commissions.paylution.com
http://uat-dcc.paylution.com
http://uat-divaderme.paylution.com
http://uat-dorms.paylution.com
http://uat-drivers.paylution.com
http://uat-ecopower.paylution.com
http://uat-edn.paylution.com
http://uat-elken.paylution.com
http://uat-enzacta.paylution.com
http://uat-evolv.paylution.com
http://uat-expedia.paylution.com
http://uat-foxx.paylution.com
http://uat-handybook.paylution.com
http://uat-hodo.paylution.com
http://uat-hydroderm.paylution.com
http://uat-kendal.paylution.com
http://uat-keprea.paylution.com
http://uat-l4t.paylution.com
http://uat-lifematters.paylution.com
http://uat-lifeplus.paylution.com
http://uat-liverich.paylution.com
http://uat-maxicom.paylution.com
http://uat-myhbn.paylution.com
http://uat-nutraease.paylution.com
http://uat-plexusworldwide.paylution.com
http://uat-qiclub.paylution.com
http://uat-quantum.paylution.com
http://uat-sakura.paylution.com
http://uat-trivita.paylution.com
http://uat-tsfl.paylution.com
http://uat-txp.paylution.com
http://uat-uncorked.paylution.com
http://uat-vemma.paylution.com
http://uat-vfinity.paylution.com
http://uat-victory100.paylution.com
http://uat-zurvita.paylution.com
http://uat.paylution.com
http://uncorked.paylution.com
http://unicity.paylution.com
http://valentus.paylution.com
http://valitor.paylution.com
http://vfinity.paylution.com
http://viaonehope.paylution.com
http://victory100.paylution.com
http://vida.paylution.com
http://vidadivina.paylution.com
http://viridian.paylution.com
http://visaluspay.paylution.com
http://visi.paylution.com
http://wellu.paylution.com
http://worldventures.paylution.com
http://wuonline.paylution.com
http://www.paylution.com
http://ygyi.paylution.com
http://yleurope.paylution.com
http://youlabglobalpay.paylution.com
http://youngliving.paylution.com
http://zija.paylution.com
http://zilis.paylution.com
http://zurvita.paylution.com
http://zvi.paylution.com
https://247.paylution.com
https://aco.paylution.com
https://alphay.paylution.com
https://alumiermd.paylution.com
https://amcglobal.paylution.com
https://amway.paylution.com
https://andorra.paylution.com
https://api.paylution.com
https://aps.paylution.com
https://arogalife.paylution.com
https://avisae.paylution.com
https://bbtv.paylution.com
https://bemergroup.paylution.com
https://bwl.paylution.com
https://claruspower.paylution.com
https://clincierge.paylution.com
https://commissions.paylution.com
https://criusenergy.paylution.com
https://dcc.paylution.com
https://demo.paylution.com
https://directselling.paylution.com
https://disrupt.paylution.com
https://divaderme.paylution.com
https://dlgworld.paylution.com
https://dorms.paylution.com
https://drivers.paylution.com
https://dublixpress.paylution.com
https://edn.paylution.com
https://empowerment.paylution.com
https://eniva.paylution.com
https://enzacta.paylution.com
https://foxx.paylution.com
https://freelife.paylution.com
https://globalmobility.paylution.com
https://handybook.paylution.com
https://hds.paylution.com
https://herbalife.paylution.com
https://hitrecord.paylution.com
https://hodo.paylution.com
https://hydroderm.paylution.com
https://i-butler.paylution.com
https://idlife.paylution.com
https://imarketslive.paylution.com
https://ionicware.paylution.com
https://javita.paylution.com
https://jeunessepay.paylution.com
https://jewelscent.paylution.com
https://jusuru.paylution.com
https://karrot.paylution.com
https://keep-collective.paylution.com
https://kendal.paylution.com
https://keprea.paylution.com
https://l4t.paylution.com
https://lagunablends.paylution.com
https://ldara.paylution.com
https://lhd.paylution.com
https://lifeplus.paylution.com
https://limelight.paylution.com
https://links.paylution.com
https://m5.paylution.com
https://maelle.paylution.com
https://makeuperaser.paylution.com
https://maskcarabeauty.paylution.com
https://maxicom.paylution.com
https://mayvenn.paylution.com
https://mazuglobal.paylution.com
https://mobileapi.paylution.com
https://mojilife.paylution.com
https://mojito.paylution.com
https://monat.paylution.com
https://mystream.paylution.com
https://nimblify.paylution.com
https://northwestern.paylution.com
https://nucerity.paylution.com
https://nutronix.paylution.com
https://nuviza.paylution.com
https://obs.paylution.com
https://ocs.paylution.com
https://onfrontiers.paylution.com
https://opskins.paylution.com
https://pangea.paylution.com
https://paylution.com
https://phcpayments.paylution.com
https://plannetmarketing.paylution.com
https://plexusworldwide.paylution.com
https://pm-international.paylution.com
https://powerleadsystem.paylution.com
https://priv.paylution.com
https://qiclub.paylution.com
https://qpay.paylution.com
https://quantum.paylution.com
https://quivers.paylution.com
https://rain.paylution.com
https://rbc.paylution.com
https://realtimepay.paylution.com
https://redcross.paylution.com
https://richway.paylution.com
https://robkellermd.paylution.com
https://royalprestige.paylution.com
https://scriptrelief.paylution.com
https://seacret.paylution.com
https://simply.paylution.com
https://sorvana.paylution.com
https://stanford.paylution.com
https://talkfusion.paylution.com
https://tcd.paylution.com
https://teameffort.paylution.com
https://textcheck.paylution.com
https://thinksmart.paylution.com
https://trivesta.paylution.com
https://trivita.paylution.com
https://truvisionhealth.paylution.com
https://tsfl.paylution.com
https://txp.paylution.com
https://uat-americanredcross.paylution.com
https://uat-api.paylution.com
https://uat-aps.paylution.com
https://uat-astonish.paylution.com
https://uat-bwl.paylution.com
https://uat-commissions.paylution.com
https://uat-dcc.paylution.com
https://uat-divaderme.paylution.com
https://uat-dorms.paylution.com
https://uat-drivers.paylution.com
https://uat-ecopower.paylution.com
https://uat-edn.paylution.com
https://uat-elken.paylution.com
https://uat-enzacta.paylution.com
https://uat-evolv.paylution.com
https://uat-expedia.paylution.com
https://uat-foxx.paylution.com
https://uat-handybook.paylution.com
https://uat-hodo.paylution.com
https://uat-hydroderm.paylution.com
https://uat-kendal.paylution.com
https://uat-keprea.paylution.com
https://uat-l4t.paylution.com
https://uat-lifematters.paylution.com
https://uat-lifeplus.paylution.com
https://uat-liverich.paylution.com
https://uat-maxicom.paylution.com
https://uat-myhbn.paylution.com
https://uat-nutraease.paylution.com
https://uat-plexusworldwide.paylution.com
https://uat-qiclub.paylution.com
https://uat-quantum.paylution.com
https://uat-sakura.paylution.com
https://uat-trivita.paylution.com
https://uat-tsfl.paylution.com
https://uat-txp.paylution.com
https://uat-uncorked.paylution.com
https://uat-vemma.paylution.com
https://uat-vfinity.paylution.com
https://uat-victory100.paylution.com
https://uat-zurvita.paylution.com
https://uat.paylution.com
https://uncorked.paylution.com
https://unicity.paylution.com
https://valentus.paylution.com
https://valitor.paylution.com
https://vfinity.paylution.com
https://viaonehope.paylution.com
https://victory100.paylution.com
https://vida.paylution.com
https://vidadivina.paylution.com
https://viridian.paylution.com
https://visaluspay.paylution.com
https://visi.paylution.com
https://wellu.paylution.com
https://worldventures.paylution.com
https://wuonline.paylution.com
https://www.paylution.com
https://ygyi.paylution.com
https://yleurope.paylution.com
https://youlabglobalpay.paylution.com
https://youngliving.paylution.com
https://zija.paylution.com
https://zilis.paylution.com
https://zurvita.paylution.com
https://zvi.paylution.com
