http://api.spotifyforbrands.com
http://api1-staging.spotifyforbrands.com
http://api1.spotifyforbrands.com
http://api2.spotifyforbrands.com
http://app-engine-test.spotifyforbrands.com
http://aroma0063.spotifyforbrands.com
http://asia.spotifyforbrands.com
http://bose-segments-staging.spotifyforbrands.com
http://bose-segments.spotifyforbrands.com
http://c114.spotifyforbrands.com
http://cdn103.spotifyforbrands.com
http://creativeportal.spotifyforbrands.com
http://creativeportfolio-staging.spotifyforbrands.com
http://creativeportfolio.spotifyforbrands.com
http://culturecompass.spotifyforbrands.com
http://culturenextvol1-sea.spotifyforbrands.com
http://customsegment-staging.spotifyforbrands.com
http://customsegment.spotifyforbrands.com
http://dan.spotifyforbrands.com
http://demo.spotifyforbrands.com
http://demobuilder-staging.spotifyforbrands.com
http://demobuilder.spotifyforbrands.com
http://dentsu-partner-staging.spotifyforbrands.com
http://dentsu-partner.spotifyforbrands.com
http://dhcpfa16.spotifyforbrands.com
http://discovery-staging.spotifyforbrands.com
http://discovery.spotifyforbrands.com
http://havas-partner-staging.spotifyforbrands.com
http://havas-partner.spotifyforbrands.com
http://havas-segments-staging.spotifyforbrands.com
http://havas-segments.spotifyforbrands.com
http://ipg-partner-staging.spotifyforbrands.com
http://ipg-partner.spotifyforbrands.com
http://ipg-segments-staging.spotifyforbrands.com
http://ipg-segments.spotifyforbrands.com
http://ipg.spotifyforbrands.com
http://min0501.spotifyforbrands.com
http://ohfashion.spotifyforbrands.com
http://omg-segments-staging.spotifyforbrands.com
http://omg-segments.spotifyforbrands.com
http://omnicom-partner-staging.spotifyforbrands.com
http://omnicom-partner.spotifyforbrands.com
http://onlinegames.spotifyforbrands.com
http://partner-staging.spotifyforbrands.com
http://partner.spotifyforbrands.com
http://playlist-infographic-staging.spotifyforbrands.com
http://playlist-infographic.spotifyforbrands.com
http://playlist-staging.spotifyforbrands.com
http://playlist.spotifyforbrands.com
http://preview.spotifyforbrands.com
http://publicis-segments-staging.spotifyforbrands.com
http://publicis-segments.spotifyforbrands.com
http://publicis.spotifyforbrands.com
http://ru.spotifyforbrands.com
http://sales-staging.spotifyforbrands.com
http://sales.spotifyforbrands.com
http://salesportal.spotifyforbrands.com
http://scontent-yyz1-1.spotifyforbrands.com
http://sea.spotifyforbrands.com
http://segments-dev.spotifyforbrands.com
http://segments-staging.spotifyforbrands.com
http://segments.spotifyforbrands.com
http://spotifyforbrands.com
http://tact.spotifyforbrands.com
http://wpp-partner-staging.spotifyforbrands.com
http://wpp-partner.spotifyforbrands.com
http://wpp.spotifyforbrands.com
http://wrapped.spotifyforbrands.com
http://www.api1-staging.spotifyforbrands.com
http://www.api1.spotifyforbrands.com
http://www.bose-segments.spotifyforbrands.com
http://www.creativeportal.spotifyforbrands.com
http://www.creativeportfolio-staging.spotifyforbrands.com
http://www.creativeportfolio.spotifyforbrands.com
http://www.culturenextvol1-sea.spotifyforbrands.com
http://www.demobuilder-staging.spotifyforbrands.com
http://www.dentsu-partner-staging.spotifyforbrands.com
http://www.dentsu-partner.spotifyforbrands.com
http://www.discovery-staging.spotifyforbrands.com
http://www.discovery.spotifyforbrands.com
http://www.havas-partner-staging.spotifyforbrands.com
http://www.havas-partner.spotifyforbrands.com
http://www.havas-segments-staging.spotifyforbrands.com
http://www.havas-segments.spotifyforbrands.com
http://www.ipg-partner-staging.spotifyforbrands.com
http://www.ipg-partner.spotifyforbrands.com
http://www.ipg-segments-staging.spotifyforbrands.com
http://www.omg-segments-staging.spotifyforbrands.com
http://www.omg-segments.spotifyforbrands.com
http://www.omnicom-partner-staging.spotifyforbrands.com
http://www.omnicom-partner.spotifyforbrands.com
http://www.partner-staging.spotifyforbrands.com
http://www.partner.spotifyforbrands.com
http://www.publicis-segments-staging.spotifyforbrands.com
http://www.publicis-segments.spotifyforbrands.com
http://www.ru.spotifyforbrands.com
http://www.sea.spotifyforbrands.com
http://www.segments-staging.spotifyforbrands.com
http://www.segments.spotifyforbrands.com
http://www.spotifyforbrands.com
http://www.wpp-partner-staging.spotifyforbrands.com
http://www.wpp-partner.spotifyforbrands.com
https://api.spotifyforbrands.com
https://api1-staging.spotifyforbrands.com
https://api1.spotifyforbrands.com
https://api2.spotifyforbrands.com
https://app-engine-test.spotifyforbrands.com
https://aroma0063.spotifyforbrands.com
https://asia.spotifyforbrands.com
https://bose-segments-staging.spotifyforbrands.com
https://bose-segments.spotifyforbrands.com
https://c114.spotifyforbrands.com
https://cdn103.spotifyforbrands.com
https://creativeportal.spotifyforbrands.com
https://creativeportfolio-staging.spotifyforbrands.com
https://creativeportfolio.spotifyforbrands.com
https://culturecompass.spotifyforbrands.com
https://culturenextvol1-sea.spotifyforbrands.com
https://customsegment-staging.spotifyforbrands.com
https://customsegment.spotifyforbrands.com
https://dan.spotifyforbrands.com
https://demo.spotifyforbrands.com
https://demobuilder-staging.spotifyforbrands.com
https://demobuilder.spotifyforbrands.com
https://dentsu-partner-staging.spotifyforbrands.com
https://dentsu-partner.spotifyforbrands.com
https://dhcpfa16.spotifyforbrands.com
https://discovery-staging.spotifyforbrands.com
https://discovery.spotifyforbrands.com
https://havas-partner-staging.spotifyforbrands.com
https://havas-partner.spotifyforbrands.com
https://havas-segments-staging.spotifyforbrands.com
https://havas-segments.spotifyforbrands.com
https://ipg-partner-staging.spotifyforbrands.com
https://ipg-partner.spotifyforbrands.com
https://ipg-segments-staging.spotifyforbrands.com
https://ipg-segments.spotifyforbrands.com
https://ipg.spotifyforbrands.com
https://min0501.spotifyforbrands.com
https://ohfashion.spotifyforbrands.com
https://omg-segments-staging.spotifyforbrands.com
https://omg-segments.spotifyforbrands.com
https://omnicom-partner-staging.spotifyforbrands.com
https://omnicom-partner.spotifyforbrands.com
https://onlinegames.spotifyforbrands.com
https://partner-staging.spotifyforbrands.com
https://partner.spotifyforbrands.com
https://playlist-infographic-staging.spotifyforbrands.com
https://playlist-infographic.spotifyforbrands.com
https://playlist-staging.spotifyforbrands.com
https://playlist.spotifyforbrands.com
https://preview.spotifyforbrands.com
https://publicis-segments-staging.spotifyforbrands.com
https://publicis-segments.spotifyforbrands.com
https://publicis.spotifyforbrands.com
https://ru.spotifyforbrands.com
https://sales-staging.spotifyforbrands.com
https://sales.spotifyforbrands.com
https://salesportal.spotifyforbrands.com
https://scontent-yyz1-1.spotifyforbrands.com
https://sea.spotifyforbrands.com
https://segments-dev.spotifyforbrands.com
https://segments-staging.spotifyforbrands.com
https://segments.spotifyforbrands.com
https://spotifyforbrands.com
https://tact.spotifyforbrands.com
https://wpp-partner-staging.spotifyforbrands.com
https://wpp-partner.spotifyforbrands.com
https://wpp.spotifyforbrands.com
https://wrapped.spotifyforbrands.com
https://www.api1-staging.spotifyforbrands.com
https://www.api1.spotifyforbrands.com
https://www.bose-segments.spotifyforbrands.com
https://www.creativeportal.spotifyforbrands.com
https://www.creativeportfolio-staging.spotifyforbrands.com
https://www.creativeportfolio.spotifyforbrands.com
https://www.culturenextvol1-sea.spotifyforbrands.com
https://www.demobuilder-staging.spotifyforbrands.com
https://www.dentsu-partner-staging.spotifyforbrands.com
https://www.dentsu-partner.spotifyforbrands.com
https://www.discovery-staging.spotifyforbrands.com
https://www.discovery.spotifyforbrands.com
https://www.havas-partner-staging.spotifyforbrands.com
https://www.havas-partner.spotifyforbrands.com
https://www.havas-segments-staging.spotifyforbrands.com
https://www.havas-segments.spotifyforbrands.com
https://www.ipg-partner-staging.spotifyforbrands.com
https://www.ipg-partner.spotifyforbrands.com
https://www.ipg-segments-staging.spotifyforbrands.com
https://www.omg-segments-staging.spotifyforbrands.com
https://www.omg-segments.spotifyforbrands.com
https://www.omnicom-partner-staging.spotifyforbrands.com
https://www.omnicom-partner.spotifyforbrands.com
https://www.partner-staging.spotifyforbrands.com
https://www.partner.spotifyforbrands.com
https://www.publicis-segments-staging.spotifyforbrands.com
https://www.publicis-segments.spotifyforbrands.com
https://www.ru.spotifyforbrands.com
https://www.sea.spotifyforbrands.com
https://www.segments-staging.spotifyforbrands.com
https://www.segments.spotifyforbrands.com
https://www.spotifyforbrands.com
https://www.wpp-partner-staging.spotifyforbrands.com
https://www.wpp-partner.spotifyforbrands.com
