http://api.canva.cn:8080 [403] [GET] [text/plain] [] [cloudflare] [vhost] [Cloudflare,Cloudflare Bot Management,Cloudflare Network Error Logging] [7b5ea53ba332630e5aca8e4abb807f70]
http://apps.canva.cn:8080 [403] [GET] [text/plain] [] [cloudflare] [vhost] [Cloudflare,Cloudflare Bot Management,Cloudflare Network Error Logging] [7b5ea53ba332630e5aca8e4abb807f70]
http://banner-static.canva.cn:8080 [403] [GET] [text/plain] [] [cloudflare] [vhost] [Cloudflare,Cloudflare Bot Management,Cloudflare Network Error Logging] [7b5ea53ba332630e5aca8e4abb807f70]
http://canva.cn:8080 [403] [GET] [text/plain] [] [cloudflare] [vhost] [Cloudflare,Cloudflare Bot Management,Cloudflare Network Error Logging] [7b5ea53ba332630e5aca8e4abb807f70]
http://category-public.canva.cn:8080 [403] [GET] [text/plain] [] [cloudflare] [vhost] [Cloudflare,Cloudflare Bot Management,Cloudflare Network Error Logging] [7b5ea53ba332630e5aca8e4abb807f70]
http://cl.canva.cn:8080 [403] [GET] [text/plain] [] [cloudflare] [vhost] [Cloudflare,Cloudflare Bot Management,Cloudflare Network Error Logging] [7b5ea53ba332630e5aca8e4abb807f70]
http://content-management-files.canva.cn:8080 [403] [GET] [text/plain] [] [cloudflare] [vhost] [Cloudflare,Cloudflare Bot Management,Cloudflare Network Error Logging] [7b5ea53ba332630e5aca8e4abb807f70]
http://design-automation-font-recommendations.canva.cn:8080 [403] [GET] [text/plain] [] [cloudflare] [vhost] [Cloudflare,Cloudflare Bot Management,Cloudflare Network Error Logging] [7b5ea53ba332630e5aca8e4abb807f70]
http://design-automation-preset-styles.canva.cn:8080 [403] [GET] [text/plain] [] [cloudflare] [vhost] [Cloudflare,Cloudflare Bot Management,Cloudflare Network Error Logging] [7b5ea53ba332630e5aca8e4abb807f70]
http://experiments-static.canva.cn:8080 [403] [GET] [text/plain] [] [cloudflare] [vhost] [Cloudflare,Cloudflare Bot Management,Cloudflare Network Error Logging] [7b5ea53ba332630e5aca8e4abb807f70]
http://export-download.canva.cn:8080 [403] [GET] [text/plain] [] [cloudflare] [vhost] [Cloudflare,Cloudflare Bot Management,Cloudflare Network Error Logging] [7b5ea53ba332630e5aca8e4abb807f70]
http://font-private.canva.cn:8080 [403] [GET] [text/plain] [] [cloudflare] [vhost] [Cloudflare,Cloudflare Bot Management,Cloudflare Network Error Logging] [7b5ea53ba332630e5aca8e4abb807f70]
http://font-public.canva.cn:8080 [403] [GET] [text/plain] [] [cloudflare] [vhost] [Cloudflare,Cloudflare Bot Management,Cloudflare Network Error Logging] [7b5ea53ba332630e5aca8e4abb807f70]
http://font-subsets.canva.cn:8080 [403] [GET] [text/plain] [] [cloudflare] [vhost] [Cloudflare,Cloudflare Bot Management,Cloudflare Network Error Logging] [7b5ea53ba332630e5aca8e4abb807f70]
http://image-manipulation.canva.cn:8080 [403] [GET] [text/plain] [] [cloudflare] [vhost] [Cloudflare,Cloudflare Bot Management,Cloudflare Network Error Logging] [7b5ea53ba332630e5aca8e4abb807f70]
http://image.canva.cn:8080 [403] [GET] [text/plain] [] [cloudflare] [vhost] [Cloudflare,Cloudflare Bot Management,Cloudflare Network Error Logging] [7b5ea53ba332630e5aca8e4abb807f70]
http://import.canva.cn:8080 [403] [GET] [text/plain] [] [cloudflare] [vhost] [Cloudflare,Cloudflare Bot Management,Cloudflare Network Error Logging] [7b5ea53ba332630e5aca8e4abb807f70]
http://inproductmarketing-static.canva.cn:8080 [403] [GET] [text/plain] [] [cloudflare] [vhost] [Cloudflare,Cloudflare Bot Management,Cloudflare Network Error Logging] [7b5ea53ba332630e5aca8e4abb807f70]
http://live.canva.cn:8080 [403] [GET] [text/plain] [] [cloudflare] [vhost] [Cloudflare,Cloudflare Bot Management,Cloudflare Network Error Logging] [7b5ea53ba332630e5aca8e4abb807f70]
http://media-private.canva.cn:8080 [403] [GET] [text/plain] [] [cloudflare] [vhost] [Cloudflare,Cloudflare Bot Management,Cloudflare Network Error Logging] [7b5ea53ba332630e5aca8e4abb807f70]
http://media-public.canva.cn:8080 [403] [GET] [text/plain] [] [cloudflare] [vhost] [Cloudflare,Cloudflare Bot Management,Cloudflare Network Error Logging] [7b5ea53ba332630e5aca8e4abb807f70]
http://phoenix.canva.cn:8080 [403] [GET] [text/plain] [] [cloudflare] [vhost] [Cloudflare,Cloudflare Bot Management,Cloudflare Network Error Logging] [7b5ea53ba332630e5aca8e4abb807f70]
http://profile.canva.cn:8080 [403] [GET] [text/plain] [] [cloudflare] [vhost] [Cloudflare,Cloudflare Bot Management,Cloudflare Network Error Logging] [7b5ea53ba332630e5aca8e4abb807f70]
http://sdk.canva.cn:8080 [403] [GET] [text/plain] [] [cloudflare] [vhost] [Cloudflare,Cloudflare Bot Management,Cloudflare Network Error Logging] [7b5ea53ba332630e5aca8e4abb807f70]
http://sfe.canva.cn:8080 [403] [GET] [text/plain] [] [cloudflare] [vhost] [Cloudflare,Cloudflare Bot Management,Cloudflare Network Error Logging] [7b5ea53ba332630e5aca8e4abb807f70]
http://share-upload.canva.cn:8080 [403] [GET] [text/plain] [] [cloudflare] [vhost] [Cloudflare,Cloudflare Bot Management,Cloudflare Network Error Logging] [7b5ea53ba332630e5aca8e4abb807f70]
http://share.canva.cn:8080 [403] [GET] [text/plain] [] [cloudflare] [vhost] [Cloudflare,Cloudflare Bot Management,Cloudflare Network Error Logging] [7b5ea53ba332630e5aca8e4abb807f70]
http://sitemap.canva.cn:8080 [403] [GET] [text/plain] [] [cloudflare] [vhost] [Cloudflare,Cloudflare Bot Management,Cloudflare Network Error Logging] [7b5ea53ba332630e5aca8e4abb807f70]
http://static-cse.canva.cn:8080 [403] [GET] [text/plain] [] [cloudflare] [vhost] [Cloudflare,Cloudflare Bot Management,Cloudflare Network Error Logging] [7b5ea53ba332630e5aca8e4abb807f70]
http://static.canva.cn:8080 [403] [GET] [text/plain] [] [cloudflare] [vhost] [Cloudflare,Cloudflare Bot Management,Cloudflare Network Error Logging] [7b5ea53ba332630e5aca8e4abb807f70]
http://status.canva.cn:8080 [403] [GET] [text/plain] [] [cloudflare] [vhost] [Cloudflare,Cloudflare Bot Management,Cloudflare Network Error Logging] [7b5ea53ba332630e5aca8e4abb807f70]
http://support.canva.cn:8080 [403] [GET] [text/plain] [] [cloudflare] [vhost] [Cloudflare,Cloudflare Bot Management,Cloudflare Network Error Logging] [7b5ea53ba332630e5aca8e4abb807f70]
http://thumbnail.canva.cn:8080 [403] [GET] [text/plain] [] [cloudflare] [vhost] [Cloudflare,Cloudflare Bot Management,Cloudflare Network Error Logging] [7b5ea53ba332630e5aca8e4abb807f70]
http://upload.canva.cn:8080 [403] [GET] [text/plain] [] [cloudflare] [vhost] [Cloudflare,Cloudflare Bot Management,Cloudflare Network Error Logging] [7b5ea53ba332630e5aca8e4abb807f70]
http://video-placeholders.canva.cn:8080 [403] [GET] [text/plain] [] [cloudflare] [vhost] [Cloudflare,Cloudflare Bot Management,Cloudflare Network Error Logging] [7b5ea53ba332630e5aca8e4abb807f70]
http://video-private.canva.cn:8080 [403] [GET] [text/plain] [] [cloudflare] [vhost] [Cloudflare,Cloudflare Bot Management,Cloudflare Network Error Logging] [7b5ea53ba332630e5aca8e4abb807f70]
http://video-public.canva.cn:8080 [403] [GET] [text/plain] [] [cloudflare] [vhost] [Cloudflare,Cloudflare Bot Management,Cloudflare Network Error Logging] [7b5ea53ba332630e5aca8e4abb807f70]
http://video-upload.canva.cn:8080 [403] [GET] [text/plain] [] [cloudflare] [vhost] [Cloudflare,Cloudflare Bot Management,Cloudflare Network Error Logging] [7b5ea53ba332630e5aca8e4abb807f70]
http://www.canva.cn:8080 [403] [GET] [text/plain] [] [cloudflare] [vhost] [Cloudflare,Cloudflare Bot Management,Cloudflare Network Error Logging] [7b5ea53ba332630e5aca8e4abb807f70]
http://www.google.combucky-netherlands.11603.k8s-prod-areariservata-machine.cmnlistmail.org-anissa-arearisayobh-arppofind-emc01.ag.canva.cn [200] [GET] [text/html] [] [nginx] [Nginx] [53557f9bb8124d53ec0f980b145f7856]
http://www.google.combucky-staging.org-anissa-ar10zyxwvutsrq1db02dev-machine.anissa-areariservata-machine.cmnlistmail.api.altcses53.canva.cn [500] [GET] [text/html] [Fastly error: unknown domain www.google.combucky-staging.org-anissa-ar10zyxwvutsrq1db02dev-machine.anissa-areariservata-machine.cmnlistmail.api.altcses53.canva.cn] [Varnish] [c82f3dba1467542714dec121b7190657]
http://www.google.combucky.33733.anissa-areariservata-022fengineering.cmnlistmailtrial.northamericak48csecseajtgm.csejongkim882agfedcbadocument-agfedcba.canva.cn [301] [GET] [text/html] [301 Moved Permanently] [nginx/1.4.4] [Nginx] [c51bbe462d9933fed00853e326cccac2]
http://www.google.combucky.33733.org-anissa-areariservata-machine.cmnlistmail-5p5h249redir.0393c-finion-public-service.canva.cn [500] [GET] [text/html] [Fastly error: unknown domain www.google.combucky.33733.org-anissa-areariservata-machine.cmnlistmail-5p5h249redir.0393c-finion-public-service.canva.cn] [Varnish] [3dd4da0fcab8bc79c891f44b3d816ea9]
http://www.google.combucky.33733.org-anissa-areariservata-machine.confluence-pc.csestores.canva.cn [200] [GET] [text/html] [Test Page for the Nginx HTTP Server] [nginx] [Nginx] [71ba646b20c4bcb4ae059710aa43e8ce]
https://about.canva.cn [301] [GET] [text/html] [301 Moved Permanently] [cloudflare] [vhost] [Cloudflare,Cloudflare Bot Management,Cloudflare Network Error Logging] [42c394b8f0152b372537ace9acc3f7bb]
https://about.canva.cn:8443 [403] [GET] [text/plain] [] [cloudflare] [vhost] [Cloudflare,Cloudflare Bot Management,Cloudflare Network Error Logging] [7b5ea53ba332630e5aca8e4abb807f70]
https://api.canva.cn [404] [GET] [text/html] [Amazingly Simple Graphic Design Software – Canva] [cloudflare] [vhost] [Cloudflare,Cloudflare Bot Management,Cloudflare Network Error Logging,Google Font API] [af587a87a34748859f20b08d1d9da9b6]
https://api.canva.cn [404] [GET] [text/html] [Amazingly Simple Graphic Design Software – Canva] [cloudflare] [vhost] [Cloudflare,Cloudflare Bot Management,Cloudflare Network Error Logging,Google Font API] [be17ce37546413acc18c489347626a11]
https://api.canva.cn:8443 [403] [GET] [text/plain] [] [cloudflare] [vhost] [Cloudflare,Cloudflare Bot Management,Cloudflare Network Error Logging] [7b5ea53ba332630e5aca8e4abb807f70]
https://apps.canva.cn [302] [GET] [] [] [cloudflare] [vhost] [Cloudflare,Cloudflare Bot Management,Cloudflare Network Error Logging] [d41d8cd98f00b204e9800998ecf8427e]
https://apps.canva.cn:8443 [403] [GET] [text/plain] [] [cloudflare] [vhost] [Cloudflare,Cloudflare Bot Management,Cloudflare Network Error Logging] [7b5ea53ba332630e5aca8e4abb807f70]
https://audio-private.canva.cn [403] [GET] [application/xml] [] [cloudflare] [vhost] [Cloudflare,Cloudflare Bot Management,Cloudflare Network Error Logging] [971d533c3bb38d952961a9508042d46c]
https://audio-private.canva.cn [403] [GET] [application/xml] [] [cloudflare] [vhost] [Cloudflare,Cloudflare Bot Management,Cloudflare Network Error Logging] [d14c10e8677966fcab995cbf9eef30b0]
https://audio-private.canva.cn:8443 [403] [GET] [text/plain] [] [cloudflare] [vhost] [Cloudflare,Cloudflare Bot Management,Cloudflare Network Error Logging] [7b5ea53ba332630e5aca8e4abb807f70]
https://banner-static.canva.cn [403] [GET] [application/xml] [] [cloudflare] [vhost] [Cloudflare,Cloudflare Bot Management,Cloudflare Network Error Logging] [00baaf3ec97182d064af8e32c17f8671]
https://banner-static.canva.cn [403] [GET] [application/xml] [] [cloudflare] [vhost] [Cloudflare,Cloudflare Bot Management,Cloudflare Network Error Logging] [790a1c47468f90f705431b70ab800026]
https://banner-static.canva.cn:8443 [403] [GET] [text/plain] [] [cloudflare] [vhost] [Cloudflare,Cloudflare Bot Management,Cloudflare Network Error Logging] [7b5ea53ba332630e5aca8e4abb807f70]
https://canva.cn [301] [GET] [] [] [cloudflare] [vhost] [Cloudflare,Cloudflare Bot Management,Cloudflare Network Error Logging] [d41d8cd98f00b204e9800998ecf8427e]
https://canva.cn:8443 [403] [GET] [text/plain] [] [cloudflare] [vhost] [Cloudflare,Cloudflare Bot Management,Cloudflare Network Error Logging] [7b5ea53ba332630e5aca8e4abb807f70]
https://category-public.canva.cn [403] [GET] [application/xml] [] [cloudflare] [vhost] [Cloudflare,Cloudflare Bot Management,Cloudflare Network Error Logging] [4177a277d611b74ef6db51352abcb258]
https://category-public.canva.cn [403] [GET] [application/xml] [] [cloudflare] [vhost] [Cloudflare,Cloudflare Bot Management,Cloudflare Network Error Logging] [f372acd81f55698efc13fa1f4d9eac20]
https://category-public.canva.cn:8443 [403] [GET] [text/plain] [] [cloudflare] [vhost] [Cloudflare,Cloudflare Bot Management,Cloudflare Network Error Logging] [7b5ea53ba332630e5aca8e4abb807f70]
https://cl.canva.cn [404] [GET] [text/plain] [] [cloudflare] [vhost] [Cloudflare,Cloudflare Bot Management,Cloudflare Network Error Logging] [9d1ead73e678fa2f51a70a933b0bf017]
https://cl.canva.cn:8443 [403] [GET] [text/plain] [] [cloudflare] [vhost] [Cloudflare,Cloudflare Bot Management,Cloudflare Network Error Logging] [7b5ea53ba332630e5aca8e4abb807f70]
https://content-management-files.canva.cn [403] [GET] [application/xml] [] [cloudflare] [Cloudflare,Cloudflare Bot Management,Cloudflare Network Error Logging] [2cb268dbeb4c56a641e5827c55295452]
https://content-management-files.canva.cn [403] [GET] [application/xml] [] [cloudflare] [Cloudflare,Cloudflare Bot Management,Cloudflare Network Error Logging] [7e71c5a841887e67ad4141ebdf964827]
https://content-management-files.canva.cn:8443 [403] [GET] [text/plain] [] [cloudflare] [vhost] [Cloudflare,Cloudflare Bot Management,Cloudflare Network Error Logging] [7b5ea53ba332630e5aca8e4abb807f70]
https://design-automation-font-recommendations.canva.cn [403] [GET] [application/xml] [] [cloudflare] [vhost] [Cloudflare,Cloudflare Bot Management,Cloudflare Network Error Logging] [71f27cd8b6708ad7f191123396183b1a]
https://design-automation-font-recommendations.canva.cn [403] [GET] [application/xml] [] [cloudflare] [vhost] [Cloudflare,Cloudflare Bot Management,Cloudflare Network Error Logging] [cedcb9944cb409dd13299ed0497cb4b0]
https://design-automation-font-recommendations.canva.cn:8443 [403] [GET] [text/plain] [] [cloudflare] [vhost] [Cloudflare,Cloudflare Bot Management,Cloudflare Network Error Logging] [7b5ea53ba332630e5aca8e4abb807f70]
https://design-automation-preset-styles.canva.cn [403] [GET] [application/xml] [] [cloudflare] [vhost] [Cloudflare,Cloudflare Bot Management,Cloudflare Network Error Logging] [9467247b1ff037bbb90cf9b2f339e96b]
https://design-automation-preset-styles.canva.cn [403] [GET] [application/xml] [] [cloudflare] [vhost] [Cloudflare,Cloudflare Bot Management,Cloudflare Network Error Logging] [f1070ac6130b59e24f237649ad841a40]
https://design-automation-preset-styles.canva.cn:8443 [403] [GET] [text/plain] [] [cloudflare] [vhost] [Cloudflare,Cloudflare Bot Management,Cloudflare Network Error Logging] [7b5ea53ba332630e5aca8e4abb807f70]
https://document-export.canva.cn [403] [GET] [application/xml] [] [cloudflare] [vhost] [Cloudflare,Cloudflare Bot Management,Cloudflare Network Error Logging] [518549369654006ca2c878cd83ec9cc8]
https://document-export.canva.cn [403] [GET] [application/xml] [] [cloudflare] [vhost] [Cloudflare,Cloudflare Bot Management,Cloudflare Network Error Logging] [d065d153f5ba1568fb23f0a1ce49f0e1]
https://document-export.canva.cn:8443 [403] [GET] [text/plain] [] [cloudflare] [vhost] [Cloudflare,Cloudflare Bot Management,Cloudflare Network Error Logging] [7b5ea53ba332630e5aca8e4abb807f70]
https://experiments-static.canva.cn [403] [GET] [application/xml] [] [cloudflare] [vhost] [Cloudflare,Cloudflare Bot Management,Cloudflare Network Error Logging] [1a8727e861006d65f6fbfa641de834bb]
https://experiments-static.canva.cn [403] [GET] [application/xml] [] [cloudflare] [vhost] [Cloudflare,Cloudflare Bot Management,Cloudflare Network Error Logging] [3ab595b0dd32d1101bcb44f387143c4c]
https://experiments-static.canva.cn:8443 [403] [GET] [text/plain] [] [cloudflare] [vhost] [Cloudflare,Cloudflare Bot Management,Cloudflare Network Error Logging] [7b5ea53ba332630e5aca8e4abb807f70]
https://export-download.canva.cn [403] [GET] [application/xml] [] [cloudflare] [vhost] [Cloudflare,Cloudflare Bot Management,Cloudflare Network Error Logging] [5951b5bbf2d2a69bc04079a32424be95]
https://export-download.canva.cn [403] [GET] [application/xml] [] [cloudflare] [vhost] [Cloudflare,Cloudflare Bot Management,Cloudflare Network Error Logging] [b827444c4c4d54d3a9f46ff4833946c8]
https://export-download.canva.cn:8443 [403] [GET] [text/plain] [] [cloudflare] [vhost] [Cloudflare,Cloudflare Bot Management,Cloudflare Network Error Logging] [7b5ea53ba332630e5aca8e4abb807f70]
https://font-private.canva.cn [403] [GET] [application/xml] [] [cloudflare] [vhost] [Cloudflare,Cloudflare Bot Management,Cloudflare Network Error Logging] [074cbed95ceacd4ec96ecad8b93c0383]
https://font-private.canva.cn [403] [GET] [application/xml] [] [cloudflare] [vhost] [Cloudflare,Cloudflare Bot Management,Cloudflare Network Error Logging] [c677680075534b55412d5f4517e5922c]
https://font-private.canva.cn:8443 [403] [GET] [text/plain] [] [cloudflare] [vhost] [Cloudflare,Cloudflare Bot Management,Cloudflare Network Error Logging] [7b5ea53ba332630e5aca8e4abb807f70]
https://font-public.canva.cn [403] [GET] [application/xml] [] [cloudflare] [vhost] [Cloudflare,Cloudflare Bot Management,Cloudflare Network Error Logging] [2c4f080807a0c0cb176c6fd957a50522]
https://font-public.canva.cn [403] [GET] [application/xml] [] [cloudflare] [vhost] [Cloudflare,Cloudflare Bot Management,Cloudflare Network Error Logging] [95dbb883a66a51de72e210f3bb5b3a11]
https://font-public.canva.cn:8443 [403] [GET] [text/plain] [] [cloudflare] [vhost] [Cloudflare,Cloudflare Bot Management,Cloudflare Network Error Logging] [7b5ea53ba332630e5aca8e4abb807f70]
https://font-subsets.canva.cn [403] [GET] [application/xml] [] [cloudflare] [vhost] [Cloudflare,Cloudflare Bot Management,Cloudflare Network Error Logging] [268f97183c81af3d163eb06474c8a654]
https://font-subsets.canva.cn [403] [GET] [application/xml] [] [cloudflare] [vhost] [Cloudflare,Cloudflare Bot Management,Cloudflare Network Error Logging] [ab41f58569791225921f805ca3944478]
https://font-subsets.canva.cn:8443 [403] [GET] [text/plain] [] [cloudflare] [vhost] [Cloudflare,Cloudflare Bot Management,Cloudflare Network Error Logging] [7b5ea53ba332630e5aca8e4abb807f70]
https://image-manipulation.canva.cn [403] [GET] [application/xml] [] [cloudflare] [vhost] [Cloudflare,Cloudflare Bot Management,Cloudflare Network Error Logging] [6d8b56584934dfc0ff48ba93e498d8f5]
https://image-manipulation.canva.cn [403] [GET] [application/xml] [] [cloudflare] [vhost] [Cloudflare,Cloudflare Bot Management,Cloudflare Network Error Logging] [c76bcb20752e6e4bd4b4599f13fae148]
https://image-manipulation.canva.cn:8443 [403] [GET] [text/plain] [] [cloudflare] [vhost] [Cloudflare,Cloudflare Bot Management,Cloudflare Network Error Logging] [7b5ea53ba332630e5aca8e4abb807f70]
https://image.canva.cn [403] [GET] [application/xml] [] [cloudflare] [vhost] [Cloudflare,Cloudflare Bot Management,Cloudflare Network Error Logging] [7cb7cd91a43f5fc915dd25e0e5fe60ac]
https://image.canva.cn [403] [GET] [application/xml] [] [cloudflare] [vhost] [Cloudflare,Cloudflare Bot Management,Cloudflare Network Error Logging] [eef4d5c424aff4d0759a8d85fbdc789b]
https://image.canva.cn:8443 [403] [GET] [text/plain] [] [cloudflare] [vhost] [Cloudflare,Cloudflare Bot Management,Cloudflare Network Error Logging] [7b5ea53ba332630e5aca8e4abb807f70]
https://import.canva.cn [403] [GET] [application/xml] [] [cloudflare] [vhost] [Cloudflare,Cloudflare Bot Management,Cloudflare Network Error Logging] [5856004e3f31646a8f7d002dbfad91b5]
https://import.canva.cn [403] [GET] [application/xml] [] [cloudflare] [vhost] [Cloudflare,Cloudflare Bot Management,Cloudflare Network Error Logging] [c71c33ab87f9cf40d622d6ea41800833]
https://import.canva.cn:8443 [403] [GET] [text/plain] [] [cloudflare] [vhost] [Cloudflare,Cloudflare Bot Management,Cloudflare Network Error Logging] [7b5ea53ba332630e5aca8e4abb807f70]
https://inproductmarketing-static.canva.cn [403] [GET] [application/xml] [] [cloudflare] [vhost] [Cloudflare,Cloudflare Bot Management,Cloudflare Network Error Logging] [49c17ca50abc6de4c7c528532566d754]
https://inproductmarketing-static.canva.cn [403] [GET] [application/xml] [] [cloudflare] [vhost] [Cloudflare,Cloudflare Bot Management,Cloudflare Network Error Logging] [519f600273500987c00b853780949b3d]
https://inproductmarketing-static.canva.cn:8443 [403] [GET] [text/plain] [] [cloudflare] [vhost] [Cloudflare,Cloudflare Bot Management,Cloudflare Network Error Logging] [7b5ea53ba332630e5aca8e4abb807f70]
https://learn.canva.cn [301] [GET] [text/html] [301 Moved Permanently] [cloudflare] [vhost] [Cloudflare,Cloudflare Bot Management,Cloudflare Network Error Logging] [42c394b8f0152b372537ace9acc3f7bb]
https://learn.canva.cn:8443 [403] [GET] [text/plain] [] [cloudflare] [vhost] [Cloudflare,Cloudflare Bot Management,Cloudflare Network Error Logging] [7b5ea53ba332630e5aca8e4abb807f70]
https://live.canva.cn [302] [GET] [] [] [cloudflare] [vhost] [Cloudflare,Cloudflare Bot Management,Cloudflare Network Error Logging] [d41d8cd98f00b204e9800998ecf8427e]
https://live.canva.cn:8443 [403] [GET] [text/plain] [] [cloudflare] [vhost] [Cloudflare,Cloudflare Bot Management,Cloudflare Network Error Logging] [7b5ea53ba332630e5aca8e4abb807f70]
https://marketplace.canva.cn [403] [GET] [text/plain] [] [cloudflare] [vhost] [Cloudflare,Cloudflare Bot Management,Cloudflare Network Error Logging] [4213f80c971e8e884f2c9353f26ef8ef]
https://marketplace.canva.cn:8443 [403] [GET] [text/plain] [] [cloudflare] [vhost] [Cloudflare,Cloudflare Bot Management,Cloudflare Network Error Logging] [7b5ea53ba332630e5aca8e4abb807f70]
https://media-private.canva.cn [403] [GET] [application/xml] [] [cloudflare] [vhost] [Cloudflare,Cloudflare Bot Management,Cloudflare Network Error Logging] [1b4e71e444838de9ba07e2a53beace3d]
https://media-private.canva.cn [403] [GET] [application/xml] [] [cloudflare] [vhost] [Cloudflare,Cloudflare Bot Management,Cloudflare Network Error Logging] [1d1d30d28e890594238de5e8214d4061]
https://media-private.canva.cn:8443 [403] [GET] [text/plain] [] [cloudflare] [vhost] [Cloudflare,Cloudflare Bot Management,Cloudflare Network Error Logging] [7b5ea53ba332630e5aca8e4abb807f70]
https://media-public.canva.cn [403] [GET] [application/xml] [] [cloudflare] [vhost] [Cloudflare,Cloudflare Bot Management,Cloudflare Network Error Logging] [d4c162bc8bfec6dadb07a65cdf56a243]
https://media-public.canva.cn [403] [GET] [application/xml] [] [cloudflare] [vhost] [Cloudflare,Cloudflare Bot Management,Cloudflare Network Error Logging] [d7f33c4fbf0f41ade91f0f2e119cfd6d]
https://media-public.canva.cn:8443 [403] [GET] [text/plain] [] [cloudflare] [vhost] [Cloudflare,Cloudflare Bot Management,Cloudflare Network Error Logging] [7b5ea53ba332630e5aca8e4abb807f70]
https://phoenix-capi.canva.cn [401] [GET] [] [] [] [Express,Node.js] [d41d8cd98f00b204e9800998ecf8427e]
https://phoenix.canva.cn [404] [GET] [text/html] [Amazingly Simple Graphic Design Software – Canva] [cloudflare] [Cloudflare,Cloudflare Bot Management,Cloudflare Network Error Logging,Google Font API,React] [de358b6eb83fb581cfe7808d62a65141]
https://phoenix.canva.cn [404] [GET] [text/html] [Amazingly Simple Graphic Design Software – Canva] [cloudflare] [vhost] [Cloudflare,Cloudflare Bot Management,Cloudflare Network Error Logging,Google Font API,React] [3320c5b1dcaec6f2f1a55e2c8ef790a8]
https://phoenix.canva.cn:8443 [403] [GET] [text/plain] [] [cloudflare] [vhost] [Cloudflare,Cloudflare Bot Management,Cloudflare Network Error Logging] [7b5ea53ba332630e5aca8e4abb807f70]
https://profile.canva.cn [403] [GET] [application/xml] [] [cloudflare] [vhost] [Cloudflare,Cloudflare Bot Management,Cloudflare Network Error Logging] [1a20268c5201fcfaa8dc7392cd7779e5]
https://profile.canva.cn [403] [GET] [application/xml] [] [cloudflare] [vhost] [Cloudflare,Cloudflare Bot Management,Cloudflare Network Error Logging] [8d882298f960446d8cd97e95aeacf2f9]
https://profile.canva.cn:8443 [403] [GET] [text/plain] [] [cloudflare] [vhost] [Cloudflare,Cloudflare Bot Management,Cloudflare Network Error Logging] [7b5ea53ba332630e5aca8e4abb807f70]
https://sdk.canva.cn [403] [GET] [application/xml] [] [cloudflare] [vhost] [Cloudflare,Cloudflare Bot Management,Cloudflare Network Error Logging] [6d53eda7688cf7521904a48a69b907ae]
https://sdk.canva.cn:8443 [403] [GET] [text/plain] [] [cloudflare] [vhost] [Cloudflare,Cloudflare Bot Management,Cloudflare Network Error Logging] [7b5ea53ba332630e5aca8e4abb807f70]
https://sfe.canva.cn [404] [GET] [] [] [cloudflare] [vhost] [Cloudflare,Cloudflare Bot Management,Cloudflare Network Error Logging] [d41d8cd98f00b204e9800998ecf8427e]
https://sfe.canva.cn:8443 [403] [GET] [text/plain] [] [cloudflare] [vhost] [Cloudflare,Cloudflare Bot Management,Cloudflare Network Error Logging] [7b5ea53ba332630e5aca8e4abb807f70]
https://share-upload.canva.cn [403] [GET] [application/xml] [] [cloudflare] [vhost] [Cloudflare,Cloudflare Bot Management,Cloudflare Network Error Logging] [664ed72317837b3f8ad2c3fc40924ab7]
https://share-upload.canva.cn [403] [GET] [application/xml] [] [cloudflare] [vhost] [Cloudflare,Cloudflare Bot Management,Cloudflare Network Error Logging] [8e00a3f8b5e1bba66176072d9c87b8e7]
https://share-upload.canva.cn:8443 [403] [GET] [text/plain] [] [cloudflare] [vhost] [Cloudflare,Cloudflare Bot Management,Cloudflare Network Error Logging] [7b5ea53ba332630e5aca8e4abb807f70]
https://share.canva.cn [403] [GET] [application/xml] [] [cloudflare] [vhost] [Cloudflare,Cloudflare Bot Management,Cloudflare Network Error Logging] [7dbc758ecb1653c557dc4a6a00560839]
https://share.canva.cn [403] [GET] [application/xml] [] [cloudflare] [vhost] [Cloudflare,Cloudflare Bot Management,Cloudflare Network Error Logging] [95798951c65e7bb1f48cf670c151aed3]
https://share.canva.cn:8443 [403] [GET] [text/plain] [] [cloudflare] [vhost] [Cloudflare,Cloudflare Bot Management,Cloudflare Network Error Logging] [7b5ea53ba332630e5aca8e4abb807f70]
https://sitemap.canva.cn [200] [GET] [application/xml] [] [cloudflare] [vhost] [Cloudflare,Cloudflare Bot Management,Cloudflare Network Error Logging] [395614c19e3bd5e23f9a3fe9085742ee]
https://sitemap.canva.cn:8443 [403] [GET] [text/plain] [] [cloudflare] [vhost] [Cloudflare,Cloudflare Bot Management,Cloudflare Network Error Logging] [7b5ea53ba332630e5aca8e4abb807f70]
https://static-cse.canva.cn [403] [GET] [application/xml] [] [cloudflare] [vhost] [Cloudflare,Cloudflare Bot Management,Cloudflare Network Error Logging] [20fa6d07fb2febb673be3307e06a33db]
https://static-cse.canva.cn [403] [GET] [application/xml] [] [cloudflare] [vhost] [Cloudflare,Cloudflare Bot Management,Cloudflare Network Error Logging] [ea0be429a20d823380d9ee2d4dcf86e7]
https://static-cse.canva.cn:8443 [403] [GET] [text/plain] [] [cloudflare] [vhost] [Cloudflare,Cloudflare Bot Management,Cloudflare Network Error Logging] [7b5ea53ba332630e5aca8e4abb807f70]
https://static.canva.cn [403] [GET] [application/xml] [] [cloudflare] [vhost] [Cloudflare,Cloudflare Bot Management,Cloudflare Network Error Logging] [4678af445f42a43ce21fab0afa19bca2]
https://static.canva.cn [403] [GET] [application/xml] [] [cloudflare] [vhost] [Cloudflare,Cloudflare Bot Management,Cloudflare Network Error Logging] [cd39a8fd026a221858dddfc82d5e267f]
https://static.canva.cn:8443 [403] [GET] [text/plain] [] [cloudflare] [vhost] [Cloudflare,Cloudflare Bot Management,Cloudflare Network Error Logging] [7b5ea53ba332630e5aca8e4abb807f70]
https://status.canva.cn [302] [GET] [] [] [cloudflare] [vhost] [Cloudflare,Cloudflare Bot Management,Cloudflare Network Error Logging] [d41d8cd98f00b204e9800998ecf8427e]
https://status.canva.cn:8443 [403] [GET] [text/plain] [] [cloudflare] [vhost] [Cloudflare,Cloudflare Bot Management,Cloudflare Network Error Logging] [7b5ea53ba332630e5aca8e4abb807f70]
https://support.canva.cn [301] [GET] [] [] [cloudflare] [vhost] [Cloudflare,Cloudflare Bot Management,Cloudflare Network Error Logging] [d41d8cd98f00b204e9800998ecf8427e]
https://support.canva.cn:8443 [403] [GET] [text/plain] [] [cloudflare] [vhost] [Cloudflare,Cloudflare Bot Management,Cloudflare Network Error Logging] [7b5ea53ba332630e5aca8e4abb807f70]
https://template.canva.cn [403] [GET] [application/xml] [] [cloudflare] [vhost] [Cloudflare,Cloudflare Bot Management,Cloudflare Network Error Logging] [00a86ad2da2428e01670a81e3706b886]
https://template.canva.cn [403] [GET] [application/xml] [] [cloudflare] [vhost] [Cloudflare,Cloudflare Bot Management,Cloudflare Network Error Logging] [e67a976adbea9bfdbf23e5e9fc209858]
https://template.canva.cn:8443 [403] [GET] [text/plain] [] [cloudflare] [vhost] [Cloudflare,Cloudflare Bot Management,Cloudflare Network Error Logging] [7b5ea53ba332630e5aca8e4abb807f70]
https://thumbnail.canva.cn [403] [GET] [application/xml] [] [cloudflare] [vhost] [Cloudflare,Cloudflare Bot Management,Cloudflare Network Error Logging] [3750a9bcc67d3d1aff08ad10ae1d9e2b]
https://thumbnail.canva.cn [403] [GET] [application/xml] [] [cloudflare] [vhost] [Cloudflare,Cloudflare Bot Management,Cloudflare Network Error Logging] [6440810b78a901b3a5e691cfbec448b5]
https://thumbnail.canva.cn:8443 [403] [GET] [text/plain] [] [cloudflare] [vhost] [Cloudflare,Cloudflare Bot Management,Cloudflare Network Error Logging] [7b5ea53ba332630e5aca8e4abb807f70]
https://upload.canva.cn [403] [GET] [application/xml] [] [cloudflare] [vhost] [Cloudflare,Cloudflare Bot Management,Cloudflare Network Error Logging] [c85b14b470ed52452d23640f26f2428f]
https://upload.canva.cn [403] [GET] [application/xml] [] [cloudflare] [vhost] [Cloudflare,Cloudflare Bot Management,Cloudflare Network Error Logging] [e662ccb7bfb7f56268d6d112c03eb382]
https://upload.canva.cn:8443 [403] [GET] [text/plain] [] [cloudflare] [vhost] [Cloudflare,Cloudflare Bot Management,Cloudflare Network Error Logging] [7b5ea53ba332630e5aca8e4abb807f70]
https://video-placeholders.canva.cn [403] [GET] [application/xml] [] [cloudflare] [vhost] [Cloudflare,Cloudflare Bot Management,Cloudflare Network Error Logging] [3871896fccd20cdcccaf57a9260b608c]
https://video-placeholders.canva.cn [403] [GET] [application/xml] [] [cloudflare] [vhost] [Cloudflare,Cloudflare Bot Management,Cloudflare Network Error Logging] [f11372ffa6338e3170227b73ee797ccb]
https://video-placeholders.canva.cn:8443 [403] [GET] [text/plain] [] [cloudflare] [vhost] [Cloudflare,Cloudflare Bot Management,Cloudflare Network Error Logging] [7b5ea53ba332630e5aca8e4abb807f70]
https://video-private.canva.cn [403] [GET] [application/xml] [] [cloudflare] [vhost] [Cloudflare,Cloudflare Bot Management,Cloudflare Network Error Logging] [e03148085152bd3bec88f89b7df51398]
https://video-private.canva.cn [403] [GET] [application/xml] [] [cloudflare] [vhost] [Cloudflare,Cloudflare Bot Management,Cloudflare Network Error Logging] [eccae612a48d25eed54d68e6c4ce296d]
https://video-private.canva.cn:8443 [403] [GET] [text/plain] [] [cloudflare] [vhost] [Cloudflare,Cloudflare Bot Management,Cloudflare Network Error Logging] [7b5ea53ba332630e5aca8e4abb807f70]
https://video-public.canva.cn [403] [GET] [application/xml] [] [cloudflare] [vhost] [Cloudflare,Cloudflare Bot Management,Cloudflare Network Error Logging] [27944295021279b2ae51256e213df9bb]
https://video-public.canva.cn [403] [GET] [application/xml] [] [cloudflare] [vhost] [Cloudflare,Cloudflare Bot Management,Cloudflare Network Error Logging] [3e6f48b6927da41369926539c9ec84a4]
https://video-public.canva.cn:8443 [403] [GET] [text/plain] [] [cloudflare] [vhost] [Cloudflare,Cloudflare Bot Management,Cloudflare Network Error Logging] [7b5ea53ba332630e5aca8e4abb807f70]
https://video-upload.canva.cn [403] [GET] [application/xml] [] [cloudflare] [vhost] [Cloudflare,Cloudflare Bot Management,Cloudflare Network Error Logging] [04f67f0ea6bdf6df092f7f16401cc693]
https://video-upload.canva.cn [403] [GET] [application/xml] [] [cloudflare] [vhost] [Cloudflare,Cloudflare Bot Management,Cloudflare Network Error Logging] [932ac82334747af73a9d36d65a7e3cdb]
https://video-upload.canva.cn:8443 [403] [GET] [text/plain] [] [cloudflare] [vhost] [Cloudflare,Cloudflare Bot Management,Cloudflare Network Error Logging] [7b5ea53ba332630e5aca8e4abb807f70]
https://webproxy.idc-lorien.ruletheearthjwxt1-csestores-turk.bh-arppofind-2021.comssets.glategoryfronicsadnswildcardproducts.wire.z55i2kerisere10dvkv.2.canva.cn [404] [GET] [] [] [tsa_a] [vhost] [d41d8cd98f00b204e9800998ecf8427e]
https://wire.community-share-upload.budget.chef-h21-updated.inst.aws.cn-northwest-1.font-public.cnarearisersrvjpinsysail.s4devkhs-tur.ftpanva.cn.canva.cn [404] [GET] [] [] [tsa_a] [vhost] [d41d8cd98f00b204e9800998ecf8427e]
https://wire.community.0393c-finion-public-service-forum-apac.apac.1.canva.cn [400] [GET] [text/html] [Error] [] [0a81218d6258dbc120db4103803ff667]
https://wire.community.rulegodosoft-ext-xsrvjpinsys-staging-origin.canva.cn [400] [GET] [text/html] [Error] [] [0a81218d6258dbc120db4103803ff667]
https://wire.community5av1nwmmyrhv69h.org-anissafe-dortmund-staginggg.nort-z55i2kerisere10dvkv.1.canva.cn [400] [GET] [text/html] [Error] [] [0a81218d6258dbc120db4103803ff667]
https://www.canva.cn [403] [GET] [text/html] [Attention Required! | Cloudflare] [cloudflare] [vhost] [Cloudflare,Cloudflare Bot Management,Cloudflare Network Error Logging,hCaptcha] [540518b1e38f3fe319f73c3c95b17e86]
https://www.canva.cn [403] [GET] [text/html] [Attention Required! | Cloudflare] [cloudflare] [vhost] [Cloudflare,Cloudflare Bot Management,Cloudflare Network Error Logging,hCaptcha] [55f5ef0d9f5ed768df6cf1139eabb970]
https://www.canva.cn:8443 [403] [GET] [text/plain] [] [cloudflare] [vhost] [Cloudflare,Cloudflare Bot Management,Cloudflare Network Error Logging] [7b5ea53ba332630e5aca8e4abb807f70]
https://www.google.combel23staticate.33733.lovehope.cmnlistmail.csestores.c.canva.cn [400] [GET] [text/html] [Error] [] [0a81218d6258dbc120db4103803ff667]
https://www.google.combucky.33733-login.anissa-areariservata-machine.iad.communitsvc1m-u.cseelisenv-1.pp.canva.cn [404] [GET] [] [] [tsa_a] [vhost] [d41d8cd98f00b204e9800998ecf8427e]
https://www.google.combucky.33733.devmobile98293-testing1.org-anissa-areariservata-machine.cmnlistmail.ruletheearthjwxt1-csestores.canva.cn [404] [GET] [] [] [tsa_b] [vhost] [d41d8cd98f00b204e9800998ecf8427e]
https://www.google.combucky.33733.elasticbeanstalk-org-anissa-areariservata-machine.15cmnlistmail.0393c-finion-public-service.canva.cn [400] [GET] [text/html] [Atlas | Error] [] [vhost] [7e8a56b2662414dfa1f81822c9069c9b]
https://www.google.combucky.33733.org-aniscprodctnxsf-298facebookapp-xsrvjpinsys.cmnlistmail.0393c-finion-public-service.4.canva.cn [404] [GET] [] [] [tsa_a] [vhost] [d41d8cd98f00b204e9800998ecf8427e]
https://www.google.combucky.33733.org-anissa-areae210vaughnagfed.cmnlistmail.ruletheearthjwxt1-csestores.canva.cn [400] [GET] [text/html] [Error] [] [311c5aca241b27a359fc5f2fc900c513]
https://www.google.combucky.33733.org-anissa-arearisecanvvkhs-assets.cmnlistmail.0393c-finion-public-service.11.canva.cn [400] [GET] [text/html] [Error] [] [0a81218d6258dbc120db4103803ff667]
https://www.google.combucky.33733.org-anissa-csestoresvi-machine.febc242-hhd.0393c-finion-public-service.canva.cn [400] [GET] [text/html] [Error] [] [0a81218d6258dbc120db4103803ff667]
https://www.google.combucky.33733.org-anissa-virtual-yajama6ta-machine.cmnlistmail.ruletheearthjwxt1-csestores.3.canva.cn [404] [GET] [] [] [tsa_a] [vhost] [d41d8cd98f00b204e9800998ecf8427e]
https://www.google.combucky.33733.org-anissamobile50943.cmnlistmail.ruletheearthjwxt1-csestores.canva.cn [400] [GET] [text/html] [Facebook | Error] [] [vhost] [1b3375bfc39752165b3cdb8758421944]
https://www.google.combucky.33733.v1-org-anissa-a1img181staging-machine.comcsky.cmnlistmail.ruletheearthjwxt1-csestores.canva.cn [400] [GET] [text/html] [Error] [] [311c5aca241b27a359fc5f2fc900c513]
https://www.google.combucky.58163.stagena.anissa-areariservata-machine.cmnlistmailext.v1-cmnlistmailext.csecmnlistmse.canva.cn [400] [GET] [text/html] [Error] [] [0a81218d6258dbc120db4103803ff667]
https://www.google.combucky.anispantheonanissaws.org-anissa-areariservata-machine.webapp-anissecmnlistmail.ruletheearthjwxt1-csestores.canva.cn [404] [GET] [] [] [tsa_a] [vhost] [d41d8cd98f00b204e9800998ecf8427e]
