http://clubhouse.com:2052 [301] [GET] [] [] [cloudflare] [cloudflare] [d41d8cd98f00b204e9800998ecf8427e]
http://clubhouse.com:2082 [301] [GET] [] [] [cloudflare] [cloudflare] [d41d8cd98f00b204e9800998ecf8427e]
http://clubhouse.com:2086 [301] [GET] [] [] [cloudflare] [cloudflare] [d41d8cd98f00b204e9800998ecf8427e]
http://clubhouse.com:8080 [301] [GET] [] [] [cloudflare] [cloudflare] [d41d8cd98f00b204e9800998ecf8427e]
http://clubhouse.com:8880 [301] [GET] [] [] [cloudflare] [cloudflare] [d41d8cd98f00b204e9800998ecf8427e]
https://admin.clubhouse.com [200] [GET] [text/html] [Clubhouse: The Social Audio App] [cloudflare] [vhost] [cloudflare] [Cloudflare,Google Font API,Google Tag Manager,Sentry] [071a3d946502ad7ae494e6fb9a3cc38c]
https://admin.clubhouse.com [200] [GET] [text/html] [Clubhouse: The Social Audio App] [cloudflare] [vhost] [cloudflare] [Cloudflare,Google Font API,Google Tag Manager,Sentry] [719488f7e4b6747f6122dc63852fadbe]
https://blog.clubhouse.com [200] [GET] [text/html] [Clubhouse Blog] [openresty] [vhost] [fastly] [Ghost,Google Font API,Nginx,Node.js,OpenResty] [69e7a67d71d87c5503f8d9f69e32f685]
https://clubhouse.com [301] [GET] [] [] [cloudflare] [vhost] [cloudflare] [d41d8cd98f00b204e9800998ecf8427e]
https://clubhouse.com:2053 [301] [GET] [] [] [cloudflare] [vhost] [cloudflare] [d41d8cd98f00b204e9800998ecf8427e]
https://clubhouse.com:2083 [301] [GET] [] [] [cloudflare] [vhost] [cloudflare] [d41d8cd98f00b204e9800998ecf8427e]
https://clubhouse.com:8443 [301] [GET] [] [] [cloudflare] [vhost] [cloudflare] [d41d8cd98f00b204e9800998ecf8427e]
https://community.clubhouse.com [200] [GET] [text/html] [Community Guidelines] [Vercel] [vhost] [Google Font API,Next.js,Node.js,React,Vercel,webpack] [05d1a8018eea6a636c9ee33a9052eb7f]
https://creatorfirst.clubhouse.com [302] [GET] [] [] [cloudflare] [vhost] [cloudflare] [d41d8cd98f00b204e9800998ecf8427e]
https://creators.clubhouse.com [200] [GET] [text/html] [Creator Commons] [Vercel] [vhost] [Google Font API,Next.js,Node.js,React,Vercel,webpack] [cb32e43bf9f23ffb62600a1a2081a17f]
https://go.clubhouse.com [301] [GET] [text/html] [301 Moved Permanently] [Apache] [vhost] [Apache] [ea3ebf12f15731f40c58aac70153eb08]
https://ios.clubhouse.com [302] [GET] [] [] [cloudflare] [vhost] [cloudflare] [d41d8cd98f00b204e9800998ecf8427e]
https://privacy.clubhouse.com [200] [GET] [text/html] [Privacy Policy] [Vercel] [vhost] [Google Font API,Next.js,Node.js,React,Vercel,webpack] [98e1c70e59a144685eb18511c432d901]
https://profilealert.clubhouse.com [302] [GET] [] [] [cloudflare] [vhost] [cloudflare] [d41d8cd98f00b204e9800998ecf8427e]
https://share.clubhouse.com [200] [GET] [text/html] [Clubhouse: The Social Audio App] [cloudflare] [vhost] [cloudflare] [Cloudflare,Google Font API,Google Tag Manager,Sentry] [d4a1ad1568905b625da67ce2c18d5267]
https://staging.clubhouse.com [200] [GET] [text/html] [Clubhouse: The Social Audio App] [cloudflare] [vhost] [cloudflare] [Cloudflare,Google Font API,Google Tag Manager] [5bb24e16b22148d093b9b9e4ae1e4b61]
https://support.clubhouse.com [301] [GET] [text/html] [] [cloudflare] [vhost] [cloudflare] [Cloudflare,Cloudflare Network Error Logging,Zendesk] [fb92f05ce4b7840bbbb2290f874cd296]
https://suspension.clubhouse.com [302] [GET] [] [] [cloudflare] [vhost] [cloudflare] [d41d8cd98f00b204e9800998ecf8427e]
https://tos.clubhouse.com [200] [GET] [text/html] [Terms of Service] [Vercel] [vhost] [Google Font API,Next.js,Node.js,React,Vercel,webpack] [c3609749b08f136ae7d0ea32a93e68e4]
https://url4926.clubhouse.com [404] [GET] [text/html] [404 Not Found] [nginx] [Nginx] [8e325dc2fea7c8900fc6c4b8c6c394fe]
https://welcome.clubhouse.com [302] [GET] [] [] [cloudflare] [vhost] [cloudflare] [d41d8cd98f00b204e9800998ecf8427e]
https://whatsnew.clubhouse.com [302] [GET] [] [] [cloudflare] [vhost] [cloudflare] [d41d8cd98f00b204e9800998ecf8427e]
https://www.clubhouse.com [200] [GET] [text/html] [Clubhouse: The Social Audio App] [cloudflare] [vhost] [cloudflare] [Cloudflare,Google Font API,Google Tag Manager,Sentry] [01eb50d981c208dbd9d7f5075a9762f5]
