http://autodiscover.kinepolis.nl [301] [GET] [] [] [Microsoft-IIS/10.0] [vhost] [IIS,Microsoft ASP.NET,Windows Server] [d41d8cd98f00b204e9800998ecf8427e]
http://business.kinepolis.nl:8080 [301] [GET] [] [] [cloudflare] [vhost] [Cloudflare Network Error Logging] [d41d8cd98f00b204e9800998ecf8427e]
http://stage-kinecard.kinepolis.nl [302] [GET] [] [] [] [vhost] [d41d8cd98f00b204e9800998ecf8427e]
http://www.business.kinepolis.nl [409] [GET] [text/plain] [] [cloudflare] [f6bbbdc9b05a5af96b6b7e618ee357cc]
http://www.business.kinepolis.nl:8080 [409] [GET] [text/plain] [] [cloudflare] [f6bbbdc9b05a5af96b6b7e618ee357cc]
http://www.business.kinepolis.nl:8443 [400] [GET] [text/html] [400 The plain HTTP request was sent to HTTPS port] [cloudflare] [cd58783500d7fa3c58f88eb0ba22f4f8]
https://app.kinepolis.nl [200] [GET] [text/html] [Kinepolis | Selligent Sites] [] [vhost] [b2c7b758c4a53bf4d4522ead25b74678]
https://business.kinepolis.nl [200] [GET] [text/html] [Een onvergetelijke ervaring blijft langer hangen dankzij Kinepolis Business] [cloudflare] [vhost] [Cloudflare Network Error Logging,Google Tag Manager,HubSpot,HubSpot CMS Hub] [a30e0b3303d92a25f4273253bc644dbf]
https://business.kinepolis.nl:8443 [200] [GET] [text/html] [Een onvergetelijke ervaring blijft langer hangen dankzij Kinepolis Business] [cloudflare] [vhost] [Cloudflare Network Error Logging,Google Tag Manager,HubSpot,HubSpot CMS Hub] [a30e0b3303d92a25f4273253bc644dbf]
https://hr.kinepolis.nl [302] [GET] [] [] [AkamaiGHost] [vhost] [d41d8cd98f00b204e9800998ecf8427e]
https://kinepolis.nl [200] [GET] [text/html] [Films | Kinepolis Nederland] [] [vhost] [Drupal,Google Tag Manager,OWL Carousel,PHP,jQuery] [ca83ac0f6f4bcb6a3acb5e09a55bbcec]
https://msoid.kinepolis.nl [302] [GET] [text/html] [Object moved] [] [vhost] [azure] [67dc47621d0dca9dc8d849ee26494c3b]
https://prive.kinepolis.nl [403] [GET] [text/html] [Access Denied] [] [vhost] [b1780a3283df66e458fb7a353244b8f7]
https://prive.kinepolis.nl [403] [GET] [text/html] [Access Denied] [] [vhost] [cdf64e5592bc40ea3eafcc87e8163cb2]
https://privetickets.kinepolis.nl [403] [GET] [text/html] [Access Denied] [] [vhost] [539658cf291906346728e907ae7dd765]
https://privetickets.kinepolis.nl [403] [GET] [text/html] [Access Denied] [] [vhost] [ec31c3db95d438b79eec94cbe733c0e7]
https://tickets.kinepolis.nl [403] [GET] [text/html] [Access Denied] [] [vhost] [02479b6580363cc4c76747e67cdb8058]
https://tickets.kinepolis.nl [403] [GET] [text/html] [Access Denied] [] [vhost] [3bc441a1d205e785ad3c671ab422b225]
https://wallet-acc.kinepolis.nl [404] [GET] [] [] [] [vhost] [IIS,Microsoft ASP.NET] [d41d8cd98f00b204e9800998ecf8427e]
https://wallet.kinepolis.nl [404] [GET] [] [] [] [vhost] [IIS,Microsoft ASP.NET] [d41d8cd98f00b204e9800998ecf8427e]
https://www.kinepolis.nl [302] [GET] [] [] [] [vhost] [d41d8cd98f00b204e9800998ecf8427e]
