http://autodiscover.kinepolis.fr [301] [GET] [] [] [Microsoft-IIS/10.0] [vhost] [IIS,Microsoft ASP.NET,Windows Server] [d41d8cd98f00b204e9800998ecf8427e]
http://shop-dev.kinepolis.fr:8080 [404] [GET] [application/json] [] [nginx] [Nginx] [8a80554c91d9fca8acb82f023de02f11]
https://0-checkpoint.thomsonreuters.com.olinkserver.kinepolis.fr [400] [GET] [text/html] [Invalid URL] [AkamaiGHost] [523e0ce6dc52ca5b6567b5556264b894]
https://0-checkpoint.thomsonreuters.com.olinkserver.kinepolis.fr [400] [GET] [text/html] [Invalid URL] [AkamaiGHost] [c63e46fa82d98c5374876cdfaf1d3dd2]
https://0-customimages.webofknowledge.com.biblio.kinepolis.fr [400] [GET] [text/html] [Invalid URL] [AkamaiGHost] [1a71222622a63bfa87483d714b71f06e]
https://0-customimages.webofknowledge.com.biblio.kinepolis.fr [400] [GET] [text/html] [Invalid URL] [AkamaiGHost] [f2649d96c33addd46f5d025341a21ae5]
https://0-d194ekacf8mn8t.cloudfront.net.skyline.kinepolis.fr [400] [GET] [text/html] [Invalid URL] [AkamaiGHost] [34893171b5d4eacc2058ca35497f4597]
https://0-d194ekacf8mn8t.cloudfront.net.skyline.kinepolis.fr [400] [GET] [text/html] [Invalid URL] [AkamaiGHost] [6469940b49d32c568205f3497973f656]
https://0-journalarchives.jisc.ac.uk.pugwash.lib.kinepolis.fr [400] [GET] [text/html] [Invalid URL] [AkamaiGHost] [2d12faf8f8a9d950ce1dd67fdee23090]
https://0-journalarchives.jisc.ac.uk.pugwash.lib.kinepolis.fr [400] [GET] [text/html] [Invalid URL] [AkamaiGHost] [559d06728d3f95649e3e13eb679d6ab8]
https://0-login.incites.thomsonreuters.com.wncln.kinepolis.fr [400] [GET] [text/html] [Invalid URL] [AkamaiGHost] [8e0195ae835b92e049f9a4597987f329]
https://0-login.incites.thomsonreuters.com.wncln.kinepolis.fr [400] [GET] [text/html] [Invalid URL] [AkamaiGHost] [adec6f39fdbd9c42223b35d0a0155206]
https://0-ulrichsweb.serialssolutions.com.iii-server.kinepolis.fr [400] [GET] [text/html] [Invalid URL] [AkamaiGHost] [bbf1753e57db0fe3c35af146b713d282]
https://0-ulrichsweb.serialssolutions.com.iii-server.kinepolis.fr [400] [GET] [text/html] [Invalid URL] [AkamaiGHost] [e99f20a9e6522d5a31c5a5ba42e69ff8]
https://0-ulrichsweb.serialssolutions.com.libraries.kinepolis.fr [400] [GET] [text/html] [Invalid URL] [AkamaiGHost] [2e680c4fe0efd3a748534f00b1ef8e34]
https://0-ulrichsweb.serialssolutions.com.libraries.kinepolis.fr [400] [GET] [text/html] [Invalid URL] [AkamaiGHost] [83ae2d00c6030950d4067c867aeef3d8]
https://0-wcs.webofknowledge.com.dewey2.library.kinepolis.fr [400] [GET] [text/html] [Invalid URL] [AkamaiGHost] [53ec2ecbf8b92a16df1c1342b6988c5b]
https://0-wcs.webofknowledge.com.dewey2.library.kinepolis.fr [400] [GET] [text/html] [Invalid URL] [AkamaiGHost] [c58f614a6e1e3512dbe61b1e64935724]
https://0-wellcomelibrary.on.worldcat.org.catalogue.kinepolis.fr [400] [GET] [text/html] [Invalid URL] [AkamaiGHost] [6b36681b89a57252886cfa0c630a500a]
https://0-wellcomelibrary.on.worldcat.org.catalogue.kinepolis.fr [400] [GET] [text/html] [Invalid URL] [AkamaiGHost] [9efa0fb90134bf30e0782328dcad916b]
https://0-www.lexisnexis.com.pacificatclassic.kinepolis.fr [400] [GET] [text/html] [Invalid URL] [AkamaiGHost] [20380f0150166fda783a586e23c0fa49]
https://0-www.lexisnexis.com.pacificatclassic.kinepolis.fr [400] [GET] [text/html] [Invalid URL] [AkamaiGHost] [ccd8e313f4a3ed437a02826a63be73c5]
https://0-www.ropercenter.uconn.edu.libraries.kinepolis.fr [400] [GET] [text/html] [Invalid URL] [AkamaiGHost] [84b43df9644d0d86d0aa40df8a82009c]
https://0-www.ropercenter.uconn.edu.libraries.kinepolis.fr [400] [GET] [text/html] [Invalid URL] [AkamaiGHost] [d9ea3e0232b8e88bbcac1d12fb6f8bf9]
https://0-www.sciencedirect.com.pacificatclassic.kinepolis.fr [400] [GET] [text/html] [Invalid URL] [AkamaiGHost] [5475ce702c7f705bbc1b7ccb43f68a14]
https://0-www.sciencedirect.com.pacificatclassic.kinepolis.fr [400] [GET] [text/html] [Invalid URL] [AkamaiGHost] [b64da163a82cf0a6c02934ee8d5c5842]
https://02.kinepolis.fr [400] [GET] [text/html] [Invalid URL] [AkamaiGHost] [b393aba210f51e1066d386af07d62c84]
https://02.kinepolis.fr [400] [GET] [text/html] [Invalid URL] [AkamaiGHost] [b7c88585b6545d58ec283a350f06bd77]
https://13.kinepolis.fr [400] [GET] [text/html] [Invalid URL] [AkamaiGHost] [5439ad2abe8779bf5053dbd46e7a00d7]
https://13.kinepolis.fr [400] [GET] [text/html] [Invalid URL] [AkamaiGHost] [89f09294816364b9ddd6b6c7d5bb1cda]
https://20www.kinepolis.fr [400] [GET] [text/html] [Invalid URL] [AkamaiGHost] [2f746c7d1ffd12cf008f0d8ca76e86e5]
https://20www.kinepolis.fr [400] [GET] [text/html] [Invalid URL] [AkamaiGHost] [4e26ddf0b81974f51251a969010d87b9]
https://8-1.kinepolis.fr [400] [GET] [text/html] [Invalid URL] [AkamaiGHost] [d536a9ce507119315c6f740f78843141]
https://8-1.kinepolis.fr [400] [GET] [text/html] [Invalid URL] [AkamaiGHost] [ebde1356a7354c8a4d84c5e8361fa298]
https://88.kinepolis.fr [400] [GET] [text/html] [Invalid URL] [AkamaiGHost] [396ae3c043cb6d432ca40a2f344ae0b7]
https://88.kinepolis.fr [400] [GET] [text/html] [Invalid URL] [AkamaiGHost] [a9ca9b306b920cf31a867d0fbaf6ad89]
https://a1.kinepolis.fr [400] [GET] [text/html] [Invalid URL] [AkamaiGHost] [08a2225c321a20a1d0362b104ab488b0]
https://a1.kinepolis.fr [400] [GET] [text/html] [Invalid URL] [AkamaiGHost] [8cba5f08b5ad1ef0ed96215eeb7b157f]
https://a1covid19.kinepolis.fr [400] [GET] [text/html] [Invalid URL] [AkamaiGHost] [530ac51823b2260bb5325261ae9df2e0]
https://a1covid19.kinepolis.fr [400] [GET] [text/html] [Invalid URL] [AkamaiGHost] [dd8be79a3deafc99b2cc18e4fae42d1d]
https://acceso.kinepolis.fr [400] [GET] [text/html] [Invalid URL] [AkamaiGHost] [8fdccdd147d4962e2160b593669936d6]
https://acceso.kinepolis.fr [400] [GET] [text/html] [Invalid URL] [AkamaiGHost] [f08ceb1ceca078c6db647dc38a0acbf0]
https://acceso6.kinepolis.fr [400] [GET] [text/html] [Invalid URL] [AkamaiGHost] [d626fd16e095c522f2385cc9bd202692]
https://acceso6.kinepolis.fr [400] [GET] [text/html] [Invalid URL] [AkamaiGHost] [fb433a03a11f01e7d67f33f4a60e927a]
https://accounts.google.com.mail.googlo.comselom.kinepolis.fr [400] [GET] [text/html] [Invalid URL] [AkamaiGHost] [2fb43e64c8b3d7b446348c4ea32b7ee1]
https://accounts.google.com.mail.googlo.comselom.kinepolis.fr [400] [GET] [text/html] [Invalid URL] [AkamaiGHost] [e5b373242e4599ceb4609efeb2b9d8cb]
https://adsl.kinepolis.fr [400] [GET] [text/html] [Invalid URL] [AkamaiGHost] [79881ce4fe0be67463f9c4c092eafd97]
https://adsl.kinepolis.fr [400] [GET] [text/html] [Invalid URL] [AkamaiGHost] [9f04204375359370c297111dfed71073]
https://alabama.kinepolis.fr [400] [GET] [text/html] [Invalid URL] [AkamaiGHost] [39e10eb950fdcde23d39f16f9a4f6428]
https://alabama.kinepolis.fr [400] [GET] [text/html] [Invalid URL] [AkamaiGHost] [95bec9c6878ba528dc845450596bcd7c]
https://anzeiger-news.com.kunden.ortsinfo.at.kunden.kinepolis.fr [400] [GET] [text/html] [Invalid URL] [AkamaiGHost] [43e2de722b0fc6eda7d657dde90b6379]
https://anzeiger-news.com.kunden.ortsinfo.at.kunden.kinepolis.fr [400] [GET] [text/html] [Invalid URL] [AkamaiGHost] [fe3a56a658b2877fcaea1479f5b0f4fc]
https://ar.kinepolis.fr [400] [GET] [text/html] [Invalid URL] [AkamaiGHost] [34be0851e75f7f7794da237b860af8e1]
https://ar.kinepolis.fr [400] [GET] [text/html] [Invalid URL] [AkamaiGHost] [aaaa56d5b2f2bea0e287960aca741c57]
https://asia.kinepolis.fr [400] [GET] [text/html] [Invalid URL] [AkamaiGHost] [40c5464367da58075bc611d4138f295c]
https://asia.kinepolis.fr [400] [GET] [text/html] [Invalid URL] [AkamaiGHost] [7a8a8ea9282ee8fe6c17fa07e2dce7f7]
https://assets-yammer-docker.com.office.cibcpoc.kinepolis.fr [400] [GET] [text/html] [Invalid URL] [AkamaiGHost] [5a26de115b19b0b65e445dfff99ca21f]
https://assets-yammer-docker.com.office.cibcpoc.kinepolis.fr [400] [GET] [text/html] [Invalid URL] [AkamaiGHost] [becd5d6eb6b10a1e1014952928724b1d]
https://assets-yammer-elasticbeanstalk.com.office.cibcpoc.kinepolis.fr [400] [GET] [text/html] [Invalid URL] [AkamaiGHost] [458770759e6b48b8644deca7211ca433]
https://assets-yammer-elasticbeanstalk.com.office.cibcpoc.kinepolis.fr [400] [GET] [text/html] [Invalid URL] [AkamaiGHost] [684f8c161ec172ba49aab7c748a47937]
https://assets-yammer-login.com.office.cibcpoc.kinepolis.fr [400] [GET] [text/html] [Invalid URL] [AkamaiGHost] [22dd2b652ad897d0f60d480bf5684da5]
https://assets-yammer-login.com.office.cibcpoc.kinepolis.fr [400] [GET] [text/html] [Invalid URL] [AkamaiGHost] [36c293345d317df817c2b8a6cfa8f89f]
https://assets-yammer.test.com.office.cibcpoc.kinepolis.fr [400] [GET] [text/html] [Invalid URL] [AkamaiGHost] [19d7022e86e271fab642f641608596ff]
https://assets-yammer.test.com.office.cibcpoc.kinepolis.fr [400] [GET] [text/html] [Invalid URL] [AkamaiGHost] [cc0c0932bc280159a4d089a435943d33]
https://avira-free-antivirus.ar.kinepolis.fr [400] [GET] [text/html] [Invalid URL] [AkamaiGHost] [457b2d816589cbddc28bce0ba16f80ff]
https://avira-free-antivirus.ar.kinepolis.fr [400] [GET] [text/html] [Invalid URL] [AkamaiGHost] [eac51efad1752e3214a11b5826996701]
https://bannervirus0316.kinepolis.fr [400] [GET] [text/html] [Invalid URL] [AkamaiGHost] [76391704811ad1572118ac0f6c0ff8b6]
https://bannervirus0316.kinepolis.fr [400] [GET] [text/html] [Invalid URL] [AkamaiGHost] [9cebe91ad374886dd308877e7813925c]
https://be.kinepolis.fr [400] [GET] [text/html] [Invalid URL] [AkamaiGHost] [9de6245e15230ccaa3c0bdb1ea4091dc]
https://be.kinepolis.fr [400] [GET] [text/html] [Invalid URL] [AkamaiGHost] [d26ade0d36c07c0eb7112694d79a5ae3]
https://blogmask.kinepolis.fr [400] [GET] [text/html] [Invalid URL] [AkamaiGHost] [a0042b2221b29748350a94a99be234ae]
https://blogmask.kinepolis.fr [400] [GET] [text/html] [Invalid URL] [AkamaiGHost] [eff3243f50d44eb3c500ee933e07e5af]
https://blogspot.centerpriseenrollment.kinepolis.fr [400] [GET] [text/html] [Invalid URL] [AkamaiGHost] [539f455e368d78c26355800b7f9bc820]
https://blogspot.centerpriseenrollment.kinepolis.fr [400] [GET] [text/html] [Invalid URL] [AkamaiGHost] [c4de82b2008f39bb0c4944ccbe827303]
https://bojena69.blogspot.centerpriseenrollment.kinepolis.fr [400] [GET] [text/html] [Invalid URL] [AkamaiGHost] [b83510f6ea17bf06a07417a2a6775b96]
https://bojena69.blogspot.centerpriseenrollment.kinepolis.fr [400] [GET] [text/html] [Invalid URL] [AkamaiGHost] [ee86b8794d6ad57fc29e985851984bb1]
https://bumetavoxww.kinepolis.fr [400] [GET] [text/html] [Invalid URL] [AkamaiGHost] [0071cc049f35de9b9c6e88ec2d824257]
https://bumetavoxww.kinepolis.fr [400] [GET] [text/html] [Invalid URL] [AkamaiGHost] [00fb1494120429c2c338f5ec8302904a]
https://business.kinepolis.fr [200] [GET] [text/html] [Réinventons le cinéma – business.kinepolis.fr] [] [vhost] [Google Tag Manager,MySQL,PHP,WordPress,wpBakery] [0b1784c91eb7d93400f91fc79c8025af]
https://channel.kinepolis.fr [400] [GET] [text/html] [Invalid URL] [AkamaiGHost] [054f9738b29cfa1172210535fd236b4b]
https://channel.kinepolis.fr [400] [GET] [text/html] [Invalid URL] [AkamaiGHost] [4ac8e26f701f2c778b8b8f89a80b9171]
https://commerceserver.kinepolis.fr [400] [GET] [text/html] [Invalid URL] [AkamaiGHost] [135ae33affddd5fad95bc8f3c83deafe]
https://commerceserver.kinepolis.fr [400] [GET] [text/html] [Invalid URL] [AkamaiGHost] [2a6e68af8c1299f620ea0be1938d1ced]
https://corona-trunk-development-manhattan-gq.kinepolis.fr [400] [GET] [text/html] [Invalid URL] [AkamaiGHost] [3e65a613268d140be8004408157648d9]
https://corona-trunk-development-manhattan-gq.kinepolis.fr [400] [GET] [text/html] [Invalid URL] [AkamaiGHost] [f0b0e43ab52f7bd70b81a40be0e50a18]
https://corona420.kinepolis.fr [400] [GET] [text/html] [Invalid URL] [AkamaiGHost] [1e0fb9b91af1f090fa9b421872a68eab]
https://corona420.kinepolis.fr [400] [GET] [text/html] [Invalid URL] [AkamaiGHost] [385e3e536e895db768a68f5e51e5947e]
https://coronakuamp.kinepolis.fr [400] [GET] [text/html] [Invalid URL] [AkamaiGHost] [6efb0d08421a4ab2bae55b401245168e]
https://coronakuamp.kinepolis.fr [400] [GET] [text/html] [Invalid URL] [AkamaiGHost] [872c4acf50df0729f82d1342d31335e5]
https://cust100.kinepolis.fr [400] [GET] [text/html] [Invalid URL] [AkamaiGHost] [23b7acc199d1112d9a54838bd68ab5a7]
https://cust100.kinepolis.fr [400] [GET] [text/html] [Invalid URL] [AkamaiGHost] [74906c4e91bb272cec51116ab1c1c7fe]
https://cust83.kinepolis.fr [400] [GET] [text/html] [Invalid URL] [AkamaiGHost] [63f439ba1275d0de833e744db514992b]
https://cust83.kinepolis.fr [400] [GET] [text/html] [Invalid URL] [AkamaiGHost] [9dcd6f2e81369e26f7bbcfcd802cf011]
https://cust84.kinepolis.fr [400] [GET] [text/html] [Invalid URL] [AkamaiGHost] [700e49fea3aacddc5cb39d69504f9a3a]
https://cust84.kinepolis.fr [400] [GET] [text/html] [Invalid URL] [AkamaiGHost] [e60ecba8d93bd4297c8447f9209b9508]
https://devcorona.kinepolis.fr [400] [GET] [text/html] [Invalid URL] [AkamaiGHost] [288ffaf6610350d1b47f1a26aa305859]
https://devcorona.kinepolis.fr [400] [GET] [text/html] [Invalid URL] [AkamaiGHost] [e35fb28c4ef342e72e083bfae3e01f0d]
https://distancelearnpre.kinepolis.fr [400] [GET] [text/html] [Invalid URL] [AkamaiGHost] [6c028ec4406ce7939e2cffa8e3f4f7d7]
https://distancelearnpre.kinepolis.fr [400] [GET] [text/html] [Invalid URL] [AkamaiGHost] [b74eeb05df4f3cc6bd7dc19ddfbbb210]
https://doesdefinatelynotexist.a.ebscohost.com.aupac.lib.kinepolis.fr [400] [GET] [text/html] [Invalid URL] [AkamaiGHost] [0751e48fa562fee93a2cf4ff77b4ea31]
https://doesdefinatelynotexist.a.ebscohost.com.aupac.lib.kinepolis.fr [400] [GET] [text/html] [Invalid URL] [AkamaiGHost] [7e5e58493fc1a3ea05c28d8915377915]
https://doesdefinatelynotexist.a.ebscohost.com.ezproxy.kinepolis.fr [400] [GET] [text/html] [Invalid URL] [AkamaiGHost] [5d6b991b68975a7c9485de111c1cd633]
https://doesdefinatelynotexist.a.ebscohost.com.ezproxy.kinepolis.fr [400] [GET] [text/html] [Invalid URL] [AkamaiGHost] [8104cb60eca6410af173ae8b80b3783c]
https://doesdefinatelynotexist.a.ebscohost.com.kinepolis.fr [400] [GET] [text/html] [Invalid URL] [AkamaiGHost] [10066c94005aaf3d40616ed6501b8ba6]
https://doesdefinatelynotexist.a.ebscohost.com.kinepolis.fr [400] [GET] [text/html] [Invalid URL] [AkamaiGHost] [539d2187a5dc3106110b5d8f95c05e7c]
https://doesdefinatelynotexist.b.ebscohost.com.alvin.kinepolis.fr [400] [GET] [text/html] [Invalid URL] [AkamaiGHost] [87dadb18eed57920fcfaefc91ce4504a]
https://doesdefinatelynotexist.b.ebscohost.com.alvin.kinepolis.fr [400] [GET] [text/html] [Invalid URL] [AkamaiGHost] [cccadd690f400bc83a9e5ceae60a89b9]
https://doesdefinatelynotexist.b.ebscohost.com.library.kinepolis.fr [400] [GET] [text/html] [Invalid URL] [AkamaiGHost] [66534bf568274a86854a27546299ac9a]
https://doesdefinatelynotexist.b.ebscohost.com.library.kinepolis.fr [400] [GET] [text/html] [Invalid URL] [AkamaiGHost] [b2550dc968057fa946467852741bd1fc]
https://doesdefinatelynotexist.b.ebscohost.com.oak.kinepolis.fr [400] [GET] [text/html] [Invalid URL] [AkamaiGHost] [01a0e4546208fc42ca26a6635b948f68]
https://doesdefinatelynotexist.b.ebscohost.com.oak.kinepolis.fr [400] [GET] [text/html] [Invalid URL] [AkamaiGHost] [ccfddf14d007f2313ea32d8478094572]
https://doesdefinatelynotexist.b.ebscohost.com.sultan.kinepolis.fr [400] [GET] [text/html] [Invalid URL] [AkamaiGHost] [7022168f963556de6154a3297150aedd]
https://doesdefinatelynotexist.b.ebscohost.com.sultan.kinepolis.fr [400] [GET] [text/html] [Invalid URL] [AkamaiGHost] [9d73c3d714b56eb5a64fca7572a23185]
https://doesdefinatelynotexist.biccamera.com.c.lj.hpcn.kinepolis.fr [400] [GET] [text/html] [Invalid URL] [AkamaiGHost] [78c93fb6ec8117f714ce0721eacec449]
https://doesdefinatelynotexist.biccamera.com.c.lj.hpcn.kinepolis.fr [400] [GET] [text/html] [Invalid URL] [AkamaiGHost] [d5b7944dbaac02a3e181f5cf229538db]
https://doesdefinatelynotexist.biccamera.com.k.lj.hp.kinepolis.fr [400] [GET] [text/html] [Invalid URL] [AkamaiGHost] [2e1d2ed71884a8e384c972d1064321fe]
https://doesdefinatelynotexist.biccamera.com.k.lj.hp.kinepolis.fr [400] [GET] [text/html] [Invalid URL] [AkamaiGHost] [3487bbee0632006ad3531c56e189d554]
https://doesdefinatelynotexist.biccamera.com.th.vi.hp.kinepolis.fr [400] [GET] [text/html] [Invalid URL] [AkamaiGHost] [88f185e76e8fc3ed45cca631fdd97422]
https://doesdefinatelynotexist.biccamera.com.th.vi.hp.kinepolis.fr [400] [GET] [text/html] [Invalid URL] [AkamaiGHost] [d428e8b161ea4ef0d17c38185388976a]
https://doesdefinatelynotexist.bioconductor.org.s3-website-us-east-1.kinepolis.fr [400] [GET] [text/html] [Invalid URL] [AkamaiGHost] [080e019454cd8c8aa0b31c12e7973a86]
https://doesdefinatelynotexist.bioconductor.org.s3-website-us-east-1.kinepolis.fr [400] [GET] [text/html] [Invalid URL] [AkamaiGHost] [853757d170bb5b8fd8c0250c7cd08104]
https://doesdefinatelynotexist.caltech.edu.s3-website-us-east-1.kinepolis.fr [400] [GET] [text/html] [Invalid URL] [AkamaiGHost] [223cb844348c23c0503f28de86b07b6a]
https://doesdefinatelynotexist.caltech.edu.s3-website-us-east-1.kinepolis.fr [400] [GET] [text/html] [Invalid URL] [AkamaiGHost] [33cced68ab31c2f3b1f9aae56bdcc435]
https://doesdefinatelynotexist.creative.blog.jp.kinepolis.fr [400] [GET] [text/html] [Invalid URL] [AkamaiGHost] [9e17e8cf06c86ab078afbe1221796d73]
https://doesdefinatelynotexist.creative.blog.jp.kinepolis.fr [400] [GET] [text/html] [Invalid URL] [AkamaiGHost] [f471d8be40f3a42d086e3e0265f82606]
https://doesdefinatelynotexist.ebscohost.com.alvin.kinepolis.fr [400] [GET] [text/html] [Invalid URL] [AkamaiGHost] [93857576e8614339a540ef64b2164cce]
https://doesdefinatelynotexist.ebscohost.com.alvin.kinepolis.fr [400] [GET] [text/html] [Invalid URL] [AkamaiGHost] [bc5e841ab9df1a303e5bf0a29368c1ee]
https://doesdefinatelynotexist.ebscohost.com.bdigitaluss.kinepolis.fr [400] [GET] [text/html] [Invalid URL] [AkamaiGHost] [61ae828b4cb9dbbcfc410458c262da26]
https://doesdefinatelynotexist.ebscohost.com.bdigitaluss.kinepolis.fr [400] [GET] [text/html] [Invalid URL] [AkamaiGHost] [7e5b150641aa5f7f33586b5d13da7d6b]
https://doesdefinatelynotexist.ebscohost.com.divit.library.kinepolis.fr [400] [GET] [text/html] [Invalid URL] [AkamaiGHost] [28269591621037c714689aa06c73ff88]
https://doesdefinatelynotexist.ebscohost.com.divit.library.kinepolis.fr [400] [GET] [text/html] [Invalid URL] [AkamaiGHost] [e3e2746791b837fcba3f543595270ada]
https://doesdefinatelynotexist.ebscohost.com.lib.kinepolis.fr [400] [GET] [text/html] [Invalid URL] [AkamaiGHost] [5e0a189d8641ec0512692e9fdb287233]
https://doesdefinatelynotexist.ebscohost.com.lib.kinepolis.fr [400] [GET] [text/html] [Invalid URL] [AkamaiGHost] [5e3a2ead162180fc6e831aeb996868af]
https://doesdefinatelynotexist.ebscohost.com.lib1000.kinepolis.fr [400] [GET] [text/html] [Invalid URL] [AkamaiGHost] [6772815ca8970211795a45c14ca9f534]
https://doesdefinatelynotexist.ebscohost.com.lib1000.kinepolis.fr [400] [GET] [text/html] [Invalid URL] [AkamaiGHost] [886904b52c0d252ac3d1efedb0102518]
https://doesdefinatelynotexist.ebscohost.com.libcat.kinepolis.fr [400] [GET] [text/html] [Invalid URL] [AkamaiGHost] [2d92982399c7189ec44864157ec0e0b1]
https://doesdefinatelynotexist.ebscohost.com.libcat.kinepolis.fr [400] [GET] [text/html] [Invalid URL] [AkamaiGHost] [6c4b4f477ea7589788edf56d03c49603]
https://doesdefinatelynotexist.ebscohost.com.oak.kinepolis.fr [400] [GET] [text/html] [Invalid URL] [AkamaiGHost] [68ab8f4c793e6e21a1c9b8684c6fa955]
https://doesdefinatelynotexist.ebscohost.com.oak.kinepolis.fr [400] [GET] [text/html] [Invalid URL] [AkamaiGHost] [84e4d50578324c107d34bc95e6b396fb]
https://doesdefinatelynotexist.ebscohost.com.wam.kinepolis.fr [400] [GET] [text/html] [Invalid URL] [AkamaiGHost] [11ad2d713cc6858bfad4475ac36dc7a5]
https://doesdefinatelynotexist.ebscohost.com.wam.kinepolis.fr [400] [GET] [text/html] [Invalid URL] [AkamaiGHost] [ada456f27c3c9755e8156176225cc3ec]
https://doesdefinatelynotexist.elecom.co.jp.e.gj.hp.kinepolis.fr [400] [GET] [text/html] [Invalid URL] [AkamaiGHost] [711dca6ed0a49a1e4aeb878523efa9ae]
https://doesdefinatelynotexist.elecom.co.jp.e.gj.hp.kinepolis.fr [400] [GET] [text/html] [Invalid URL] [AkamaiGHost] [d8c50c951f2a987f3b56ee947c51118a]
https://doesdefinatelynotexist.eventd.wild941.cbslocal.com.kinepolis.fr [400] [GET] [text/html] [Invalid URL] [AkamaiGHost] [74d632a03050244bf425c0e3aee47e1a]
https://doesdefinatelynotexist.eventd.wild941.cbslocal.com.kinepolis.fr [400] [GET] [text/html] [Invalid URL] [AkamaiGHost] [e454f125c7a5ad1b6d960fa949760466]
https://doesdefinatelynotexist.fotor.com.s3-website-us-east-1.kinepolis.fr [400] [GET] [text/html] [Invalid URL] [AkamaiGHost] [ae142f67dcdd40486532631f8a3f7b1e]
https://doesdefinatelynotexist.fotor.com.s3-website-us-east-1.kinepolis.fr [400] [GET] [text/html] [Invalid URL] [AkamaiGHost] [dc04fecc79cc30ffb51c3db5c58a9b57]
https://doesdefinatelynotexist.fotor.com.s3-website-us-west-2.kinepolis.fr [400] [GET] [text/html] [Invalid URL] [AkamaiGHost] [4c04031b58cf56e8b443b8400f803ecf]
https://doesdefinatelynotexist.fotor.com.s3-website-us-west-2.kinepolis.fr [400] [GET] [text/html] [Invalid URL] [AkamaiGHost] [a53c9f0ea99ff7839f630a2e93e655fe]
https://doesdefinatelynotexist.ieee.org.egateway.kinepolis.fr [400] [GET] [text/html] [Invalid URL] [AkamaiGHost] [1ebf90e3da6e7445dbdf85c219221d50]
https://doesdefinatelynotexist.ieee.org.egateway.kinepolis.fr [400] [GET] [text/html] [Invalid URL] [AkamaiGHost] [5eb63ed31ca1b554cd2489b9dacb0cdb]
https://doesdefinatelynotexist.iimcal.ac.in.iimcal.kinepolis.fr [400] [GET] [text/html] [Invalid URL] [AkamaiGHost] [4b181faa321a75d19f970a2236433cb7]
https://doesdefinatelynotexist.iimcal.ac.in.iimcal.kinepolis.fr [400] [GET] [text/html] [Invalid URL] [AkamaiGHost] [e91bf7d8bdc0a26c6951592389cfd065]
https://doesdefinatelynotexist.jstor.org.oca.rizal.library.kinepolis.fr [400] [GET] [text/html] [Invalid URL] [AkamaiGHost] [1b6d7b074bd241739ffb9a0e59b57654]
https://doesdefinatelynotexist.jstor.org.oca.rizal.library.kinepolis.fr [400] [GET] [text/html] [Invalid URL] [AkamaiGHost] [f9838aff56ce1b0caf4f1892236b1920]
https://doesdefinatelynotexist.jstor.org.rgnul.kinepolis.fr [400] [GET] [text/html] [Invalid URL] [AkamaiGHost] [02f7597440eb0fe0736f73d61bc54cc5]
https://doesdefinatelynotexist.jstor.org.rgnul.kinepolis.fr [400] [GET] [text/html] [Invalid URL] [AkamaiGHost] [663eada7bdb2662cbde16934947f5281]
https://doesdefinatelynotexist.listas.postgresql.org.kinepolis.fr [400] [GET] [text/html] [Invalid URL] [AkamaiGHost] [612f0fa8900862bb109c109fb37e4347]
https://doesdefinatelynotexist.listas.postgresql.org.kinepolis.fr [400] [GET] [text/html] [Invalid URL] [AkamaiGHost] [89bc365c8c8ffda7fc424861006935c5]
https://doesdefinatelynotexist.maharashtra.gov.in.kinepolis.fr [400] [GET] [text/html] [Invalid URL] [AkamaiGHost] [4d47dc18711d7571488203b50b5e88c4]
https://doesdefinatelynotexist.maharashtra.gov.in.kinepolis.fr [400] [GET] [text/html] [Invalid URL] [AkamaiGHost] [9b0d3b97205f8f19d59bcc8b5a7a5881]
https://doesdefinatelynotexist.orisaifa.blogspot.com.kinepolis.fr [400] [GET] [text/html] [Invalid URL] [AkamaiGHost] [90229eab3282a070b8412a763f854284]
https://doesdefinatelynotexist.orisaifa.blogspot.com.kinepolis.fr [400] [GET] [text/html] [Invalid URL] [AkamaiGHost] [cae082fa9d55ea0afccc42462ad87fb6]
https://doesdefinatelynotexist.qingcaodizhi.at.gmail.com.kinepolis.fr [400] [GET] [text/html] [Invalid URL] [AkamaiGHost] [607b4036e6f5475fdcad18b059ee0b3d]
https://doesdefinatelynotexist.qingcaodizhi.at.gmail.com.kinepolis.fr [400] [GET] [text/html] [Invalid URL] [AkamaiGHost] [7f416fe255b140e617fe56f0e5f185a7]
https://doesdefinatelynotexist.rajasthan.gov.in.kinepolis.fr [400] [GET] [text/html] [Invalid URL] [AkamaiGHost] [7849415ce0a2bd6a865483dc38f84959]
https://doesdefinatelynotexist.rajasthan.gov.in.kinepolis.fr [400] [GET] [text/html] [Invalid URL] [AkamaiGHost] [819dd32c08b91c838f0c60d472b41fa8]
https://doesdefinatelynotexist.sagepub.com.oca.rizal.library.kinepolis.fr [400] [GET] [text/html] [Invalid URL] [AkamaiGHost] [26513c0a457f31ba7da186c0430b87b0]
https://doesdefinatelynotexist.sagepub.com.oca.rizal.library.kinepolis.fr [400] [GET] [text/html] [Invalid URL] [AkamaiGHost] [5c87c5ad262b52ec2aa417c96ee19061]
https://doesdefinatelynotexist.sciencedirect.com.ditlib.kinepolis.fr [400] [GET] [text/html] [Invalid URL] [AkamaiGHost] [4e78fd29b7e65e55db92e92044d1277a]
https://doesdefinatelynotexist.sciencedirect.com.ditlib.kinepolis.fr [400] [GET] [text/html] [Invalid URL] [AkamaiGHost] [71605651e55b74e4761dc5dae7a82916]
https://doesdefinatelynotexist.sciencedirect.com.egateway.kinepolis.fr [400] [GET] [text/html] [Invalid URL] [AkamaiGHost] [300eb0f06a7c5fb162502f625d2c1d2c]
https://doesdefinatelynotexist.sciencedirect.com.egateway.kinepolis.fr [400] [GET] [text/html] [Invalid URL] [AkamaiGHost] [d893475640614e11a540bbf0f4776282]
https://doesdefinatelynotexist.sciencedirect.com.kinepolis.fr [400] [GET] [text/html] [Invalid URL] [AkamaiGHost] [083ae0dd4ff382fa544edeeeada8a517]
https://doesdefinatelynotexist.sciencedirect.com.kinepolis.fr [400] [GET] [text/html] [Invalid URL] [AkamaiGHost] [377644276472c394aefae4a1458c58df]
https://doesdefinatelynotexist.sciencedirect.com.millenium.kinepolis.fr [400] [GET] [text/html] [Invalid URL] [AkamaiGHost] [54154bb99f2523eb1117507f7d6830b0]
https://doesdefinatelynotexist.sciencedirect.com.millenium.kinepolis.fr [400] [GET] [text/html] [Invalid URL] [AkamaiGHost] [5f5e231073f23f8ab56b32fa3704e535]
https://doesdefinatelynotexist.scopus.com.millenium.kinepolis.fr [400] [GET] [text/html] [Invalid URL] [AkamaiGHost] [7c2d53acdf383359ba96188d89c0dd99]
https://doesdefinatelynotexist.scopus.com.millenium.kinepolis.fr [400] [GET] [text/html] [Invalid URL] [AkamaiGHost] [b49d7300d4cdf98218404d3a660a91db]
https://doesdefinatelynotexist.search.serialssolutions.com.iimb.kinepolis.fr [400] [GET] [text/html] [Invalid URL] [AkamaiGHost] [21cb9c4fde9863b417be69d22cc4f61f]
https://doesdefinatelynotexist.search.serialssolutions.com.iimb.kinepolis.fr [400] [GET] [text/html] [Invalid URL] [AkamaiGHost] [248057b7448b4dab518148aa8f77a6d7]
https://doesdefinatelynotexist.search.serialssolutions.com.uma.kinepolis.fr [400] [GET] [text/html] [Invalid URL] [AkamaiGHost] [0e2dbf7cbdef9ecb56d83eeab467fb76]
https://doesdefinatelynotexist.search.serialssolutions.com.uma.kinepolis.fr [400] [GET] [text/html] [Invalid URL] [AkamaiGHost] [61ed16ea0b65001bb8b5bb417f4e1085]
https://doesdefinatelynotexist.summon.serialssolutions.com.millenium.kinepolis.fr [400] [GET] [text/html] [Invalid URL] [AkamaiGHost] [87b33498418b2ac476970dd4bdb5ecb3]
https://doesdefinatelynotexist.summon.serialssolutions.com.millenium.kinepolis.fr [400] [GET] [text/html] [Invalid URL] [AkamaiGHost] [8ed903354d3d35f8c2da248be2613189]
https://doesdefinatelynotexist.techtudo.com.br.kinepolis.fr [400] [GET] [text/html] [Invalid URL] [AkamaiGHost] [4fa55c64cdc25873669e0f07ba121c0f]
https://doesdefinatelynotexist.techtudo.com.br.kinepolis.fr [400] [GET] [text/html] [Invalid URL] [AkamaiGHost] [9e520cb0cffdde417393f27410d9f131]
https://doesdefinatelynotexist.teletalk.com.bd.kinepolis.fr [400] [GET] [text/html] [Invalid URL] [AkamaiGHost] [7df1500c9f79be3e23d9cacf169b507b]
https://doesdefinatelynotexist.teletalk.com.bd.kinepolis.fr [400] [GET] [text/html] [Invalid URL] [AkamaiGHost] [fe7d6d62e2860847e24d9c985e386647]
https://doesdefinatelynotexist.tepco.co.jp.cache.kinepolis.fr [400] [GET] [text/html] [Invalid URL] [AkamaiGHost] [4a93e0b5bdabc7713ae3b8d1067c9cc8]
https://doesdefinatelynotexist.tepco.co.jp.cache.kinepolis.fr [400] [GET] [text/html] [Invalid URL] [AkamaiGHost] [ff637266e07c93f3a72f9d6bc4ebed97]
https://doesdefinatelynotexist.tescobank.com.s3-website-eu-west-1.kinepolis.fr [400] [GET] [text/html] [Invalid URL] [AkamaiGHost] [6fafb39c8e18b224d2e14bd9c36916fd]
https://doesdefinatelynotexist.tescobank.com.s3-website-eu-west-1.kinepolis.fr [400] [GET] [text/html] [Invalid URL] [AkamaiGHost] [cc6432c7bc4feea21048397cc3066ac7]
https://doesdefinatelynotexist.v2dizhi.at.gmail.com.kinepolis.fr [400] [GET] [text/html] [Invalid URL] [AkamaiGHost] [8bc8e42d31efb54f55833b5d04795f0a]
https://doesdefinatelynotexist.v2dizhi.at.gmail.com.kinepolis.fr [400] [GET] [text/html] [Invalid URL] [AkamaiGHost] [fad5378e63df3a8cb466947213b3982c]
https://doesdefinatelynotexist.webofknowledge.com.acces.bibl.kinepolis.fr [400] [GET] [text/html] [Invalid URL] [AkamaiGHost] [4c1d2d5c61d26a93757e964a2ebacfbc]
https://doesdefinatelynotexist.webofknowledge.com.acces.bibl.kinepolis.fr [400] [GET] [text/html] [Invalid URL] [AkamaiGHost] [898b4f4743c41cbd733c994b4c0f559d]
https://doesdefinatelynotexist.www.google.com.kinepolis.fr [400] [GET] [text/html] [Invalid URL] [AkamaiGHost] [1904193219ecae6b87761264b7c89628]
https://doesdefinatelynotexist.www.google.com.kinepolis.fr [400] [GET] [text/html] [Invalid URL] [AkamaiGHost] [a59868c6ce105eeb17a9c8b7a697d792]
https://doesdefinatelynotexist.www.seahawks.com.s3.kinepolis.fr [400] [GET] [text/html] [Invalid URL] [AkamaiGHost] [3711cc80f040993032d254707664baa3]
https://doesdefinatelynotexist.www.seahawks.com.s3.kinepolis.fr [400] [GET] [text/html] [Invalid URL] [AkamaiGHost] [c7b41c7fb4fe506055171f6f699e1f6a]
https://email1-quarantine.kinepolis.fr [400] [GET] [text/html] [Invalid URL] [AkamaiGHost] [67ee0cb7e2243fc6461f05137bc07279]
https://email1-quarantine.kinepolis.fr [400] [GET] [text/html] [Invalid URL] [AkamaiGHost] [8aa385152eafc701cbc4cf7ad3a98845]
https://enterpriseenrollment.kinepolis.fr [302] [GET] [] [] [Microsoft-IIS/10.0] [azure] [IIS,Microsoft ASP.NET,Windows Server] [d41d8cd98f00b204e9800998ecf8427e]
https://error.incites.thomsonreuters.com.ezproxy.kinepolis.fr [400] [GET] [text/html] [Invalid URL] [AkamaiGHost] [b1f4044658b33fce2238d9f188d9bd1b]
https://error.incites.thomsonreuters.com.ezproxy.kinepolis.fr [400] [GET] [text/html] [Invalid URL] [AkamaiGHost] [f0ddce6c92b3650ac87512db6e7b0332]
https://error.incites.thomsonreuters.com.lib-ezproxy.library.kinepolis.fr [400] [GET] [text/html] [Invalid URL] [AkamaiGHost] [611d2b14939b424578e2dc474c4de278]
https://error.incites.thomsonreuters.com.lib-ezproxy.library.kinepolis.fr [400] [GET] [text/html] [Invalid URL] [AkamaiGHost] [b59f0f65a26247c2fc4ef44c51a842c8]
https://facebook.com.security-checkpoint-global-do.kinepolis.fr [400] [GET] [text/html] [Invalid URL] [AkamaiGHost] [93f1e66d69cd76e729d8684015fee272]
https://facebook.com.security-checkpoint-global-do.kinepolis.fr [400] [GET] [text/html] [Invalid URL] [AkamaiGHost] [d06619dd0295550244a6951bef238397]
https://forum.kinepolis.fr [400] [GET] [text/html] [Invalid URL] [AkamaiGHost] [51cee54ab0e2514ed5bcc14ada9f74a5]
https://forum.kinepolis.fr [400] [GET] [text/html] [Invalid URL] [AkamaiGHost] [e2474464ca5c32b075c2ccdad1d52421]
https://gd.kinepolis.fr [400] [GET] [text/html] [Invalid URL] [AkamaiGHost] [9ffab912b63bd7b83a70956305e26147]
https://gd.kinepolis.fr [400] [GET] [text/html] [Invalid URL] [AkamaiGHost] [c4e640ad8e267ccfb316156e538e6bca]
https://gemaskop.kinepolis.fr [400] [GET] [text/html] [Invalid URL] [AkamaiGHost] [69246f0276cbcc79f43179a0513277ed]
https://gemaskop.kinepolis.fr [400] [GET] [text/html] [Invalid URL] [AkamaiGHost] [7c1aeb4312edee66067987454f895b5e]
https://gwscovidien.kinepolis.fr [400] [GET] [text/html] [Invalid URL] [AkamaiGHost] [84a2061a60d57d6f286945f2fd063308]
https://gwscovidien.kinepolis.fr [400] [GET] [text/html] [Invalid URL] [AkamaiGHost] [9713b32e54a08061b240b3c939ce098b]
https://h-s.jcr.incites.thomsonreuters.com.niit.kinepolis.fr [400] [GET] [text/html] [Invalid URL] [AkamaiGHost] [2d8e5eca1f3031c915e627e5d868fd48]
https://h-s.jcr.incites.thomsonreuters.com.niit.kinepolis.fr [400] [GET] [text/html] [Invalid URL] [AkamaiGHost] [92b72c394e02f5026ce2daacfa6da807]
https://hc1covid19.kinepolis.fr [400] [GET] [text/html] [Invalid URL] [AkamaiGHost] [d22547a4b53a15c2f633bbf24bb9ab92]
https://hc1covid19.kinepolis.fr [400] [GET] [text/html] [Invalid URL] [AkamaiGHost] [fb0fe460d203b846d764f37178472431]
https://houstin.kinepolis.fr [400] [GET] [text/html] [Invalid URL] [AkamaiGHost] [39e650d9aafa70347c8d6c4f14a43ea5]
https://houstin.kinepolis.fr [400] [GET] [text/html] [Invalid URL] [AkamaiGHost] [a866f36c3d3b3ac410f2cc2aa526c57c]
https://insight-fm.kinepolis.fr [400] [GET] [text/html] [Invalid URL] [AkamaiGHost] [6ef7b5b038e234f9fb8f7ed965b348e1]
https://insight-fm.kinepolis.fr [400] [GET] [text/html] [Invalid URL] [AkamaiGHost] [b40d46d5141d96a78a4b40166e47f898]
https://intern.kinepolis.fr [400] [GET] [text/html] [Invalid URL] [AkamaiGHost] [016f019118f604c2ab1c18a08edf6fa1]
https://intern.kinepolis.fr [400] [GET] [text/html] [Invalid URL] [AkamaiGHost] [58923b26967c9468132871e880a821cd]
https://iowrb-www420.kinepolis.fr [400] [GET] [text/html] [Invalid URL] [AkamaiGHost] [4de00eb754745dca5aff6c97ac1e0966]
https://iowrb-www420.kinepolis.fr [400] [GET] [text/html] [Invalid URL] [AkamaiGHost] [f5bfc8b688af1c775de0fc90a551207c]
https://kortmaskin.kinepolis.fr [400] [GET] [text/html] [Invalid URL] [AkamaiGHost] [09a719707f278e71e3a439358ecc3261]
https://kortmaskin.kinepolis.fr [400] [GET] [text/html] [Invalid URL] [AkamaiGHost] [469b7170d914b0d00a5cd08894215ab0]
https://lannuaire.service-public.fr.qualif.ext.kinepolis.fr [400] [GET] [text/html] [Invalid URL] [AkamaiGHost] [133a943d2dab9496259de555c2b4cb35]
https://lannuaire.service-public.fr.qualif.ext.kinepolis.fr [400] [GET] [text/html] [Invalid URL] [AkamaiGHost] [190980fc90ce75bfd1455806c1689cb3]
https://lc.kinepolis.fr [400] [GET] [text/html] [Invalid URL] [AkamaiGHost] [1555b857eabb22d9b2876ca27133d9c9]
https://lc.kinepolis.fr [400] [GET] [text/html] [Invalid URL] [AkamaiGHost] [40a9b9319410e20743479b6b859ff3a4]
https://lecomarquage.service-public.fr.qualif.ext.kinepolis.fr [400] [GET] [text/html] [Invalid URL] [AkamaiGHost] [26b8fd5ef9831fcb15e335235f9d3bd5]
https://lecomarquage.service-public.fr.qualif.ext.kinepolis.fr [400] [GET] [text/html] [Invalid URL] [AkamaiGHost] [efb23ee78460f5e3c0fa5be095ea2a14]
https://login-travelrewards.capitalone.com.test.kinepolis.fr [400] [GET] [text/html] [Invalid URL] [AkamaiGHost] [aef59d79ee0e4c00977a320bf97776cb]
https://login-travelrewards.capitalone.com.test.kinepolis.fr [400] [GET] [text/html] [Invalid URL] [AkamaiGHost] [f862cea86d8d85a63c600fa99fb182f4]
https://login.com-apple-updata-account-informations.kinepolis.fr [400] [GET] [text/html] [Invalid URL] [AkamaiGHost] [c3e3d09b200ff7ffee514b0a3b84d61e]
https://login.com-apple-updata-account-informations.kinepolis.fr [400] [GET] [text/html] [Invalid URL] [AkamaiGHost] [e502dbf7932673d342a370ca7d2cc06b]
https://lyncdiscover.kinepolis.fr [404] [GET] [application/json] [] [] [vhost] [373397b4ebf514ea3578818e90f5f9b6]
https://macintosh.kinepolis.fr [400] [GET] [text/html] [Invalid URL] [AkamaiGHost] [7e70147e69d0ef6c7d646ae4df44ea68]
https://macintosh.kinepolis.fr [400] [GET] [text/html] [Invalid URL] [AkamaiGHost] [c7efbdf256bbf89f133a1ba0af6310a9]
https://mamaskram.kinepolis.fr [400] [GET] [text/html] [Invalid URL] [AkamaiGHost] [e6286bb0849f6cabba895ae0e1e9ff03]
https://mamaskram.kinepolis.fr [400] [GET] [text/html] [Invalid URL] [AkamaiGHost] [e70296a960cc2a111fc6d5ee770e7ee5]
https://mamasku.kinepolis.fr [400] [GET] [text/html] [Invalid URL] [AkamaiGHost] [9d1a19fe915aef3e03a39a7b4b250274]
https://mamasku.kinepolis.fr [400] [GET] [text/html] [Invalid URL] [AkamaiGHost] [c4dbf56f901c222767776d80f4f9a753]
https://marketintelligence.lexisnexis.com.ezproxy.kinepolis.fr [400] [GET] [text/html] [Invalid URL] [AkamaiGHost] [18632cddd759202d72d73b140c5abdca]
https://marketintelligence.lexisnexis.com.ezproxy.kinepolis.fr [400] [GET] [text/html] [Invalid URL] [AkamaiGHost] [ce42936714bcd5b1ad83103417dbd0e2]
https://mascara1865.kinepolis.fr [400] [GET] [text/html] [Invalid URL] [AkamaiGHost] [5677283767e1136d8229269eaaa7c5a0]
https://mascara1865.kinepolis.fr [400] [GET] [text/html] [Invalid URL] [AkamaiGHost] [a047b2e6690258da24134a218591e714]
https://maschera.kinepolis.fr [400] [GET] [text/html] [Invalid URL] [AkamaiGHost] [3ada648424a738f23859b444d57e786e]
https://maschera.kinepolis.fr [400] [GET] [text/html] [Invalid URL] [AkamaiGHost] [ec7ab35d67e6077daed12831479e1103]
https://maskan.kinepolis.fr [400] [GET] [text/html] [Invalid URL] [AkamaiGHost] [383cc823c81ec6c407ac39f72fe61ece]
https://maskan.kinepolis.fr [400] [GET] [text/html] [Invalid URL] [AkamaiGHost] [b1281d1fb8ba7013e5c8e9135350220d]
https://maskargo.kinepolis.fr [400] [GET] [text/html] [Invalid URL] [AkamaiGHost] [7d1de487c752716367268dd4ee3216f6]
https://maskargo.kinepolis.fr [400] [GET] [text/html] [Invalid URL] [AkamaiGHost] [9e8d4b56002d5bd11817570bf462005c]
https://maskedqueen.kinepolis.fr [400] [GET] [text/html] [Invalid URL] [AkamaiGHost] [46c2126d653314f1b09ae813adf84649]
https://maskedqueen.kinepolis.fr [400] [GET] [text/html] [Invalid URL] [AkamaiGHost] [738621768f622b11e321fc6138881c04]
https://maskot41ikitellit41.kinepolis.fr [400] [GET] [text/html] [Invalid URL] [AkamaiGHost] [15a6e7bc8751bbe285ca7aeca0964e38]
https://maskot41ikitellit41.kinepolis.fr [400] [GET] [text/html] [Invalid URL] [AkamaiGHost] [a43ee8bb835653d8b8e454452577288c]
https://maskurblog.kinepolis.fr [400] [GET] [text/html] [Invalid URL] [AkamaiGHost] [10adf3752fedf2f87d35a3b27441ac58]
https://maskurblog.kinepolis.fr [400] [GET] [text/html] [Invalid URL] [AkamaiGHost] [acc5e23419c6ed905a9fa085d0115736]
https://maskxapas02.kinepolis.fr [400] [GET] [text/html] [Invalid URL] [AkamaiGHost] [3828518fc931480dd6fda550318709b6]
https://maskxapas02.kinepolis.fr [400] [GET] [text/html] [Invalid URL] [AkamaiGHost] [c0346c0b6c5f2ee24addf390e3de17d1]
https://mcafeequarantine.kinepolis.fr [400] [GET] [text/html] [Invalid URL] [AkamaiGHost] [1dd0a80010ebf6810d676e756fb95b3f]
https://mcafeequarantine.kinepolis.fr [400] [GET] [text/html] [Invalid URL] [AkamaiGHost] [31f0c291feae32c2956e8fa462159cd4]
https://meine.immowelt.de.0-558.meineimmowelt.kinepolis.fr [400] [GET] [text/html] [Invalid URL] [AkamaiGHost] [1990232e7a9339ec5c2b341d05edc35c]
https://meine.immowelt.de.0-558.meineimmowelt.kinepolis.fr [400] [GET] [text/html] [Invalid URL] [AkamaiGHost] [75c671e07135f599b5cb3510065f2b0f]
https://mobilvirus0316.kinepolis.fr [400] [GET] [text/html] [Invalid URL] [AkamaiGHost] [023a498cb79f7aeafd68571ac5aea0cb]
https://mobilvirus0316.kinepolis.fr [400] [GET] [text/html] [Invalid URL] [AkamaiGHost] [15ebd5170d998def03abf63f933afe22]
https://mrtg.kinepolis.fr [400] [GET] [text/html] [Invalid URL] [AkamaiGHost] [9ba9566d9eb9e6c5efab99bcd0995929]
https://mrtg.kinepolis.fr [400] [GET] [text/html] [Invalid URL] [AkamaiGHost] [afd6be798a5ab076422b1eb1b6ff9add]
https://msoid.kinepolis.fr [302] [GET] [text/html] [Object moved] [] [vhost] [azure] [67dc47621d0dca9dc8d849ee26494c3b]
https://mw.musikhochschule-muenchen.de.devweb.kinepolis.fr [400] [GET] [text/html] [Invalid URL] [AkamaiGHost] [32270cc5e7898b01b1a2475e56fcac16]
https://mw.musikhochschule-muenchen.de.devweb.kinepolis.fr [400] [GET] [text/html] [Invalid URL] [AkamaiGHost] [c49e27d947b19544cdbad496d634a57a]
https://myaccount.com-webapps.mpp.denx3f19b6a4a40d5c.6abec026.kinepolis.fr [400] [GET] [text/html] [Invalid URL] [AkamaiGHost] [0ec2ae2ade33543ab51b91e2de93ae4f]
https://myaccount.com-webapps.mpp.denx3f19b6a4a40d5c.6abec026.kinepolis.fr [400] [GET] [text/html] [Invalid URL] [AkamaiGHost] [d6ec3c20526947c0c515105aabd0121e]
https://mysql.kinepolis.fr [400] [GET] [text/html] [Invalid URL] [AkamaiGHost] [1787d7c47af58553730e276bd5350746]
https://mysql.kinepolis.fr [400] [GET] [text/html] [Invalid URL] [AkamaiGHost] [44286130acbe72f55033c01e0dcef41a]
https://ns6.kinepolis.fr [400] [GET] [text/html] [Invalid URL] [AkamaiGHost] [12158cdece7d7ed3373eebcd9796faa5]
https://ns6.kinepolis.fr [400] [GET] [text/html] [Invalid URL] [AkamaiGHost] [60f850509771fa8c23d8f59fde210816]
https://officeapps.live.com.office.cardinalhealth.kinepolis.fr [400] [GET] [text/html] [Invalid URL] [AkamaiGHost] [6c58d0aced36afea082fbf5120e22e0f]
https://officeapps.live.com.office.cardinalhealth.kinepolis.fr [400] [GET] [text/html] [Invalid URL] [AkamaiGHost] [83b2e220d66027efad8716c04bc49c39]
https://onlineweb.kinepolis.fr [400] [GET] [text/html] [Invalid URL] [AkamaiGHost] [9fff1dc5bd205a69263663dc594fafb2]
https://onlineweb.kinepolis.fr [400] [GET] [text/html] [Invalid URL] [AkamaiGHost] [de3ca486e427247b4935deaaa4a81992]
https://pager.kinepolis.fr [400] [GET] [text/html] [Invalid URL] [AkamaiGHost] [3a69a8f0ed689658d1a9e666bed918a9]
https://pager.kinepolis.fr [400] [GET] [text/html] [Invalid URL] [AkamaiGHost] [ca1c0dcae7892c49875a702b16ac883f]
https://pandemie.kinepolis.fr [400] [GET] [text/html] [Invalid URL] [AkamaiGHost] [64bf16d67cd42e5a5b8cda0ce478a070]
https://pandemie.kinepolis.fr [400] [GET] [text/html] [Invalid URL] [AkamaiGHost] [d0467a269c61bb71c9e27a6cebb6a4b4]
https://particuliers.clients.mabanque.bnpparibas.para.kinepolis.fr [400] [GET] [text/html] [Invalid URL] [AkamaiGHost] [f025ae53129b44af16a4fbd77f68ddec]
https://particuliers.clients.mabanque.bnpparibas.para.kinepolis.fr [400] [GET] [text/html] [Invalid URL] [AkamaiGHost] [f3362bb535575a2492e298405b18a046]
https://paypal.com.services-account-update-billing.kinepolis.fr [400] [GET] [text/html] [Invalid URL] [AkamaiGHost] [0ea9625ea1444d5ffdd8be9777502bc6]
https://paypal.com.services-account-update-billing.kinepolis.fr [400] [GET] [text/html] [Invalid URL] [AkamaiGHost] [18b35ad00e0f1f4e46759c68c720e047]
https://pc1.kinepolis.fr [400] [GET] [text/html] [Invalid URL] [AkamaiGHost] [3853423264679f99acd96048e5878d57]
https://pc1.kinepolis.fr [400] [GET] [text/html] [Invalid URL] [AkamaiGHost] [a07e6bf243281c93f97fe30a95c2b54e]
https://ppp16.kinepolis.fr [400] [GET] [text/html] [Invalid URL] [AkamaiGHost] [446721ae25642d15186efc1b26270ed6]
https://ppp16.kinepolis.fr [400] [GET] [text/html] [Invalid URL] [AkamaiGHost] [d2568afb591e059e2dc7ba016d4cee1e]
https://ppp5.kinepolis.fr [400] [GET] [text/html] [Invalid URL] [AkamaiGHost] [8ed8c18cd75ff6809afb96206988a07e]
https://ppp5.kinepolis.fr [400] [GET] [text/html] [Invalid URL] [AkamaiGHost] [c0caac1c4abf898cccb0f774ee57b5e4]
https://prive.kinepolis.fr [403] [GET] [text/html] [Access Denied] [] [vhost] [60b532e5e7d6c5feea7f58bcf7a680e4]
https://prive.kinepolis.fr [403] [GET] [text/html] [Access Denied] [] [vhost] [7b7da04fea437ca74b65dcd96886ed93]
https://privetickets.kinepolis.fr [403] [GET] [text/html] [Access Denied] [] [vhost] [e58d265ba4710bbb1633d874abb8526d]
https://privetickets.kinepolis.fr [403] [GET] [text/html] [Access Denied] [] [vhost] [f5e7269ef638eb8b4663997bbe0a761a]
https://profiles.google.com.ezproxy.bibliothek.kinepolis.fr [400] [GET] [text/html] [Invalid URL] [AkamaiGHost] [e58b409074e811c21981cee9303f52c6]
https://profiles.google.com.ezproxy.bibliothek.kinepolis.fr [400] [GET] [text/html] [Invalid URL] [AkamaiGHost] [ea88c52cc562e8a0da2768390066c379]
https://qotd2.kinepolis.fr [400] [GET] [text/html] [Invalid URL] [AkamaiGHost] [0158c309e710bb87dc9c7635854934fe]
https://qotd2.kinepolis.fr [400] [GET] [text/html] [Invalid URL] [AkamaiGHost] [12ef93e4de874efd9e906d2c78a12d48]
https://quake.kinepolis.fr [400] [GET] [text/html] [Invalid URL] [AkamaiGHost] [816e1e247cbe6d1f5a17ba738ae86fa8]
https://quake.kinepolis.fr [400] [GET] [text/html] [Invalid URL] [AkamaiGHost] [f55eb46c050ad11be38891075d9dd7dc]
https://quarantine2.kinepolis.fr [400] [GET] [text/html] [Invalid URL] [AkamaiGHost] [31aa5f4cc298521d7e1507af7a06ed45]
https://quarantine2.kinepolis.fr [400] [GET] [text/html] [Invalid URL] [AkamaiGHost] [d860b32f641052d9d08d75a063814c1e]
https://quarentena.kinepolis.fr [400] [GET] [text/html] [Invalid URL] [AkamaiGHost] [a23dfd4f3fea576464ab98f58d8b65a4]
https://quarentena.kinepolis.fr [400] [GET] [text/html] [Invalid URL] [AkamaiGHost] [aa6faa6cb7db0186270802f6ce10032d]
https://quarentenamp.kinepolis.fr [400] [GET] [text/html] [Invalid URL] [AkamaiGHost] [9e31e58455036f6f529f12b413bcf8e0]
https://quarentenamp.kinepolis.fr [400] [GET] [text/html] [Invalid URL] [AkamaiGHost] [ca41e180aac5b9ac6a529fd544573337]
https://quarter-virus.kinepolis.fr [400] [GET] [text/html] [Invalid URL] [AkamaiGHost] [177f4998bea9da46736c8a6b5805130f]
https://quarter-virus.kinepolis.fr [400] [GET] [text/html] [Invalid URL] [AkamaiGHost] [c7272afebdb51536aaae7efde398924c]
https://ra-7.kinepolis.fr [400] [GET] [text/html] [Invalid URL] [AkamaiGHost] [39f8cedac25999f02d0a26e003b04676]
https://ra-7.kinepolis.fr [400] [GET] [text/html] [Invalid URL] [AkamaiGHost] [95795825042ec0e0f4d4ab2ee612f972]
https://rd.kinepolis.fr [400] [GET] [text/html] [Invalid URL] [AkamaiGHost] [7cb5a9f92c428172e19858c782e57707]
https://rd.kinepolis.fr [400] [GET] [text/html] [Invalid URL] [AkamaiGHost] [b55c2ef6ee08f573e0ded685b277523d]
https://removevirusmalwares.kinepolis.fr [400] [GET] [text/html] [Invalid URL] [AkamaiGHost] [07de2de82217a6c647adec33d1c7bb3f]
https://removevirusmalwares.kinepolis.fr [400] [GET] [text/html] [Invalid URL] [AkamaiGHost] [8d9f333a19356541ee7031b487fba627]
https://scholar.google.com.fortwayne.libproxy.kinepolis.fr [400] [GET] [text/html] [Invalid URL] [AkamaiGHost] [30370ed755e2517668d704a3469148a2]
https://scholar.google.com.fortwayne.libproxy.kinepolis.fr [400] [GET] [text/html] [Invalid URL] [AkamaiGHost] [fed1fefa7218485ea16fbefa86babf5b]
https://scjfvirus0316.kinepolis.fr [400] [GET] [text/html] [Invalid URL] [AkamaiGHost] [b9bb904bd93ad7c3b3aba27dca55bb8f]
https://scjfvirus0316.kinepolis.fr [400] [GET] [text/html] [Invalid URL] [AkamaiGHost] [c1f78651f26fe5dae1a7f97c170100d9]
https://secure.login.confirmation.bankofamerica.com.kinepolis.fr [400] [GET] [text/html] [Invalid URL] [AkamaiGHost] [b9ad7d8cbc7961a482cd72327126fa73]
https://secure.login.confirmation.bankofamerica.com.kinepolis.fr [400] [GET] [text/html] [Invalid URL] [AkamaiGHost] [d07ba8a3f4779189bc516ed1c1641807]
https://sedi-https-internal-eu.aka.amazon.com.kinepolis.fr [400] [GET] [text/html] [Invalid URL] [AkamaiGHost] [915f011a79bc3f20cc469a82766ad40b]
https://sedi-https-internal-eu.aka.amazon.com.kinepolis.fr [400] [GET] [text/html] [Invalid URL] [AkamaiGHost] [ddac56e670f0d97716b5c96bc981fb1b]
https://serv.kinepolis.fr [400] [GET] [text/html] [Invalid URL] [AkamaiGHost] [129846a327c080ccf703f9a47137fb07]
https://serv.kinepolis.fr [400] [GET] [text/html] [Invalid URL] [AkamaiGHost] [6bafa48a94e2ed75a96c851fc59ec0b8]
https://shn-dev-ed.my.salesforce.com.crm.abccorp.kinepolis.fr [400] [GET] [text/html] [Invalid URL] [AkamaiGHost] [32f24bb676ceba813c90e691e0e4ce0f]
https://shn-dev-ed.my.salesforce.com.crm.abccorp.kinepolis.fr [400] [GET] [text/html] [Invalid URL] [AkamaiGHost] [84381a0cb771469cc3b204714a6b2d79]
https://shop-dev.kinepolis.fr [401] [GET] [text/html] [401 Unauthorized] [Apache] [vhost] [Apache,Basic] [118a489422be0c5ca0cecf3bb7903c7e]
https://shop-dev.kinepolis.fr:8081 [404] [GET] [application/json] [] [nginx] [Nginx] [8a80554c91d9fca8acb82f023de02f11]
https://shop.kinepolis.fr [301] [GET] [text/html] [301 Moved Permanently] [] [vhost] [45ca392ae997e9817af4bef0c58f4202]
https://studio58gtv.kinepolis.fr [400] [GET] [text/html] [Invalid URL] [AkamaiGHost] [753b092ea939064a7d972757deca28d6]
https://studio58gtv.kinepolis.fr [400] [GET] [text/html] [Invalid URL] [AkamaiGHost] [e461fecb10ba53cc66f9b6f1364d61ee]
https://sub-97-52-63.kinepolis.fr [400] [GET] [text/html] [Invalid URL] [AkamaiGHost] [924a4f41d5e6f5990a8fbe3a83d1b10c]
https://sub-97-52-63.kinepolis.fr [400] [GET] [text/html] [Invalid URL] [AkamaiGHost] [f54b06cefcbba2abca29354e9502ab68]
https://sw0.kinepolis.fr [400] [GET] [text/html] [Invalid URL] [AkamaiGHost] [7caaa3a61fc5cd676f59d180e0a96268]
https://sw0.kinepolis.fr [400] [GET] [text/html] [Invalid URL] [AkamaiGHost] [8bc3911821d3cd3645035a5c1ed78c1f]
https://switzerland.kinepolis.fr [400] [GET] [text/html] [Invalid URL] [AkamaiGHost] [a6518b40aedd88ea4b769c1adb54ba14]
https://switzerland.kinepolis.fr [400] [GET] [text/html] [Invalid URL] [AkamaiGHost] [edf581bb74d2d874c9d6362df59a31af]
https://telnet.kinepolis.fr [400] [GET] [text/html] [Invalid URL] [AkamaiGHost] [756a86435390f45d0dd3fc08f9b32957]
https://telnet.kinepolis.fr [400] [GET] [text/html] [Invalid URL] [AkamaiGHost] [7a73b7f49991e2ae0e07e10e5cb55468]
https://test-distance.kinepolis.fr [400] [GET] [text/html] [Invalid URL] [AkamaiGHost] [00cbd078996e0de751101658341678ed]
https://test-distance.kinepolis.fr [400] [GET] [text/html] [Invalid URL] [AkamaiGHost] [3b67af10a184c3c058212f51a5a4e65f]
https://tickets.kinepolis.fr [403] [GET] [text/html] [Access Denied] [] [vhost] [843ae087ca9b0073618e58e7e01ead86]
https://tickets.kinepolis.fr [403] [GET] [text/html] [Access Denied] [] [vhost] [c4a4691fdb4fd1ca61fed743698d8a08]
https://titan.kinepolis.fr [400] [GET] [text/html] [Invalid URL] [AkamaiGHost] [34344b32eb7ce03764ea697709948d54]
https://titan.kinepolis.fr [400] [GET] [text/html] [Invalid URL] [AkamaiGHost] [37fa20bc02f748e1962ebe0960733080]
https://tokyo.kinepolis.fr [400] [GET] [text/html] [Invalid URL] [AkamaiGHost] [0ea3e2414da4410f79725dee9f232a3d]
https://tokyo.kinepolis.fr [400] [GET] [text/html] [Invalid URL] [AkamaiGHost] [636a12c7d15abd70d8a00dbbdc6cf38f]
https://vaccines.kinepolis.fr [400] [GET] [text/html] [Invalid URL] [AkamaiGHost] [b1b37a78299f7c4d3c0acbb4c84d9f42]
https://vaccines.kinepolis.fr [400] [GET] [text/html] [Invalid URL] [AkamaiGHost] [e6c0d2667f15e15adfd2fe68f85fc5ea]
https://vermont.kinepolis.fr [400] [GET] [text/html] [Invalid URL] [AkamaiGHost] [74319c1d4c45a92f1ae9b28ef47182f4]
https://vermont.kinepolis.fr [400] [GET] [text/html] [Invalid URL] [AkamaiGHost] [9893eb4af437c803a4272d0b73a5b96b]
https://vger-virus0316.kinepolis.fr [400] [GET] [text/html] [Invalid URL] [AkamaiGHost] [1b4c5e13bef711d00fca6a7b1760e801]
https://vger-virus0316.kinepolis.fr [400] [GET] [text/html] [Invalid URL] [AkamaiGHost] [3b3ac34ffedd48ffe3299670b2d381e4]
https://virus.kinepolis.fr [400] [GET] [text/html] [Invalid URL] [AkamaiGHost] [5ad198d3ef9faa819e54857fc1a094c0]
https://virus.kinepolis.fr [400] [GET] [text/html] [Invalid URL] [AkamaiGHost] [e3f1302d5ffade4744fb2489bf177b10]
https://virus0316-deemed.kinepolis.fr [400] [GET] [text/html] [Invalid URL] [AkamaiGHost] [0946f5fe19e9f9232420bd0863985ba0]
https://virus0316-deemed.kinepolis.fr [400] [GET] [text/html] [Invalid URL] [AkamaiGHost] [c0c56223fe2b27c3f76373b372d15c54]
https://virus0316herapeutic.kinepolis.fr [400] [GET] [text/html] [Invalid URL] [AkamaiGHost] [0db6b6c2c1ae679cd0724c715cd4f90d]
https://virus0316herapeutic.kinepolis.fr [400] [GET] [text/html] [Invalid URL] [AkamaiGHost] [99bf7e8501773cda0bb1f0281395cdf5]
https://w.kinepolis.fr [400] [GET] [text/html] [Invalid URL] [AkamaiGHost] [51987e23b9f39ecd5c7202fdfdb81da7]
https://w.kinepolis.fr [400] [GET] [text/html] [Invalid URL] [AkamaiGHost] [5bfe5908c43f581f6d95c38453a29045]
https://wallet-acc.kinepolis.fr [404] [GET] [] [] [] [vhost] [IIS,Microsoft ASP.NET] [d41d8cd98f00b204e9800998ecf8427e]
https://wallet.kinepolis.fr [404] [GET] [] [] [] [vhost] [IIS,Microsoft ASP.NET] [d41d8cd98f00b204e9800998ecf8427e]
https://webdocs.kinepolis.fr [400] [GET] [text/html] [Invalid URL] [AkamaiGHost] [813a38e4cf124d3368050515257f3cc1]
https://webdocs.kinepolis.fr [400] [GET] [text/html] [Invalid URL] [AkamaiGHost] [a965bb7a9c6df918ffc26948f2d1a18c]
https://windows1.kinepolis.fr [400] [GET] [text/html] [Invalid URL] [AkamaiGHost] [6827cb60a24bd56af9e95637eb78527f]
https://windows1.kinepolis.fr [400] [GET] [text/html] [Invalid URL] [AkamaiGHost] [9222a2e0505e32f30a931a7ebc5472b9]
https://wsww.kinepolis.fr [400] [GET] [text/html] [Invalid URL] [AkamaiGHost] [1e08c3147b7aeff4600f45e52c74642e]
https://wsww.kinepolis.fr [400] [GET] [text/html] [Invalid URL] [AkamaiGHost] [3a0b2ff3e843bb08f8575c158f48bfee]
https://ww.kinepolis.fr [400] [GET] [text/html] [Invalid URL] [AkamaiGHost] [231bffc525556e641e39fd9857679f2b]
https://ww.kinepolis.fr [400] [GET] [text/html] [Invalid URL] [AkamaiGHost] [8fe932b8d009439f5430ac520430b221]
https://www-dimask.kinepolis.fr [400] [GET] [text/html] [Invalid URL] [AkamaiGHost] [df90134c558e7c1f2fbbdd06aa36c3ac]
https://www-dimask.kinepolis.fr [400] [GET] [text/html] [Invalid URL] [AkamaiGHost] [fb6b590ae8a06ae3973a285be5cb7448]
https://www-infectionfree.kinepolis.fr [400] [GET] [text/html] [Invalid URL] [AkamaiGHost] [30176f1a56be32315ddbca7546c08600]
https://www-infectionfree.kinepolis.fr [400] [GET] [text/html] [Invalid URL] [AkamaiGHost] [f32569069d42415066418e89e5da1de6]
https://www-mask10.kinepolis.fr [400] [GET] [text/html] [Invalid URL] [AkamaiGHost] [0c44399d69c5b549309bc130b486236b]
https://www-mask10.kinepolis.fr [400] [GET] [text/html] [Invalid URL] [AkamaiGHost] [f35e091be0be8406c007f4d1f148024c]
https://www.foundationmedicine.com.sg.uat-fmi.preprod.opengarden.kinepolis.fr [400] [GET] [text/html] [Invalid URL] [AkamaiGHost] [268ffbf74686c3a3540267cc71603fa4]
https://www.foundationmedicine.com.sg.uat-fmi.preprod.opengarden.kinepolis.fr [400] [GET] [text/html] [Invalid URL] [AkamaiGHost] [a2a91b01e8559d7d1c74f2aec7a30c09]
https://www.google.com.googledocs.signin.verification.attachment.kinepolis.fr [400] [GET] [text/html] [Invalid URL] [AkamaiGHost] [4fc1f2ee35a8b7564b69776f4af84610]
https://www.google.com.googledocs.signin.verification.attachment.kinepolis.fr [400] [GET] [text/html] [Invalid URL] [AkamaiGHost] [b8c0f255cbddef3e3c7a589337f6cd6b]
https://www.pressreader.com.indianapolis.libproxy.kinepolis.fr [400] [GET] [text/html] [Invalid URL] [AkamaiGHost] [22507137e912f541adba907efcfa0275]
https://www.pressreader.com.indianapolis.libproxy.kinepolis.fr [400] [GET] [text/html] [Invalid URL] [AkamaiGHost] [6970481acc600b2efe3551dd62674eb1]
https://www.tandfonline.com.ezproxy.bibliothek.kinepolis.fr [400] [GET] [text/html] [Invalid URL] [AkamaiGHost] [b87ae118d01bee821d9f7bbf801a3ee6]
https://www.tandfonline.com.ezproxy.bibliothek.kinepolis.fr [400] [GET] [text/html] [Invalid URL] [AkamaiGHost] [ca31b51fa80564a784942ac9a4b53a6e]
https://www.wvv.paypal.com.cgi-bin-webapps.com.kinepolis.fr [400] [GET] [text/html] [Invalid URL] [AkamaiGHost] [0c4baea9ec0947b0449ae7db68a3c56f]
https://www.wvv.paypal.com.cgi-bin-webapps.com.kinepolis.fr [400] [GET] [text/html] [Invalid URL] [AkamaiGHost] [d698aef45edc5175d66d56af6711ae2b]
https://www11.sitekey.login.update.billing.information.bankofamerica.com.kinepolis.fr [400] [GET] [text/html] [Invalid URL] [AkamaiGHost] [31cd907dcce36a3daf2da928e4300b7f]
https://www11.sitekey.login.update.billing.information.bankofamerica.com.kinepolis.fr [400] [GET] [text/html] [Invalid URL] [AkamaiGHost] [d85dba6e1e446ba6f4002ecee820e91a]
https://wwwvirus0316.kinepolis.fr [400] [GET] [text/html] [Invalid URL] [AkamaiGHost] [dac13f220895a21560a014625c54cab2]
https://wwwvirus0316.kinepolis.fr [400] [GET] [text/html] [Invalid URL] [AkamaiGHost] [efd267a4fbf992e990e4eb88a86e9011]
https://wwww.kinepolis.fr [400] [GET] [text/html] [Invalid URL] [AkamaiGHost] [8031e85bb2003ba3138e36572a9fff39]
https://wwww.kinepolis.fr [400] [GET] [text/html] [Invalid URL] [AkamaiGHost] [fd63f9d1b65d96af8e947d49a5be00d2]
https://wwwwww.kinepolis.fr [400] [GET] [text/html] [Invalid URL] [AkamaiGHost] [9a2e98a29dae6e390c5b4336f8ad5921]
https://wwwwww.kinepolis.fr [400] [GET] [text/html] [Invalid URL] [AkamaiGHost] [d86b0b69358a4c479d03c926569cc854]
https://xingjiyulechengguanfangwang.kinepolis.fr [400] [GET] [text/html] [Invalid URL] [AkamaiGHost] [20c4a5d64b0c8b6153d93eb672f4ecbe]
https://xingjiyulechengguanfangwang.kinepolis.fr [400] [GET] [text/html] [Invalid URL] [AkamaiGHost] [4bf1cc18247000521fbf822b10d6d270]
