https://a0.muscache.com [403] [GET] [application/xml] [] [AmazonS3] [vhost] [Amazon S3,Amazon Web Services] [1c9abfa12475aa161f1420314d5e60b6]
https://a0.muscache.com [403] [GET] [application/xml] [] [AmazonS3] [vhost] [Amazon S3,Amazon Web Services] [d59e7d1188d9810792f02527ccda1158]
https://a1.muscache.com [403] [GET] [application/xml] [] [AmazonS3] [vhost] [Amazon S3,Amazon Web Services] [d25337566f4eb1ab5e6df919cf942251]
https://a1.muscache.com [403] [GET] [application/xml] [] [AmazonS3] [vhost] [Amazon S3,Amazon Web Services] [f863d948940d45092bb548e930ce612f]
https://a2.muscache.com [403] [GET] [application/xml] [] [AmazonS3] [vhost] [Amazon S3,Amazon Web Services] [9616f102bfcda3d03822b298515666a7]
https://a2.muscache.com [403] [GET] [application/xml] [] [AmazonS3] [vhost] [Amazon S3,Amazon Web Services] [b1ea694940ac785cfafd9e64477c7b3d]
https://cdx.muscache.com [403] [GET] [application/xml] [] [AmazonS3] [vhost] [Amazon S3,Amazon Web Services] [045c24daabff055e42c99348990d2b49]
https://cdx.muscache.com [403] [GET] [application/xml] [] [AmazonS3] [vhost] [Amazon S3,Amazon Web Services] [24c96cab6ede5ccb4cb5881573e7c835]
https://eim1.muscache.com [403] [GET] [application/xml] [] [AmazonS3] [vhost] [Amazon S3,Amazon Web Services] [147d978cb130a91b05a420d69cdf3b87]
https://eim1.muscache.com [403] [GET] [application/xml] [] [AmazonS3] [vhost] [Amazon S3,Amazon Web Services] [f16283d36278dae83684e8a3e8aec185]
https://geo-all.muscache.com [403] [GET] [application/xml] [] [AmazonS3] [vhost] [Amazon S3,Amazon Web Services] [0ffb9a28f9ae89e6a609d53e6f78da9e]
https://geo-all.muscache.com [403] [GET] [application/xml] [] [AmazonS3] [vhost] [Amazon S3,Amazon Web Services] [6cf63c2361067665efdbf2d70e5dc415]
https://z0.muscache.com [403] [GET] [application/xml] [] [AmazonS3] [vhost] [Amazon S3,Amazon Web Services] [09b3cc728f29ada7f6fd0392f343c7ca]
https://z0.muscache.com [403] [GET] [application/xml] [] [AmazonS3] [vhost] [Amazon S3,Amazon Web Services] [62c3ea517cddfd8ccdd57f985ff4777f]
https://z1.muscache.com [403] [GET] [application/xml] [] [AmazonS3] [vhost] [Amazon S3,Amazon Web Services] [598a7b5955ae3ade07999a79db6b52d5]
https://z1.muscache.com [403] [GET] [application/xml] [] [AmazonS3] [vhost] [Amazon S3,Amazon Web Services] [61ca5d1c82abcd793f6a05df13f5bc95]
https://z2.muscache.com [403] [GET] [application/xml] [] [AmazonS3] [vhost] [Amazon S3,Amazon Web Services] [0ce4d96e604aaa0096166052d46e7c44]
https://z2.muscache.com [403] [GET] [application/xml] [] [AmazonS3] [vhost] [Amazon S3,Amazon Web Services] [e9a051830aaab33898df06c8523943ae]
