http://docs.squareup.com [302] [GET] [text/html] [302 Moved] [ghs] [vhost] [bbada2624e7267bad9f16cf964680dff]
http://mail.squareup.com [301] [GET] [text/html] [301 Moved] [ghs] [vhost] [109678128b5230ab1c099bf8d1344248]
http://sdk.squareup.com:8080 [404] [GET] [text/html] [404 Not Found] [] [2e9281cb1598565605593d28a5efa3bb]
http://store.squareup.com [404] [GET] [text/html] [Online Store] [ATS/6.2.2] [Apache Traffic Server] [79fb2da07da6537a7b2a92feec18a529]
https://account.squareup.com [302] [GET] [text/html] [] [] [vhost] [c903e62ccb59b61a0f948eda8f9ca6ab]
https://api-au.squareup.com [301] [GET] [text/html] [] [] [vhost] [f0f4c07d840efe4dc0ba44bd893a7c8c]
https://api-global.iad1.squareup.com [301] [GET] [] [] [] [d41d8cd98f00b204e9800998ecf8427e]
https://api-global.squareup.com [301] [GET] [text/html] [] [] [vhost] [f0f4c07d840efe4dc0ba44bd893a7c8c]
https://api-jp.nrt1.squareup.com [301] [GET] [] [] [] [d41d8cd98f00b204e9800998ecf8427e]
https://api-jp.squareup.com [301] [GET] [text/html] [] [] [vhost] [f0f4c07d840efe4dc0ba44bd893a7c8c]
https://api.iad1.squareup.com [301] [GET] [] [] [] [d41d8cd98f00b204e9800998ecf8427e]
https://api.nrt1.squareup.com [301] [GET] [] [] [] [d41d8cd98f00b204e9800998ecf8427e]
https://api.sjc1.squareup.com [301] [GET] [] [] [] [d41d8cd98f00b204e9800998ecf8427e]
https://api.squareup.com [301] [GET] [text/html] [] [] [vhost] [f0f4c07d840efe4dc0ba44bd893a7c8c]
https://app.squareup.com [301] [GET] [text/html] [] [] [vhost] [f0f4c07d840efe4dc0ba44bd893a7c8c]
https://blog.squareup.com [301] [GET] [text/html] [] [] [vhost] [3b834e6b8647a9881145686d2e125022]
https://capital.squareup.com [301] [GET] [text/html] [] [] [vhost] [f0f4c07d840efe4dc0ba44bd893a7c8c]
https://careers.squareup.com [301] [GET] [text/html] [] [] [vhost] [b254540aa0b2daf4cc12505a599b3bfa]
https://connect.squareup.com [301] [GET] [text/html] [] [] [vhost] [6dcd96d1b47f100c4808f40012381063]
https://corner.squareup.com [301] [GET] [] [] [AmazonS3] [vhost] [cloudfront] [Amazon Cloudfront,Amazon S3,Amazon Web Services] [d41d8cd98f00b204e9800998ecf8427e]
https://design.squareup.com [301] [GET] [text/html] [] [] [vhost] [0de83e5d875de46708aa176db91d2739]
https://developer.squareup.com [301] [GET] [text/html] [] [] [vhost] [a62aaa2a3d5b24b9ce5b4ef8963454ab]
https://developers.squareup.com [301] [GET] [text/html] [] [] [vhost] [6dcd96d1b47f100c4808f40012381063]
https://docs.connect.squareup.com [301] [GET] [text/html] [] [] [vhost] [5cf9e5dd7ec46ee8b39d614757994410]
https://email.map.squareup.com [200] [GET] [application/octet-stream] [] [nginx] [Nginx] [9f36c1c909fa94ed5e7af41387ae3dae]
https://email.vms.squareup.com [200] [GET] [application/octet-stream] [] [nginx] [Nginx] [9f36c1c909fa94ed5e7af41387ae3dae]
https://enterpriseenrollment.squareup.com [302] [GET] [] [] [Microsoft-IIS/10.0] [azure] [IIS,Microsoft ASP.NET,Windows Server] [d41d8cd98f00b204e9800998ecf8427e]
https://enterpriseregistration.squareup.com [404] [GET] [text/html] [Service] [] [azure] [17654c28a506596d05424ea295203bac]
https://explorer-gateway.squareup.com [404] [GET] [text/html] [The page you were looking for doesn't exist (404)] [] [vhost] [4ead20c186eaf2f7c09d6627ab7c0102]
https://fulfillment.squareup.com [301] [GET] [] [] [] [d41d8cd98f00b204e9800998ecf8427e]
https://help.p.sjc1.squareup.com [301] [GET] [] [] [] [d41d8cd98f00b204e9800998ecf8427e]
https://help.squareup.com [404] [GET] [text/plain] [] [] [vhost] [a4ea35036e1e0ddd4e8a1772774972eb]
https://ht.squareup.com [301] [GET] [] [] [] [d41d8cd98f00b204e9800998ecf8427e]
https://images.squareup.com [404] [GET] [text/html] [404 Not Found] [] [vhost] [70461da8b94c6ca5d2fda3260c5a8c3b]
https://imagestest.squareup.com [404] [GET] [text/html] [404 Not Found] [] [vhost] [70461da8b94c6ca5d2fda3260c5a8c3b]
https://investors.squareup.com [301] [GET] [] [] [Varnish] [vhost] [fastly] [d41d8cd98f00b204e9800998ecf8427e]
https://jobs.squareup.com [301] [GET] [] [] [] [d41d8cd98f00b204e9800998ecf8427e]
https://js.squareup.com [301] [GET] [] [] [] [d41d8cd98f00b204e9800998ecf8427e]
https://localizer.squareup.com [301] [GET] [] [] [] [d41d8cd98f00b204e9800998ecf8427e]
https://market.squareup.com [404] [GET] [text/html] [Page Not Found] [] [vhost] [7545b3b305251cce7bc1a4b9cae9814b]
https://msoid.squareup.com [302] [GET] [text/html] [Object moved] [] [vhost] [azure] [67dc47621d0dca9dc8d849ee26494c3b]
https://my.squareup.com [301] [GET] [text/html] [] [] [vhost] [f0f4c07d840efe4dc0ba44bd893a7c8c]
https://non-disclosure.corp.squareup.com [420] [GET] [text/plain] [] [awselb/2.0] [d41d8cd98f00b204e9800998ecf8427e]
https://origin-careers.squareup.com [301] [GET] [text/html] [] [] [vhost] [f0f4c07d840efe4dc0ba44bd893a7c8c]
https://pci-connect.squareup.com [301] [GET] [] [] [] [d41d8cd98f00b204e9800998ecf8427e]
https://privacy.squareup.com [301] [GET] [] [] [] [d41d8cd98f00b204e9800998ecf8427e]
https://profile.squareup.com [200] [GET] [text/html] [Square profile] [] [vhost] [5fe77dfa2d08da251daaf472fc4f319d]
https://regulator.squareup.com [301] [GET] [] [] [] [d41d8cd98f00b204e9800998ecf8427e]
https://sa.squareup.com [404] [GET] [application/json] [] [] [vhost] [4027734f45335387f5067bb53be82ab6]
https://sc-connect.squareup.com [301] [GET] [] [] [] [d41d8cd98f00b204e9800998ecf8427e]
https://sdk.squareup.com [404] [GET] [text/html] [404 Not Found] [nginx/1.21.6] [vhost] [Google Cloud,Google Cloud CDN,Nginx] [841102042dfedb8a9dcc0e6a9966307f]
https://sdk.squareup.com [404] [GET] [text/html] [404 Not Found] [nginx/1.21.6] [vhost] [Google Cloud,Google Cloud CDN,Nginx] [9b9278a3fc0e0dcb812e81d6072a9f99]
https://sentry.squareup.com [301] [GET] [] [] [] [d41d8cd98f00b204e9800998ecf8427e]
https://shuttle-ext.corp.squareup.com [302] [GET] [text/html] [] [nginx + Phusion Passenger(R)] [vhost] [Nginx,Phusion Passenger,RackCache,Ruby] [e36eb80a32935fa65a3b88389b3165fc]
https://shuttle.squareup.com [302] [GET] [text/html] [] [nginx + Phusion Passenger(R)] [vhost] [Nginx,Phusion Passenger,RackCache,Ruby] [692976bd05c647f35b88290702891e11]
https://spiffe-oidc.squareup.com [403] [GET] [application/xml] [] [AmazonS3] [vhost] [cloudfront] [Amazon Cloudfront,Amazon S3,Amazon Web Services] [156b5d18c96702e504c26249c9b24893]
https://spiffe-oidc.squareup.com [403] [GET] [application/xml] [] [AmazonS3] [vhost] [cloudfront] [Amazon Cloudfront,Amazon S3,Amazon Web Services] [8fc704ad1e952bca6f4675ab90b498a5]
https://squareup.com [301] [GET] [text/html] [] [] [vhost] [fastly] [5b12363900ff201bceff414ff2375ecf]
https://www.squareup.com [301] [GET] [text/html] [] [] [vhost] [f0f4c07d840efe4dc0ba44bd893a7c8c]
https://xmstest.squareup.com [403] [GET] [text/html] [403 Forbidden] [Varnish] [vhost] [fastly] [74d3fc61c83c395151292aab80d67803]
https://xmstest.squareup.com [403] [GET] [text/html] [403 Forbidden] [Varnish] [vhost] [fastly] [b30de32eabcc66f4d103f434a115df6b]
