10.0.1.220www.blockfi.com
10.108.20.32vision.blockfi.com
104.16.53.111secure.blockfi.com
104.18.9.105cypher.blockfi.com
104.18.9.105ffs.blockfi.com
104.18.9.105h2.blockfi.com
104.18.9.105nebula.blockfi.com
104.18.9.105try.blockfi.com
13.35.90.49proxy.blockfi.com
151.101.66.132help.blockfi.com
18.202.248.99storm.blockfi.com
199.60.103.29webmail.blockfi.com
1rh2y4qod3.blockfi.com
207.158kingpin.blockfi.com
210.122.156auth.blockfi.com
216.58.200.51cks.blockfi.com
35.172.172.107app.blockfi.com
381f2k0day.blockfi.com
52.203.97.74click.blockfi.com
52.6.127.12wp.blockfi.com
52.70.116.111prometheus.blockfi.com
52.71.221.19blog.blockfi.com
54.198.218.104gateway.blockfi.com
54.81.192.241api.blockfi.com
alertmanager-prod.blockfi.com
alertmanager.blockfi.com
alteryx-dev.tun.blockfi.com
api-local.blockfi.com
api.blockfi.com
api.goldfinger-sandbox.aws.blockfi.com
api.mkt.blockfi.com
api.test.blockfi.com
app-local.blockfi.com
app-prod.blockfi.com
app-sandbox.blockfi.com
app-st.retail-staging.aws.blockfi.com
app.blockfi.com
app.stg.blockfi.com
apply.blockfi.com
auth-local.blockfi.com
auth-services.blockfi.com
auth-stage.blockfi.com
auth.blockfi.com
auth.prime.blockfi.com
auth0-callback-st.retail-staging.aws.blockfi.com
bitcoind-testnet.chain-infrastructure-sandbox.aws.blockfi.com
blockfi-cypher-1-prod.blockfi.com
blockfi-cypher-2-prod.blockfi.com
blockfi-grafana-1-prod.blockfi.com
blockfi-grafana-2-prod.blockfi.com
blockfi-nebula-prod.blockfi.com
blockfi-prometheus-1-prod.blockfi.com
blockfi-prometheus-2-prod.blockfi.com
blockfi-relay-prod.blockfi.com
blockfi-relay.blockfi.com
blockfi-vpn-1-prod.blockfi.com
blockfi-vpn-2-prod.blockfi.com
blockfi-wp-1-prod.blockfi.com
blockfi-wp-prod.blockfi.com
blockfi.com
blog.blockfi.com
blog.test.blockfi.com
celebi.chain-infrastructure-sandbox.aws.blockfi.com
cerebro-prod.blockfi.com
cerebro-sandbox.blockfi.com
cerebro.blockfi.com
cks.blockfi.com
click.blockfi.com
clicks.blockfi.com
cypher-prod.blockfi.com
cypher-sandbox.blockfi.com
cypher.blockfi.com
dashboard.chain-infrastructure-sandbox.aws.blockfi.com
deadpool-st.retail-staging.aws.blockfi.com
dev-overwatch.blockfi.com
dev.defectdojo.blockfi.com
dev.torchtwo.blockfi.com
docs.blockfi.com
enterpriseenrollment.blockfi.com
evs.mkt.blockfi.com
ffs-prod.blockfi.com
ffs-sandbox.blockfi.com
ffs.blockfi.com
fww-test.retail-dev.aws.blockfi.com
gateway-prod.blockfi.com
gateway-sandbox.blockfi.com
gateway-st.retail-staging.aws.blockfi.com
gateway.blockfi.com
googlemaps-st.retail-staging.aws.blockfi.com
grafana-prod.blockfi.com
grafana.blockfi.com
h2-ingest.blockfi.com
h2.blockfi.com
help.blockfi.com
humio-ingest.blockfi.com
humio.blockfi.com
humio.ops.blockfi.com
identity-prod.blockfi.com
identity-sandbox.blockfi.com
identity.blockfi.com
jolteon.chain-infrastructure-sandbox.aws.blockfi.com
jynx.chain-infrastructure-sandbox.aws.blockfi.com
kingpin-prod.blockfi.com
kingpin-sandbox.blockfi.com
kingpin-st.retail-staging.aws.blockfi.com
kingpin.blockfi.com
lapras.chain-infrastructure-sandbox.aws.blockfi.com
learn.blockfi.com
loantest.blockfi.com
lugia.chain-infrastructure-sandbox.aws.blockfi.com
magikarp.chain-infrastructure-sandbox.aws.blockfi.com
magneto-st.retail-staging.aws.blockfi.com
maintenance.blockfi.com
mystique-sandbox.blockfi.com
mystique-st.retail-staging.aws.blockfi.com
nebula-prod.blockfi.com
nebula-sandbox.blockfi.com
nebula.blockfi.com
o1.ptr9077.blockfi.com
orion-usage-test-dv.retail-dev.aws.blockfi.com
pen-test.shield-sandbox.aws.blockfi.com
pikachu.chain-infrastructure-sandbox.aws.blockfi.com
pm-bounces.blockfi.com
prime.blockfi.com
prod-graphistry.tempest-prod.aws.blockfi.com
prod-overwatch.blockfi.com
prod.blockfi.com
profx.deployment-infra-dev.aws.blockfi.com
prometheus-prod.blockfi.com
prometheus.blockfi.com
prometheus.chain-infrastructure-sandbox.aws.blockfi.com
proxy.blockfi.com
punchcard-dv.retail-dev.aws.blockfi.com
punchcard-pr.retail-prod.aws.blockfi.com
punchcard-st.retail-staging.aws.blockfi.com
query-analyzer-dv.retail-dev.aws.blockfi.com
rates.blockfi.com
rhyhorn.chain-infrastructure-sandbox.aws.blockfi.com
scim.retool-dev.aws.blockfi.com
scim.retool-prod.aws.blockfi.com
secure.blockfi.com
shangchi.blockfi.com
shield-staging.aws.blockfi.com
snorlax.chain-infrastructure-sandbox.aws.blockfi.com
ss139.shield-sandbox.aws.blockfi.com
ss70.shield-sandbox.aws.blockfi.com
st.aws.blockfi.com
st.blockfi.com
stage.blockfi.com
status.blockfi.com
stg.blockfi.com
storm-st.retail-staging.aws.blockfi.com
storm.blockfi.com
storm2-dv.retail-dev.aws.blockfi.com
storm2-pr.retail-prod.aws.blockfi.com
storm2-st.retail-staging.aws.blockfi.com
tableau.blockfi.com
test.blockfi.com
testdeploy.shield-sandbox.aws.blockfi.com
togepi.chain-infrastructure-sandbox.aws.blockfi.com
try.blockfi.com
virtru-cks.blockfi.com
virtru.blockfi.com
vis-661.shield-sandbox.aws.blockfi.com
vis930.shield-sandbox.aws.blockfi.com
vis930test.shield-sandbox.aws.blockfi.com
vis930test2.shield-sandbox.aws.blockfi.com
vis930test3.shield-sandbox.aws.blockfi.com
vision-prod.blockfi.com
vision-sandbox.blockfi.com
vision.blockfi.com
vpn-prod.blockfi.com
vt2z3lfn0g.blockfi.com
waitlist-prod.blockfi.com
waitlist-sandbox.blockfi.com
waitlist.blockfi.com
wanda-pr.retail-prod.aws.blockfi.com
wanda-st.retail-staging.aws.blockfi.com
webmail.blockfi.com
wp-prod.blockfi.com
wp.blockfi.com
ww.blockfi.com
www.app.blockfi.com
www.blockfi.com
www.stg.blockfi.com
zendesk1.blockfi.com
zendesk2.blockfi.com
zendesk3.blockfi.com
zendesk4.blockfi.com
