ambari01-staging-pkt-sjc1-us.jobapi.io
ap-southeast-1.jobapi.io
ap-southeast-1.staging.jobapi.io
ap-southeast-2.jobapi.io
ap-southeast-2.staging.jobapi.io
api.jobapi.io
black-gate-bm.jobapi.io
black-gate-sin1.jobapi.io
black-gate-sjc04.jobapi.io
black-gate-syd01.jobapi.io
black-gate.jobapi.io
black-gate.production.bm.jobapi.io
black-gate.production.us-west-2.jobapi.io
blackgate-sjc04.jobapi.io
blackgate-syd01.jobapi.io
blackgate1-sin1.jobapi.io
blackgate1-sjc04.jobapi.io
blackgate1-syd01.jobapi.io
blackgate2-sin1.jobapi.io
blackgate2-sjc04.jobapi.io
blackgate2-syd01.jobapi.io
broker-1.transient.us-west-2.jobapi.io
cass01.sjc1.jobapi.io
cass02.sjc1.jobapi.io
cass03.sjc1.jobapi.io
cassandra0-staging-pkt-sjc1-us.jobapi.io
cassandra1-staging-pkt-sjc1-us.jobapi.io
cassandra2-staging-pkt-sjc1-us.jobapi.io
elasticsearch.internal.jobapi.io
geocoder.sandbox.jobapi.io
gitlab.jobapi.io
grafana.jobapi.io
hdfs-master02-staging-pkt-sjc1-us.jobapi.io
hdfs-slave02-staging-pkt-sjc1-us.jobapi.io
hive.production.hetzner.jobapi.io
internal.jobapi.io
internal.staging.jobapi.io
internal.staging.us-west-2.k8s.jobapi.io
jobapi.io
kafka.production.bm.jobapi.io
kafka1.production.bm.jobapi.io
kafka2.production.bm.jobapi.io
kafka3-staging-pkt-sjc1-us.jobapi.io
kafka3.production.bm.jobapi.io
lb01.syd01.jobapi.io
mordor-search.jobapi.io
mordor-search.production.ap-southeast-1.jobapi.io
mordor-search.production.ap-southeast-2.jobapi.io
mordor-search.production.us-west-2.jobapi.io
mordor-ui.jobapi.io
nexus.jobapi.io
nexus.production.us-west-2.jobapi.io
nifi01-dds-staging-pkt-sjc1-us.jobapi.io
nifi02-dds-staging-pkt-sjc1-us.jobapi.io
nifi03-dds-staging-pkt-sjc1-us.jobapi.io
pgsql2-staging-pkt-sjc1-us.jobapi.io
pgsql2.dev.sjc1.jobapi.io
postgres1-sjc04.jobapi.io
production.ap-southeast-1.jobapi.io
production.ap-southeast-2.jobapi.io
production.us-west-2.jobapi.io
prometheus-sin1.jobapi.io
prometheus-sjc04.jobapi.io
prometheus-staging.jobapi.io
prometheus.jobapi.io
rstudio.jobapi.io
rstudio.production.hetzner.jobapi.io
search.bm.jobapi.io
search.sandbox.jobapi.io
seekau.sandbox.jobapi.io
seeknz.sandbox.jobapi.io
sirannon.jobapi.io
sjc1.jobapi.io
sol-http.jobapi.io
sol-http1-prod-soft-sjc4-us-production.jobapi.io
sol-http2-prod-soft-sjc4-us-production.jobapi.io
sol-staging.jobapi.io
sol.jobapi.io
staging.ap-southeast-1.jobapi.io
staging.ap-southeast-2.jobapi.io
staging.jobapi.io
staging.us-west-2.jobapi.io
staging.us-west-2.k8s.jobapi.io
superq-diag.jobapi.io
tableau.jobapi.io
telperion-0.production.hetzner.jobapi.io
telperion-1.production.hetzner.jobapi.io
us-west-1.staging.jobapi.io
us-west-2.jobapi.io
us-west-2.staging.jobapi.io
www.jobapi.io
zeppelin.production.hetzner.jobapi.io
zookeeper03-dds-staging-pkt-sjc1-us.jobapi.io
