1.athena.dns.apps.dev.lifeomic.com
11065bocailaotou.apps.dev.lifeomic.com
11riri.corp.apps.dev.lifeomic.com
1210.corp.apps.dev.lifeomic.com
12aomenpujingduchang.apps.dev.lifeomic.com
15iii.corp.apps.dev.lifeomic.com
1e.apps.dev.lifeomic.com
2012aomenpujingduchang.apps.dev.lifeomic.com
253aapps.wellness.dev.lifeomic.com
3aapps.wellness.dev.lifeomic.com
4business.apps.ids.wellness.dev.lifeomic.com
51.apps.dev.lifeomic.com
_cisco-uds._tcp.apps.wellness.dev.lifeomic.com
_cisco-uds._tcp.lifeology.dev.lifeomic.com
_cisco-uds.apps.wellness.dev.lifeomic.com
_cisco-uds.lifeology.dev.lifeomic.com
_collab-edge._tls.apps.wellness.dev.lifeomic.com
_collab-edge._tls.lifeology.dev.lifeomic.com
_collab-edge.apps.wellness.dev.lifeomic.com
_collab-edge.lifeology.dev.lifeomic.com
_cuplogin._tcp.apps.wellness.dev.lifeomic.com
_cuplogin._tcp.lifeology.dev.lifeomic.com
_cuplogin.apps.wellness.dev.lifeomic.com
_cuplogin.lifeology.dev.lifeomic.com
_dmarc.apps.wellness.dev.lifeomic.com
_dmarc.lifeology.dev.lifeomic.com
_etcd-server-ssl.apps.wellness.dev.lifeomic.com
_etcd-server-ssl.lifeology.dev.lifeomic.com
_mta-sts.apps.wellness.dev.lifeomic.com
_mta-sts.lifeology.dev.lifeomic.com
_tcp.lifeology.dev.lifeomic.com
_tls.lifeology.dev.lifeomic.com
a.apps.wellness.dev.lifeomic.com
a.lifeology.dev.lifeomic.com
acapi.apps.wellness.dev.lifeomic.com
acapi.lifeology.dev.lifeomic.com
admin.apps.wellness.dev.lifeomic.com
admin.lifeology.dev.lifeomic.com
akamai-test-origin.apps.wellness.dev.lifeomic.com
akamai-test-origin.lifeology.dev.lifeomic.com
akamai-test.apps.wellness.dev.lifeomic.com
akamai-test.lifeology.dev.lifeomic.com
akamai.apps.wellness.dev.lifeomic.com
akamai.lifeology.dev.lifeomic.com
alabama.corpmail.help.cutsr.apps.dev.lifeomic.com
api.apps.wellness.dev.lifeomic.com
api.dev.lifeomic.com
api.lifeology.dev.lifeomic.com
app.apps.wellness.dev.lifeomic.com
app.lifeology.dev.lifeomic.com
apps.dev.lifeomic.com
apps.infra.lifeomic.com
apps.wellness.dev.lifeomic.com
assets.apps.wellness.dev.lifeomic.com
assets.lifeology.dev.lifeomic.com
athena.dns.apps.dev.lifeomic.com
auth.apps.wellness.dev.lifeomic.com
auth.lifeology.dev.lifeomic.com
autoconfig.apps.wellness.dev.lifeomic.com
autoconfig.lifeology.dev.lifeomic.com
autodiscover.apps.wellness.dev.lifeomic.com
autodiscover.lifeology.dev.lifeomic.com
awsdashboard.apps.wellness.dev.lifeomic.com
awsdashboard.lifeology.dev.lifeomic.com
b.apps.wellness.dev.lifeomic.com
b.lifeology.dev.lifeomic.com
basic-nodejs-dev.apps.wellness.dev.lifeomic.com
basic-nodejs-dev.lifeology.dev.lifeomic.com
basic.apps.wellness.dev.lifeomic.com
basic.lifeology.dev.lifeomic.com
bbs.apps.wellness.dev.lifeomic.com
bbs.lifeology.dev.lifeomic.com
beta.apps.wellness.dev.lifeomic.com
beta.lifeology.dev.lifeomic.com
billing.dev.lifeomic.com
blah.jenkins.infra.lifeomic.com
blog.apps.wellness.dev.lifeomic.com
blog.lifeology.dev.lifeomic.com
blogs.apps.wellness.dev.lifeomic.com
blogs.lifeology.dev.lifeomic.com
bob.srqp.wvutsr.apps.dev.lifeomic.com
builder.apps.wellness.dev.lifeomic.com
builder.lifeology.dev.lifeomic.com
c.apps.wellness.dev.lifeomic.com
c.lifeology.dev.lifeomic.com
calendar.apps.dev.lifeomic.com
careers.apps.wellness.dev.lifeomic.com
careers.lifeology.dev.lifeomic.com
cdn.apps.wellness.dev.lifeomic.com
cdn.lifeology.dev.lifeomic.com
cdq-api.apps.wellness.dev.lifeomic.com
cdq-api.lifeology.dev.lifeomic.com
cert.apps.wellness.dev.lifeomic.com
cert.lifeology.dev.lifeomic.com
certificate.apps.wellness.dev.lifeomic.com
certificate.lifeology.dev.lifeomic.com
check.apps.wellness.dev.lifeomic.com
check.lifeology.dev.lifeomic.com
chroma.dev.lifeomic.com
ci.infra.lifeomic.com
cim-api-dev.apps.wellness.dev.lifeomic.com
cim-api-dev.lifeology.dev.lifeomic.com
cim-api-qa.apps.wellness.dev.lifeomic.com
cim-api-qa.lifeology.dev.lifeomic.com
cim-api-uat.apps.wellness.dev.lifeomic.com
cim-api-uat.lifeology.dev.lifeomic.com
cim-api.apps.wellness.dev.lifeomic.com
cim-api.lifeology.dev.lifeomic.com
cim-data-quality-qa.apps.wellness.dev.lifeomic.com
cim-data-quality-qa.lifeology.dev.lifeomic.com
cim-dev.apps.wellness.dev.lifeomic.com
cim-dev.lifeology.dev.lifeomic.com
cim-geo-dev.apps.wellness.dev.lifeomic.com
cim-geo-dev.lifeology.dev.lifeomic.com
citrix.apps.wellness.dev.lifeomic.com
citrix.lifeology.dev.lifeomic.com
click.apps.wellness.dev.lifeomic.com
click.lifeology.dev.lifeomic.com
cloud.apps.wellness.dev.lifeomic.com
cloud.lifeology.dev.lifeomic.com
cms.purple.athena.dns.apps.dev.lifeomic.com
cname.apps.wellness.dev.lifeomic.com
cname.lifeology.dev.lifeomic.com
code.apps.wellness.dev.lifeomic.com
code.lifeology.dev.lifeomic.com
collab.apps.wellness.dev.lifeomic.com
collab.lifeology.dev.lifeomic.com
columbus.apps.dev.lifeomic.com
compliance.dev.lifeomic.com
compliance.infra.lifeomic.com
connect-cdn.dev.lifeomic.com
connect-console.dev.lifeomic.com
connect-demo.dev.lifeomic.com
connect-docs.dev.lifeomic.com
connect-files.dev.lifeomic.com
consul.apps.wellness.dev.lifeomic.com
consul.lifeology.dev.lifeomic.com
content.dev.lifeomic.com
corp.athena.dns.apps.dev.lifeomic.com
corpmail.help.cutsr.apps.dev.lifeomic.com
cp.apps.wellness.dev.lifeomic.com
cp.lifeology.dev.lifeomic.com
cpanel.apps.wellness.dev.lifeomic.com
cpanel.lifeology.dev.lifeomic.com
crm.apps.wellness.dev.lifeomic.com
crm.lifeology.dev.lifeomic.com
crm.ws.time.ws4.local.apps.dev.lifeomic.com
cromwell.dev.lifeomic.com
cust32.purple.athena.dns.apps.dev.lifeomic.com
cust57.cutsr.apps.dev.lifeomic.com
cust69.apps.dev.lifeomic.com
cust95.apps.dev.lifeomic.com
cutsr.apps.dev.lifeomic.com
cveapi.apps.wellness.dev.lifeomic.com
cveapi.lifeology.dev.lifeomic.com
danieapp.apps.wellness.dev.lifeomic.com
danieapp.lifeology.dev.lifeomic.com
db.apps.wellness.dev.lifeomic.com
db.lifeology.dev.lifeomic.com
dc.apps.wellness.dev.lifeomic.com
dc.lifeology.dev.lifeomic.com
de.apps.wellness.dev.lifeomic.com
de.lifeology.dev.lifeomic.com
demo.apps.wellness.dev.lifeomic.com
demo.lifeology.dev.lifeomic.com
dev.apps.wellness.dev.lifeomic.com
dev.lifeology.dev.lifeomic.com
dev.lifeomic.com
developers.dev.lifeomic.com
dnm.apps.wellness.dev.lifeomic.com
dnm.lifeology.dev.lifeomic.com
dns.apps.dev.lifeomic.com
dns.apps.wellness.dev.lifeomic.com
dns.lifeology.dev.lifeomic.com
dns1.apps.wellness.dev.lifeomic.com
dns1.lifeology.dev.lifeomic.com
dns2.apps.wellness.dev.lifeomic.com
dns2.lifeology.dev.lifeomic.com
docker-registry-external.dev.lifeomic.com
docker-registry-external.infra.lifeomic.com
docker.apps.wellness.dev.lifeomic.com
docker.lifeology.dev.lifeomic.com
docs.dev.lifeomic.com
dogfood-dev.apps.wellness.dev.lifeomic.com
dogfood-dev.lifeology.dev.lifeomic.com
download.apps.wellness.dev.lifeomic.com
download.lifeology.dev.lifeomic.com
dpm.apps.dev.lifeomic.com
dyn.apps.wellness.dev.lifeomic.com
dyn.lifeology.dev.lifeomic.com
edge.apps.wellness.dev.lifeomic.com
edge.lifeology.dev.lifeomic.com
eh.apps.dev.lifeomic.com
elastic.apps.wellness.dev.lifeomic.com
elastic.lifeology.dev.lifeomic.com
email.apps.wellness.dev.lifeomic.com
email.lifeology.dev.lifeomic.com
en.apps.wellness.dev.lifeomic.com
en.lifeology.dev.lifeomic.com
exchange.apps.wellness.dev.lifeomic.com
exchange.lifeology.dev.lifeomic.com
exp.apps.dev.lifeomic.com
fhir.dev.lifeomic.com
forum.apps.wellness.dev.lifeomic.com
forum.lifeology.dev.lifeomic.com
forums.apps.wellness.dev.lifeomic.com
forums.lifeology.dev.lifeomic.com
fst.apps.dev.lifeomic.com
ftp.apps.wellness.dev.lifeomic.com
ftp.lifeology.dev.lifeomic.com
fw.apps.wellness.dev.lifeomic.com
fw.lifeology.dev.lifeomic.com
ga.apps.wellness.dev.lifeomic.com
ga.lifeology.dev.lifeomic.com
ga4gh.dev.lifeomic.com
gac-rds-external-readonly-preprod.apps.wellness.dev.lifeomic.com
gac-rds-external-readonly-preprod.lifeology.dev.lifeomic.com
gac-rds-external-readonly.apps.wellness.dev.lifeomic.com
gac-rds-external-readonly.lifeology.dev.lifeomic.com
gcom-product-find-dev.apps.wellness.dev.lifeomic.com
gcom-product-find-dev.lifeology.dev.lifeomic.com
gcom-product-find-qa.apps.wellness.dev.lifeomic.com
gcom-product-find-qa.lifeology.dev.lifeomic.com
git.apps.wellness.dev.lifeomic.com
git.lifeology.dev.lifeomic.com
github.dev.lifeomic.com
gitlab.apps.wellness.dev.lifeomic.com
gitlab.lifeology.dev.lifeomic.com
global02.apps.dev.lifeomic.com
go.apps.wellness.dev.lifeomic.com
go.lifeology.dev.lifeomic.com
gui.apps.wellness.dev.lifeomic.com
gui.lifeology.dev.lifeomic.com
gw.apps.wellness.dev.lifeomic.com
gw.lifeology.dev.lifeomic.com
gws-api-sandbox.apps.wellness.dev.lifeomic.com
gws-api-sandbox.lifeology.dev.lifeomic.com
gws-dev.apps.wellness.dev.lifeomic.com
gws-dev.lifeology.dev.lifeomic.com
gws-qa.apps.wellness.dev.lifeomic.com
gws-qa.lifeology.dev.lifeomic.com
gws-rds-external-readonly-uat.apps.wellness.dev.lifeomic.com
gws-rds-external-readonly-uat.lifeology.dev.lifeomic.com
gws-uat.apps.wellness.dev.lifeomic.com
gws-uat.lifeology.dev.lifeomic.com
gws.apps.wellness.dev.lifeomic.com
gws.lifeology.dev.lifeomic.com
help.apps.wellness.dev.lifeomic.com
help.cutsr.apps.dev.lifeomic.com
help.lifeology.dev.lifeomic.com
home.apps.wellness.dev.lifeomic.com
home.lifeology.dev.lifeomic.com
host.apps.wellness.dev.lifeomic.com
host.lifeology.dev.lifeomic.com
hostmaster.apps.wellness.dev.lifeomic.com
hostmaster.lifeology.dev.lifeomic.com
httpbin.apps.wellness.dev.lifeomic.com
httpbin.lifeology.dev.lifeomic.com
iam.apps.wellness.dev.lifeomic.com
iam.lifeology.dev.lifeomic.com
images.apps.wellness.dev.lifeomic.com
images.lifeology.dev.lifeomic.com
imap.apps.wellness.dev.lifeomic.com
imap.lifeology.dev.lifeomic.com
img.apps.wellness.dev.lifeomic.com
img.lifeology.dev.lifeomic.com
inbound.apps.wellness.dev.lifeomic.com
inbound.lifeology.dev.lifeomic.com
info.apps.wellness.dev.lifeomic.com
info.lifeology.dev.lifeomic.com
infra.lifeomic.com
internal.dev.lifeomic.com
internal.infra.lifeomic.com
iota.help.cutsr.apps.dev.lifeomic.com
iowa.corpmail.help.cutsr.apps.dev.lifeomic.com
ip.apps.wellness.dev.lifeomic.com
ip.lifeology.dev.lifeomic.com
ipv6.apps.wellness.dev.lifeomic.com
ipv6.lifeology.dev.lifeomic.com
ireland.apps.dev.lifeomic.com
java.local.apps.dev.lifeomic.com
jenkins-dummy.infra.lifeomic.com
jenkins.infra.lifeomic.com
jih.srqp.wvutsr.apps.dev.lifeomic.com
job.apps.wellness.dev.lifeomic.com
job.lifeology.dev.lifeomic.com
jobs.apps.wellness.dev.lifeomic.com
jobs.lifeology.dev.lifeomic.com
k8s.apps.wellness.dev.lifeomic.com
k8s.lifeology.dev.lifeomic.com
knowledgemanagement.apps.wellness.dev.lifeomic.com
knowledgemanagement.lifeology.dev.lifeomic.com
ks-inventory-api.apps.wellness.dev.lifeomic.com
ks-inventory-api.lifeology.dev.lifeomic.com
ks-invoice-api.apps.wellness.dev.lifeomic.com
ks-invoice-api.lifeology.dev.lifeomic.com
ks-limits-api.apps.wellness.dev.lifeomic.com
ks-limits-api.lifeology.dev.lifeomic.com
ks-order-api.apps.wellness.dev.lifeomic.com
ks-order-api.lifeology.dev.lifeomic.com
ks-program-api.apps.wellness.dev.lifeomic.com
ks-program-api.lifeology.dev.lifeomic.com
ks-vendingtransactions-mq0.apps.wellness.dev.lifeomic.com
ks-vendingtransactions-mq0.lifeology.dev.lifeomic.com
ks-vendingtransactions-mq1.apps.wellness.dev.lifeomic.com
ks-vendingtransactions-mq1.lifeology.dev.lifeomic.com
ks-vendingtransactions-mq2.apps.wellness.dev.lifeomic.com
ks-vendingtransactions-mq2.lifeology.dev.lifeomic.com
ks-vendingtransactions-mq3.apps.wellness.dev.lifeomic.com
ks-vendingtransactions-mq3.lifeology.dev.lifeomic.com
ks-vendingtransactions-mq4.apps.wellness.dev.lifeomic.com
ks-vendingtransactions-mq4.lifeology.dev.lifeomic.com
kubernetes.apps.wellness.dev.lifeomic.com
kubernetes.lifeology.dev.lifeomic.com
lifeology.dev.lifeomic.com
lists.apps.wellness.dev.lifeomic.com
lists.lifeology.dev.lifeomic.com
liveupdate.apps.wellness.dev.lifeomic.com
liveupdate.lifeology.dev.lifeomic.com
local.apps.dev.lifeomic.com
localhost.apps.wellness.dev.lifeomic.com
localhost.lifeology.dev.lifeomic.com
login.apps.wellness.dev.lifeomic.com
login.lifeology.dev.lifeomic.com
ly.apps.dev.lifeomic.com
m.apps.wellness.dev.lifeomic.com
m.lifeology.dev.lifeomic.com
mail.apps.wellness.dev.lifeomic.com
mail.lifeology.dev.lifeomic.com
mail1.apps.wellness.dev.lifeomic.com
mail1.lifeology.dev.lifeomic.com
mail2.apps.wellness.dev.lifeomic.com
mail2.lifeology.dev.lifeomic.com
mailserver.apps.wellness.dev.lifeomic.com
mailserver.lifeology.dev.lifeomic.com
maint.dns.apps.dev.lifeomic.com
maint.wvutsr.apps.dev.lifeomic.com
marketplace.dev.lifeomic.com
mdm.apps.wellness.dev.lifeomic.com
mdm.lifeology.dev.lifeomic.com
media.apps.wellness.dev.lifeomic.com
media.lifeology.dev.lifeomic.com
merchandising-preview.apps.wellness.dev.lifeomic.com
merchandising-preview.lifeology.dev.lifeomic.com
metrics.apps.wellness.dev.lifeomic.com
metrics.lifeology.dev.lifeomic.com
michigan.wvutsr.apps.dev.lifeomic.com
ml.apps.wellness.dev.lifeomic.com
ml.lifeology.dev.lifeomic.com
mobile-rest.apps.wellness.dev.lifeomic.com
mobile-rest.lifeology.dev.lifeomic.com
mobile.apps.wellness.dev.lifeomic.com
mobile.lifeology.dev.lifeomic.com
mongo.apps.wellness.dev.lifeomic.com
mongo.lifeology.dev.lifeomic.com
mongodb.apps.wellness.dev.lifeomic.com
mongodb.lifeology.dev.lifeomic.com
mssql.apps.wellness.dev.lifeomic.com
mssql.lifeology.dev.lifeomic.com
mta-sts.apps.wellness.dev.lifeomic.com
mta-sts.lifeology.dev.lifeomic.com
mx.apps.wellness.dev.lifeomic.com
mx.lifeology.dev.lifeomic.com
mx01.apps.wellness.dev.lifeomic.com
mx01.lifeology.dev.lifeomic.com
mx1.apps.wellness.dev.lifeomic.com
mx1.lifeology.dev.lifeomic.com
mx2.apps.wellness.dev.lifeomic.com
mx2.lifeology.dev.lifeomic.com
mysql.apps.wellness.dev.lifeomic.com
mysql.lifeology.dev.lifeomic.com
new.apps.wellness.dev.lifeomic.com
new.lifeology.dev.lifeomic.com
newmexico.apps.dev.lifeomic.com
news.apps.wellness.dev.lifeomic.com
news.lifeology.dev.lifeomic.com
nginx-newest.apps.wellness.dev.lifeomic.com
nginx-newest.lifeology.dev.lifeomic.com
nginx-newest1.apps.wellness.dev.lifeomic.com
nginx-newest1.lifeology.dev.lifeomic.com
nginx.apps.wellness.dev.lifeomic.com
nginx.lifeology.dev.lifeomic.com
nodejs-dev.apps.wellness.dev.lifeomic.com
nodejs-dev.lifeology.dev.lifeomic.com
nodejs.apps.wellness.dev.lifeomic.com
nodejs.lifeology.dev.lifeomic.com
non-prod.apps.wellness.dev.lifeomic.com
non-prod.lifeology.dev.lifeomic.com
north.apps.dev.lifeomic.com
notebooks.dev.lifeomic.com
ns.apps.wellness.dev.lifeomic.com
ns.lifeology.dev.lifeomic.com
ns1.apps.wellness.dev.lifeomic.com
ns1.lifeology.dev.lifeomic.com
ns2.apps.wellness.dev.lifeomic.com
ns2.lifeology.dev.lifeomic.com
ns3.apps.wellness.dev.lifeomic.com
ns3.lifeology.dev.lifeomic.com
ns4.apps.wellness.dev.lifeomic.com
ns4.lifeology.dev.lifeomic.com
nu.apps.dev.lifeomic.com
office.apps.wellness.dev.lifeomic.com
office.lifeology.dev.lifeomic.com
okta.apps.wellness.dev.lifeomic.com
okta.lifeology.dev.lifeomic.com
old.apps.wellness.dev.lifeomic.com
old.lifeology.dev.lifeomic.com
ops-geo-brasil.lifeology.dev.lifeomic.com
orders.apps.wellness.dev.lifeomic.com
orders.lifeology.dev.lifeomic.com
org-db.lifeology.dev.lifeomic.com
outlook.apps.wellness.dev.lifeomic.com
outlook.lifeology.dev.lifeomic.com
owa.apps.wellness.dev.lifeomic.com
owa.lifeology.dev.lifeomic.com
pc32.relay.source.wvutsr.apps.dev.lifeomic.com
pc49.maint.wvutsr.apps.dev.lifeomic.com
pdc.pc32.relay.source.wvutsr.apps.dev.lifeomic.com
ph.corpmail.help.cutsr.apps.dev.lifeomic.com
pmp.dev.lifeomic.com
pop.apps.wellness.dev.lifeomic.com
pop.lifeology.dev.lifeomic.com
pop3.apps.wellness.dev.lifeomic.com
pop3.lifeology.dev.lifeomic.com
portal.apps.wellness.dev.lifeomic.com
portal.lifeology.dev.lifeomic.com
postmaster.apps.wellness.dev.lifeomic.com
postmaster.lifeology.dev.lifeomic.com
pre-prod.apps.wellness.dev.lifeomic.com
pre-prod.lifeology.dev.lifeomic.com
pre.apps.wellness.dev.lifeomic.com
pre.lifeology.dev.lifeomic.com
preview.apps.wellness.dev.lifeomic.com
preview.lifeology.dev.lifeomic.com
printer.sadmin.pc32.relay.source.wvutsr.apps.dev.lifeomic.com
privacy.1.athena.dns.apps.dev.lifeomic.com
products.ws.time.ws4.local.apps.dev.lifeomic.com
proxy.apps.wellness.dev.lifeomic.com
proxy.lifeology.dev.lifeomic.com
publishing-catalog.apps.wellness.dev.lifeomic.com
publishing-catalog.lifeology.dev.lifeomic.com
publishing-preview.apps.wellness.dev.lifeomic.com
publishing-preview.lifeology.dev.lifeomic.com
purple.athena.dns.apps.dev.lifeomic.com
read.ws.time.ws4.local.apps.dev.lifeomic.com
relay.source.wvutsr.apps.dev.lifeomic.com
remote.apps.wellness.dev.lifeomic.com
remote.lifeology.dev.lifeomic.com
retail.apps.wellness.dev.lifeomic.com
retail.lifeology.dev.lifeomic.com
root.apps.wellness.dev.lifeomic.com
root.lifeology.dev.lifeomic.com
rx.apps.wellness.dev.lifeomic.com
rx.lifeology.dev.lifeomic.com
sadmin.pc32.relay.source.wvutsr.apps.dev.lifeomic.com
saskatchewan.corpmail.help.cutsr.apps.dev.lifeomic.com
schedules.apps.dev.lifeomic.com
searchportal-dev.apps.wellness.dev.lifeomic.com
searchportal-dev.lifeology.dev.lifeomic.com
searchportal-qa.apps.wellness.dev.lifeomic.com
searchportal-qa.lifeology.dev.lifeomic.com
searchportal.apps.wellness.dev.lifeomic.com
searchportal.lifeology.dev.lifeomic.com
secure.apps.wellness.dev.lifeomic.com
secure.lifeology.dev.lifeomic.com
server.apps.wellness.dev.lifeomic.com
server.lifeology.dev.lifeomic.com
server1.apps.wellness.dev.lifeomic.com
server1.lifeology.dev.lifeomic.com
servers.apps.wellness.dev.lifeomic.com
servers.lifeology.dev.lifeomic.com
shop.apps.wellness.dev.lifeomic.com
shop.lifeology.dev.lifeomic.com
signin.apps.wellness.dev.lifeomic.com
signin.lifeology.dev.lifeomic.com
signup.apps.wellness.dev.lifeomic.com
signup.lifeology.dev.lifeomic.com
sip.apps.wellness.dev.lifeomic.com
sip.lifeology.dev.lifeomic.com
sitecore.apps.wellness.dev.lifeomic.com
sitecore.lifeology.dev.lifeomic.com
smtp.apps.wellness.dev.lifeomic.com
smtp.lifeology.dev.lifeomic.com
source.wvutsr.apps.dev.lifeomic.com
spf.apps.wellness.dev.lifeomic.com
spf.lifeology.dev.lifeomic.com
sql.apps.wellness.dev.lifeomic.com
sql.lifeology.dev.lifeomic.com
srqp.wvutsr.apps.dev.lifeomic.com
ssl.apps.wellness.dev.lifeomic.com
ssl.lifeology.dev.lifeomic.com
sslvpn.apps.wellness.dev.lifeomic.com
sslvpn.lifeology.dev.lifeomic.com
sso.apps.wellness.dev.lifeomic.com
sso.lifeology.dev.lifeomic.com
stage.apps.wellness.dev.lifeomic.com
stage.lifeology.dev.lifeomic.com
staging.apps.wellness.dev.lifeomic.com
staging.lifeology.dev.lifeomic.com
static.apps.wellness.dev.lifeomic.com
static.lifeology.dev.lifeomic.com
stats.apps.wellness.dev.lifeomic.com
stats.lifeology.dev.lifeomic.com
store.apps.wellness.dev.lifeomic.com
store.lifeology.dev.lifeomic.com
storybook.apps.wellness.dev.lifeomic.com
storybook.lifeology.dev.lifeomic.com
support.apps.wellness.dev.lifeomic.com
support.lifeology.dev.lifeomic.com
test.apps.wellness.dev.lifeomic.com
test.lifeology.dev.lifeomic.com
tienda.apps.dev.lifeomic.com
time.ws4.local.apps.dev.lifeomic.com
tls.apps.wellness.dev.lifeomic.com
tls.lifeology.dev.lifeomic.com
tools.apps.wellness.dev.lifeomic.com
tools.lifeology.dev.lifeomic.com
tx.apps.wellness.dev.lifeomic.com
tx.lifeology.dev.lifeomic.com
uk.apps.wellness.dev.lifeomic.com
uk.lifeology.dev.lifeomic.com
upload.apps.wellness.dev.lifeomic.com
upload.lifeology.dev.lifeomic.com
uppa.apps.dev.lifeomic.com
us-east-1.apps.wellness.dev.lifeomic.com
us-east-1.lifeology.dev.lifeomic.com
us-east.apps.wellness.dev.lifeomic.com
us-east.lifeology.dev.lifeomic.com
us.apps.dev.lifeomic.com
useast.apps.wellness.dev.lifeomic.com
useast.lifeology.dev.lifeomic.com
user-service.dev.lifeomic.com
user.apps.dev.lifeomic.com
uservices.apps.dev.lifeomic.com
vault.apps.wellness.dev.lifeomic.com
vault.lifeology.dev.lifeomic.com
vendor-api.apps.wellness.dev.lifeomic.com
vendor-api.lifeology.dev.lifeomic.com
vendor.apps.wellness.dev.lifeomic.com
vendor.lifeology.dev.lifeomic.com
vendors.apps.wellness.dev.lifeomic.com
vendors.lifeology.dev.lifeomic.com
video.apps.wellness.dev.lifeomic.com
video.lifeology.dev.lifeomic.com
videos.apps.wellness.dev.lifeomic.com
videos.lifeology.dev.lifeomic.com
view.apps.wellness.dev.lifeomic.com
view.lifeology.dev.lifeomic.com
voice.apps.wellness.dev.lifeomic.com
voice.lifeology.dev.lifeomic.com
vpn.apps.wellness.dev.lifeomic.com
vpn.dev.lifeomic.com
vpn.infra.lifeomic.com
vpn.lifeology.dev.lifeomic.com
wap.apps.wellness.dev.lifeomic.com
wap.lifeology.dev.lifeomic.com
web.apps.wellness.dev.lifeomic.com
web.lifeology.dev.lifeomic.com
webdisk.apps.wellness.dev.lifeomic.com
webdisk.lifeology.dev.lifeomic.com
webhook.apps.wellness.dev.lifeomic.com
webhook.lifeology.dev.lifeomic.com
webhooks-api.dev.lifeomic.com
webhooks.dev.lifeomic.com
webhooks.infra.lifeomic.com
webmail.apps.wellness.dev.lifeomic.com
webmail.lifeology.dev.lifeomic.com
webmaster.athena.dns.apps.dev.lifeomic.com
webstats.iota.help.cutsr.apps.dev.lifeomic.com
wellness.dev.lifeomic.com
wfm-service.apps.wellness.dev.lifeomic.com
wfm-service.lifeology.dev.lifeomic.com
whm.apps.wellness.dev.lifeomic.com
whm.lifeology.dev.lifeomic.com
whois.apps.wellness.dev.lifeomic.com
whois.lifeology.dev.lifeomic.com
wiki.apps.wellness.dev.lifeomic.com
wiki.lifeology.dev.lifeomic.com
wordpress.apps.wellness.dev.lifeomic.com
wordpress.lifeology.dev.lifeomic.com
wp.apps.wellness.dev.lifeomic.com
wp.lifeology.dev.lifeomic.com
ws.time.ws4.local.apps.dev.lifeomic.com
ws4.local.apps.dev.lifeomic.com
ws7.apps.dev.lifeomic.com
wvutsr.apps.dev.lifeomic.com
ww1.apps.wellness.dev.lifeomic.com
ww1.lifeology.dev.lifeomic.com
www.apps.wellness.dev.lifeomic.com
www.lifeology.dev.lifeomic.com
www1.apps.wellness.dev.lifeomic.com
www1.lifeology.dev.lifeomic.com
www2.apps.wellness.dev.lifeomic.com
www2.lifeology.dev.lifeomic.com
