alerts.starlinkisp.net
aws-fw-0.starlinkisp.net
bastion.starlinkisp.net
customer.den1.mc.starlinkisp.net
customer.den2.mc.starlinkisp.net
customer.dfw1.mc.starlinkisp.net
customer.dfw2.mc.starlinkisp.net
customer.fra1.mc.starlinkisp.net
customer.fra2.mc.starlinkisp.net
customer.iad1.mc.starlinkisp.net
customer.iad2.mc.starlinkisp.net
customer.iad3.mc.starlinkisp.net
customer.iad4.mc.starlinkisp.net
customer.lax.mc.starlinkisp.net
customer.lax1.mc.starlinkisp.net
customer.lax2.mc.starlinkisp.net
customer.lax3.mc.starlinkisp.net
customer.lax4.mc.starlinkisp.net
customer.lga1.mc.starlinkisp.net
customer.lga2.mc.starlinkisp.net
customer.lga3.mc.starlinkisp.net
customer.lga4.mc.starlinkisp.net
customer.lhr1.mc.starlinkisp.net
customer.lhr2.mc.starlinkisp.net
customer.lhr2.starlinkisp.net
customer.lhr3.mc.starlinkisp.net
customer.lhr4.mc.starlinkisp.net
customer.mad1.mc.starlinkisp.net
customer.mad2.mc.starlinkisp.net
customer.mc.starlinkisp.net
customer.mia1.mc.starlinkisp.net
customer.mia2.mc.starlinkisp.net
customer.ord1.mc.starlinkisp.net
customer.ord2.mc.starlinkisp.net
customer.ord3.mc.starlinkisp.net
customer.ord4.mc.starlinkisp.net
customer.reserved.mc.starlinkisp.net
customer.sea1.mc.starlinkisp.net
customer.sea2.mc.starlinkisp.net
customer.sea3.mc.starlinkisp.net
customer.sea4.mc.starlinkisp.net
customer.sea5.mc.starlinkisp.net
customer.sea6.mc.starlinkisp.net
customer.sjc1.mc.starlinkisp.net
customer.sjc2.mc.starlinkisp.net
customer.sjc3.mc.starlinkisp.net
customer.sjc4.mc.starlinkisp.net
customer.syd1.mc.starlinkisp.net
customer.syd2.starlinkisp.net
geoip.starlinkisp.net
git.starlinkisp.net
grafana-prom.starlinkisp.net
grafana.starlinkisp.net
host.starlinkisp.net
kafka01.starlinkisp.net
librenms.starlinkisp.net
my-test.starlinkisp.net
netbox.starlinkisp.net
nothingtoseehere.starlinkisp.net
ntop.starlinkisp.net
observium.starlinkisp.net
per-agg-0-oobmgmt.starlinkisp.net
per-agg-1-oobmgmt.starlinkisp.net
perftest.starlinkisp.net
perftest2.starlinkisp.net
perftest3.starlinkisp.net
prometheus.starlinkisp.net
sea-broadcast.starlinkisp.net
sea-cgnat-128.starlinkisp.net
sea-cgnat-129.starlinkisp.net
sea-cgnat-130.starlinkisp.net
sea-cgnat-131.starlinkisp.net
sea-cgnat-132.starlinkisp.net
sea-cgnat-133.starlinkisp.net
sea-cgnat-134.starlinkisp.net
sea-cgnat-135.starlinkisp.net
sea-cgnat-136.starlinkisp.net
sea-cgnat-137.starlinkisp.net
sea-cgnat-138.starlinkisp.net
sea-cgnat-139.starlinkisp.net
sea-cgnat-140.starlinkisp.net
sea-cgnat-141.starlinkisp.net
sea-cgnat-142.starlinkisp.net
sea-cgnat-143.starlinkisp.net
sea-cgnat-144.starlinkisp.net
sea-cgnat-145.starlinkisp.net
sea-cgnat-146.starlinkisp.net
sea-cgnat-147.starlinkisp.net
sea-cgnat-148.starlinkisp.net
sea-cgnat-149.starlinkisp.net
sea-cgnat-150.starlinkisp.net
sea-cgnat-151.starlinkisp.net
sea-cgnat-152.starlinkisp.net
sea-cgnat-153.starlinkisp.net
sea-cgnat-154.starlinkisp.net
sea-cgnat-155.starlinkisp.net
sea-cgnat-156.starlinkisp.net
sea-cgnat-157.starlinkisp.net
sea-cgnat-158.starlinkisp.net
sea-cgnat-159.starlinkisp.net
sea-cgnat-160.starlinkisp.net
sea-cgnat-161.starlinkisp.net
sea-cgnat-162.starlinkisp.net
sea-cgnat-163.starlinkisp.net
sea-cgnat-164.starlinkisp.net
sea-cgnat-165.starlinkisp.net
sea-cgnat-166.starlinkisp.net
sea-cgnat-167.starlinkisp.net
sea-cgnat-168.starlinkisp.net
sea-cgnat-169.starlinkisp.net
sea-cgnat-170.starlinkisp.net
sea-cgnat-171.starlinkisp.net
sea-cgnat-172.starlinkisp.net
sea-cgnat-173.starlinkisp.net
sea-cgnat-174.starlinkisp.net
sea-cgnat-175.starlinkisp.net
sea-cgnat-176.starlinkisp.net
sea-cgnat-177.starlinkisp.net
sea-cgnat-178.starlinkisp.net
sea-cgnat-179.starlinkisp.net
sea-cgnat-180.starlinkisp.net
sea-cgnat-181.starlinkisp.net
sea-cgnat-182.starlinkisp.net
sea-cgnat-183.starlinkisp.net
sea-cgnat-184.starlinkisp.net
sea-cgnat-185.starlinkisp.net
sea-cgnat-186.starlinkisp.net
sea-cgnat-187.starlinkisp.net
sea-cgnat-188.starlinkisp.net
sea-cgnat-189.starlinkisp.net
sea-cgnat-190.starlinkisp.net
sea-cgnat-191.starlinkisp.net
sea-cgnat-192.starlinkisp.net
sea-cgnat-193.starlinkisp.net
sea-cgnat-194.starlinkisp.net
sea-cgnat-195.starlinkisp.net
sea-cgnat-196.starlinkisp.net
sea-cgnat-197.starlinkisp.net
sea-cgnat-198.starlinkisp.net
sea-cgnat-199.starlinkisp.net
sea-cgnat-200.starlinkisp.net
sea-cgnat-201.starlinkisp.net
sea-cgnat-202.starlinkisp.net
sea-cgnat-203.starlinkisp.net
sea-cgnat-204.starlinkisp.net
sea-cgnat-205.starlinkisp.net
sea-cgnat-206.starlinkisp.net
sea-cgnat-207.starlinkisp.net
sea-cgnat-208.starlinkisp.net
sea-cgnat-209.starlinkisp.net
sea-cgnat-210.starlinkisp.net
sea-cgnat-211.starlinkisp.net
sea-cgnat-212.starlinkisp.net
sea-cgnat-213.starlinkisp.net
sea-cgnat-214.starlinkisp.net
sea-cgnat-215.starlinkisp.net
sea-cgnat-216.starlinkisp.net
sea-cgnat-217.starlinkisp.net
sea-cgnat-218.starlinkisp.net
sea-cgnat-219.starlinkisp.net
sea-cgnat-220.starlinkisp.net
sea-cgnat-221.starlinkisp.net
sea-cgnat-222.starlinkisp.net
sea-cgnat-223.starlinkisp.net
sea-cgnat-224.starlinkisp.net
sea-cgnat-225.starlinkisp.net
sea-cgnat-226.starlinkisp.net
sea-cgnat-227.starlinkisp.net
sea-cgnat-228.starlinkisp.net
sea-cgnat-229.starlinkisp.net
sea-cgnat-230.starlinkisp.net
sea-cgnat-231.starlinkisp.net
sea-cgnat-232.starlinkisp.net
sea-cgnat-233.starlinkisp.net
sea-cgnat-234.starlinkisp.net
sea-cgnat-235.starlinkisp.net
sea-cgnat-236.starlinkisp.net
sea-cgnat-237.starlinkisp.net
sea-cgnat-238.starlinkisp.net
sea-cgnat-239.starlinkisp.net
sea-cgnat-240.starlinkisp.net
sea-cgnat-241.starlinkisp.net
sea-cgnat-242.starlinkisp.net
sea-cgnat-243.starlinkisp.net
sea-cgnat-244.starlinkisp.net
sea-cgnat-245.starlinkisp.net
sea-cgnat-246.starlinkisp.net
sea-cgnat-247.starlinkisp.net
sea-cgnat-248.starlinkisp.net
sea-cgnat-249.starlinkisp.net
sea-cgnat-250.starlinkisp.net
sea-cgnat-251.starlinkisp.net
sea-cgnat-252.starlinkisp.net
sea-cgnat-253.starlinkisp.net
sea-cgnat-254.starlinkisp.net
sea-cgnat-255.starlinkisp.net
sea-edge-0.starlinkisp.net
sea-fw-0.starlinkisp.net
sea-net.starlinkisp.net
sea-six.starlinkisp.net
starlinkisp.net
sttlwadst1.starlinkisp.net
test-device.starlinkisp.net
v4-mtu9k-sea-six.starlinkisp.net
vpnserver.starlinkisp.net
www.geoip.starlinkisp.net
www.observium.starlinkisp.net
www.starlinkisp.net
ztp.starlinkisp.net
